Component: Arm Compiler for Embedded 6.18 Tool: armlink [5e4cc100]

==============================================================================

Section Cross References

    startup_stm32f103xb.o(STACK) refers (Special) to heapauxi.o(.text) for __use_two_region_memory
    startup_stm32f103xb.o(HEAP) refers (Special) to heapauxi.o(.text) for __use_two_region_memory
    startup_stm32f103xb.o(RESET) refers (Special) to heapauxi.o(.text) for __use_two_region_memory
    startup_stm32f103xb.o(RESET) refers to startup_stm32f103xb.o(STACK) for __initial_sp
    startup_stm32f103xb.o(RESET) refers to startup_stm32f103xb.o(.text) for Reset_Handler
    startup_stm32f103xb.o(RESET) refers to stm32f1xx_it.o(.text.NMI_Handler) for NMI_Handler
    startup_stm32f103xb.o(RESET) refers to stm32f1xx_it.o(.text.HardFault_Handler) for HardFault_Handler
    startup_stm32f103xb.o(RESET) refers to stm32f1xx_it.o(.text.MemManage_Handler) for MemManage_Handler
    startup_stm32f103xb.o(RESET) refers to stm32f1xx_it.o(.text.BusFault_Handler) for BusFault_Handler
    startup_stm32f103xb.o(RESET) refers to stm32f1xx_it.o(.text.UsageFault_Handler) for UsageFault_Handler
    startup_stm32f103xb.o(RESET) refers to stm32f1xx_it.o(.text.SVC_Handler) for SVC_Handler
    startup_stm32f103xb.o(RESET) refers to stm32f1xx_it.o(.text.DebugMon_Handler) for DebugMon_Handler
    startup_stm32f103xb.o(RESET) refers to stm32f1xx_it.o(.text.PendSV_Handler) for PendSV_Handler
    startup_stm32f103xb.o(RESET) refers to stm32f1xx_it.o(.text.SysTick_Handler) for SysTick_Handler
    startup_stm32f103xb.o(RESET) refers to stm32f1xx_it.o(.text.EXTI1_IRQHandler) for EXTI1_IRQHandler
    startup_stm32f103xb.o(RESET) refers to stm32f1xx_it.o(.text.EXTI2_IRQHandler) for EXTI2_IRQHandler
    startup_stm32f103xb.o(RESET) refers to stm32f1xx_it.o(.text.ADC1_2_IRQHandler) for ADC1_2_IRQHandler
    startup_stm32f103xb.o(RESET) refers to stm32f1xx_it.o(.text.USB_LP_CAN1_RX0_IRQHandler) for USB_LP_CAN1_RX0_IRQHandler
    startup_stm32f103xb.o(RESET) refers to stm32f1xx_it.o(.text.CAN1_RX1_IRQHandler) for CAN1_RX1_IRQHandler
    startup_stm32f103xb.o(RESET) refers to stm32f1xx_it.o(.text.EXTI9_5_IRQHandler) for EXTI9_5_IRQHandler
    startup_stm32f103xb.o(RESET) refers to stm32f1xx_it.o(.text.TIM3_IRQHandler) for TIM3_IRQHandler
    startup_stm32f103xb.o(.text) refers (Special) to heapauxi.o(.text) for __use_two_region_memory
    startup_stm32f103xb.o(.text) refers to system_stm32f1xx.o(.text.SystemInit) for SystemInit
    startup_stm32f103xb.o(.text) refers to __main.o(!!!main) for __main
    startup_stm32f103xb.o(.text) refers to startup_stm32f103xb.o(HEAP) for Heap_Mem
    startup_stm32f103xb.o(.text) refers to startup_stm32f103xb.o(STACK) for Stack_Mem
    clcd_i2c.o(.text.CLCD_I2C_Init) refers to stm32f1xx_hal.o(.text.HAL_Delay) for HAL_Delay
    clcd_i2c.o(.text.CLCD_I2C_Init) refers to stm32f1xx_hal_i2c.o(.text.HAL_I2C_Master_Transmit) for HAL_I2C_Master_Transmit
    clcd_i2c.o(.ARM.exidx.text.CLCD_I2C_Init) refers to clcd_i2c.o(.text.CLCD_I2C_Init) for [Anonymous Symbol]
    clcd_i2c.o(.text.CLCD_I2C_SetCursor) refers to stm32f1xx_hal.o(.text.HAL_Delay) for HAL_Delay
    clcd_i2c.o(.text.CLCD_I2C_SetCursor) refers to stm32f1xx_hal_i2c.o(.text.HAL_I2C_Master_Transmit) for HAL_I2C_Master_Transmit
    clcd_i2c.o(.ARM.exidx.text.CLCD_I2C_SetCursor) refers to clcd_i2c.o(.text.CLCD_I2C_SetCursor) for [Anonymous Symbol]
    clcd_i2c.o(.text.CLCD_I2C_WriteChar) refers to stm32f1xx_hal.o(.text.HAL_Delay) for HAL_Delay
    clcd_i2c.o(.text.CLCD_I2C_WriteChar) refers to stm32f1xx_hal_i2c.o(.text.HAL_I2C_Master_Transmit) for HAL_I2C_Master_Transmit
    clcd_i2c.o(.ARM.exidx.text.CLCD_I2C_WriteChar) refers to clcd_i2c.o(.text.CLCD_I2C_WriteChar) for [Anonymous Symbol]
    clcd_i2c.o(.text.CLCD_I2C_WriteString) refers to stm32f1xx_hal.o(.text.HAL_Delay) for HAL_Delay
    clcd_i2c.o(.text.CLCD_I2C_WriteString) refers to stm32f1xx_hal_i2c.o(.text.HAL_I2C_Master_Transmit) for HAL_I2C_Master_Transmit
    clcd_i2c.o(.ARM.exidx.text.CLCD_I2C_WriteString) refers to clcd_i2c.o(.text.CLCD_I2C_WriteString) for [Anonymous Symbol]
    clcd_i2c.o(.text.CLCD_I2C_Clear) refers to stm32f1xx_hal.o(.text.HAL_Delay) for HAL_Delay
    clcd_i2c.o(.text.CLCD_I2C_Clear) refers to stm32f1xx_hal_i2c.o(.text.HAL_I2C_Master_Transmit) for HAL_I2C_Master_Transmit
    clcd_i2c.o(.ARM.exidx.text.CLCD_I2C_Clear) refers to clcd_i2c.o(.text.CLCD_I2C_Clear) for [Anonymous Symbol]
    clcd_i2c.o(.text.CLCD_I2C_ReturnHome) refers to stm32f1xx_hal.o(.text.HAL_Delay) for HAL_Delay
    clcd_i2c.o(.text.CLCD_I2C_ReturnHome) refers to stm32f1xx_hal_i2c.o(.text.HAL_I2C_Master_Transmit) for HAL_I2C_Master_Transmit
    clcd_i2c.o(.ARM.exidx.text.CLCD_I2C_ReturnHome) refers to clcd_i2c.o(.text.CLCD_I2C_ReturnHome) for [Anonymous Symbol]
    clcd_i2c.o(.text.CLCD_I2C_CursorOn) refers to stm32f1xx_hal.o(.text.HAL_Delay) for HAL_Delay
[...]
    .text                                    0x080001f4   Section       74  sys_stackheap_outer.o(.text)
    .text                                    0x0800023e   Section        0  exit.o(.text)
    .text                                    0x08000250   Section        0  sys_exit.o(.text)
    .text                                    0x0800025c   Section        2  use_no_semi.o(.text)
    .text                                    0x0800025e   Section        0  indicate_semi.o(.text)
    [Anonymous Symbol]                       0x08000260   Section        0  stm32f1xx_it.o(.text.ADC1_2_IRQHandler)
    [Anonymous Symbol]                       0x0800026c   Section        0  stm32f1xx_hal_adc.o(.text.ADC_Enable)
    [Anonymous Symbol]                       0x08000324   Section        0  stm32f1xx_it.o(.text.BusFault_Handler)
    [Anonymous Symbol]                       0x08000328   Section        0  stm32f1xx_it.o(.text.CAN1_RX1_IRQHandler)
    [Anonymous Symbol]                       0x08000334   Section        0  clcd_i2c.o(.text.CLCD_I2C_Init)
    [Anonymous Symbol]                       0x08000604   Section        0  stm32f1xx_it.o(.text.DebugMon_Handler)
    [Anonymous Symbol]                       0x08000608   Section        0  stm32f1xx_it.o(.text.EXTI1_IRQHandler)
    [Anonymous Symbol]                       0x08000610   Section        0  stm32f1xx_it.o(.text.EXTI2_IRQHandler)
    [Anonymous Symbol]                       0x08000618   Section        0  stm32f1xx_it.o(.text.EXTI9_5_IRQHandler)
    [Anonymous Symbol]                       0x08000620   Section        0  stm32f1xx_hal_adc_ex.o(.text.HAL_ADCEx_InjectedConvCpltCallback)
    [Anonymous Symbol]                       0x08000624   Section        0  stm32f1xx_hal_adc.o(.text.HAL_ADC_ConfigChannel)
    [Anonymous Symbol]                       0x080007b8   Section        0  stm32f1xx_hal_adc.o(.text.HAL_ADC_ConvCpltCallback)
    [Anonymous Symbol]                       0x080007bc   Section        0  stm32f1xx_hal_adc.o(.text.HAL_ADC_GetValue)
    [Anonymous Symbol]                       0x080007c4   Section        0  stm32f1xx_hal_adc.o(.text.HAL_ADC_IRQHandler)
    [Anonymous Symbol]                       0x080008b4   Section        0  stm32f1xx_hal_adc.o(.text.HAL_ADC_Init)
    [Anonymous Symbol]                       0x08000a10   Section        0  stm32f1xx_hal_adc.o(.text.HAL_ADC_LevelOutOfWindowCallback)
    [Anonymous Symbol]                       0x08000a14   Section        0  stm32f1xx_hal_msp.o(.text.HAL_ADC_MspInit)
    [Anonymous Symbol]                       0x08000a88   Section        0  stm32f1xx_hal_adc.o(.text.HAL_ADC_Start)
    [Anonymous Symbol]                       0x08000b54   Section        0  stm32f1xx_hal_can.o(.text.HAL_CAN_ActivateNotification)
    [Anonymous Symbol]                       0x08000b84   Section        0  stm32f1xx_hal_can.o(.text.HAL_CAN_ConfigFilter)
    [Anonymous Symbol]                       0x08000c70   Section        0  stm32f1xx_hal_can.o(.text.HAL_CAN_ErrorCallback)
    [Anonymous Symbol]                       0x08000c74   Section        0  stm32f1xx_hal_can.o(.text.HAL_CAN_GetRxMessage)
    [Anonymous Symbol]                       0x08000da8   Section        0  stm32f1xx_hal_can.o(.text.HAL_CAN_IRQHandler)
    [Anonymous Symbol]                       0x08001008   Section        0  stm32f1xx_hal_can.o(.text.HAL_CAN_Init)
    [Anonymous Symbol]                       0x080010fc   Section        0  stm32f1xx_hal_msp.o(.text.HAL_CAN_MspInit)
    [Anonymous Symbol]                       0x08001198   Section        0  stm32f1xx_hal_can.o(.text.HAL_CAN_RxFifo0FullCallback)
    [Anonymous Symbol]                       0x0800119c   Section        0  main.o(.text.HAL_CAN_RxFifo0MsgPendingCallback)
    [Anonymous Symbol]                       0x080011d8   Section        0  stm32f1xx_hal_can.o(.text.HAL_CAN_RxFifo1FullCallback)
    [Anonymous Symbol]                       0x080011dc   Section        0  stm32f1xx_hal_can.o(.text.HAL_CAN_RxFifo1MsgPendingCallback)
    [Anonymous Symbol]                       0x080011e0   Section        0  stm32f1xx_hal_can.o(.text.HAL_CAN_SleepCallback)
    [Anonymous Symbol]                       0x080011e4   Section        0  stm32f1xx_hal_can.o(.text.HAL_CAN_Start)
    [Anonymous Symbol]                       0x08001240   Section        0  stm32f1xx_hal_can.o(.text.HAL_CAN_TxMailbox0AbortCallback)
    [Anonymous Symbol]                       0x08001244   Section        0  stm32f1xx_hal_can.o(.text.HAL_CAN_TxMailbox0CompleteCallback)
    [Anonymous Symbol]                       0x08001248   Section        0  stm32f1xx_hal_can.o(.text.HAL_CAN_TxMailbox1AbortCallback)
    [Anonymous Symbol]                       0x0800124c   Section        0  stm32f1xx_hal_can.o(.text.HAL_CAN_TxMailbox1CompleteCallback)
    [Anonymous Symbol]                       0x08001250   Section        0  stm32f1xx_hal_can.o(.text.HAL_CAN_TxMailbox2AbortCallback)
    [Anonymous Symbol]                       0x08001254   Section        0  stm32f1xx_hal_can.o(.text.HAL_CAN_TxMailbox2CompleteCallback)
    [Anonymous Symbol]                       0x08001258   Section        0  stm32f1xx_hal_can.o(.text.HAL_CAN_WakeUpFromRxMsgCallback)
    [Anonymous Symbol]                       0x0800125c   Section        0  stm32f1xx_hal.o(.text.HAL_Delay)
    [Anonymous Symbol]                       0x08001284   Section        0  main.o(.text.HAL_GPIO_EXTI_Callback)
    [Anonymous Symbol]                       0x080012e0   Section        0  stm32f1xx_hal_gpio.o(.text.HAL_GPIO_EXTI_IRQHandler)
    [Anonymous Symbol]                       0x080012f8   Section        0  stm32f1xx_hal_gpio.o(.text.HAL_GPIO_Init)
    [Anonymous Symbol]                       0x0800150c   Section        0  stm32f1xx_hal_gpio.o(.text.HAL_GPIO_ReadPin)
    [Anonymous Symbol]                       0x08001518   Section        0  stm32f1xx_hal_gpio.o(.text.HAL_GPIO_TogglePin)
    [Anonymous Symbol]                       0x08001528   Section        0  stm32f1xx_hal_gpio.o(.text.HAL_GPIO_WritePin)
    [Anonymous Symbol]                       0x08001534   Section        0  stm32f1xx_hal.o(.text.HAL_GetTick)
    [Anonymous Symbol]                       0x08001540   Section        0  stm32f1xx_hal_i2c.o(.text.HAL_I2C_Init)
    [Anonymous Symbol]                       0x080016b8   Section        0  stm32f1xx_hal_i2c.o(.text.HAL_I2C_Master_Transmit)
    [Anonymous Symbol]                       0x0800188c   Section        0  stm32f1xx_hal_i2c.o(.text.HAL_I2C_Mem_Read)
    [Anonymous Symbol]                       0x08001bd8   Section        0  stm32f1xx_hal_i2c.o(.text.HAL_I2C_Mem_Write)
    [Anonymous Symbol]                       0x08001d30   Section        0  stm32f1xx_hal_msp.o(.text.HAL_I2C_MspInit)
    [Anonymous Symbol]                       0x08001d94   Section        0  stm32f1xx_hal.o(.text.HAL_IncTick)
    [Anonymous Symbol]                       0x08001db0   Section        0  stm32f1xx_hal.o(.text.HAL_Init)
    [Anonymous Symbol]                       0x08001dd8   Section        0  stm32f1xx_hal.o(.text.HAL_InitTick)
    [Anonymous Symbol]                       0x08001e20   Section        0  stm32f1xx_hal_msp.o(.text.HAL_MspInit)
    [Anonymous Symbol]                       0x08001e64   Section        0  stm32f1xx_hal_cortex.o(.text.HAL_NVIC_EnableIRQ)
    [Anonymous Symbol]                       0x08001e84   Section        0  stm32f1xx_hal_cortex.o(.text.HAL_NVIC_SetPriority)
    [Anonymous Symbol]                       0x08001edc   Section        0  stm32f1xx_hal_cortex.o(.text.HAL_NVIC_SetPriorityGrouping)
    [Anonymous Symbol]                       0x08001efc   Section        0  stm32f1xx_hal_rcc_ex.o(.text.HAL_RCCEx_PeriphCLKConfig)
    [Anonymous Symbol]                       0x08002008   Section        0  stm32f1xx_hal_rcc.o(.text.HAL_RCC_ClockConfig)
    [Anonymous Symbol]                       0x080021c8   Section        0  stm32f1xx_hal_rcc.o(.text.HAL_RCC_GetPCLK1Freq)
    [Anonymous Symbol]                       0x080021f0   Section        0  stm32f1xx_hal_rcc.o(.text.HAL_RCC_OscConfig)
    [Anonymous Symbol]                       0x080025a4   Section        0  stm32f1xx_hal_cortex.o(.text.HAL_SYSTICK_Config)
    [Anonymous Symbol]                       0x080025d0   Section        0  stm32f1xx_hal_tim_ex.o(.text.HAL_TIMEx_BreakCallback)
    [Anonymous Symbol]                       0x080025d4   Section        0  stm32f1xx_hal_tim_ex.o(.text.HAL_TIMEx_CommutCallback)
    [Anonymous Symbol]                       0x080025d8   Section        0  stm32f1xx_hal_tim_ex.o(.text.HAL_TIMEx_MasterConfigSynchronization)
    [Anonymous Symbol]                       0x08002654   Section        0  stm32f1xx_hal_tim.o(.text.HAL_TIM_Base_Init)
    [Anonymous Symbol]                       0x08002740   Section        0  stm32f1xx_hal_msp.o(.text.HAL_TIM_Base_MspInit)
    [Anonymous Symbol]                       0x080027ac   Section        0  stm32f1xx_hal_tim.o(.text.HAL_TIM_Base_Start)
    [Anonymous Symbol]                       0x08002814   Section        0  stm32f1xx_hal_tim.o(.text.HAL_TIM_ConfigClockSource)
    [Anonymous Symbol]                       0x080029b0   Section        0  stm32f1xx_hal_tim.o(.text.HAL_TIM_IC_CaptureCallback)
    [Anonymous Symbol]                       0x080029b4   Section        0  stm32f1xx_hal_tim.o(.text.HAL_TIM_IRQHandler)
    [Anonymous Symbol]                       0x08002b24   Section        0  stm32f1xx_hal_msp.o(.text.HAL_TIM_MspPostInit)
    [Anonymous Symbol]                       0x08002b74   Section        0  stm32f1xx_hal_tim.o(.text.HAL_TIM_OC_DelayElapsedCallback)
    [Anonymous Symbol]                       0x08002b78   Section        0  stm32f1xx_hal_tim.o(.text.HAL_TIM_PWM_ConfigChannel)
    [Anonymous Symbol]                       0x08002d7c   Section        0  stm32f1xx_hal_tim.o(.text.HAL_TIM_PWM_Init)
    [Anonymous Symbol]                       0x08002e68   Section        0  stm32f1xx_hal_tim.o(.text.HAL_TIM_PWM_MspInit)
    [Anonymous Symbol]                       0x08002e6c   Section        0  stm32f1xx_hal_tim.o(.text.HAL_TIM_PWM_PulseFinishedCallback)
    [Anonymous Symbol]                       0x08002e70   Section        0  stm32f1xx_hal_tim.o(.text.HAL_TIM_PWM_Start)
    [Anonymous Symbol]                       0x08002f50   Section        0  stm32f1xx_hal_tim.o(.text.HAL_TIM_PeriodElapsedCallback)
    [Anonymous Symbol]                       0x08002f54   Section        0  stm32f1xx_hal_tim.o(.text.HAL_TIM_TriggerCallback)
    [Anonymous Symbol]                       0x08002f58   Section        0  stm32f1xx_it.o(.text.HardFault_Handler)
    I2C_RequestMemoryRead                    0x08002f5d   Thumb Code   280  stm32f1xx_hal_i2c.o(.text.I2C_RequestMemoryRead)
    [Anonymous Symbol]                       0x08002f5c   Section        0  stm32f1xx_hal_i2c.o(.text.I2C_RequestMemoryRead)
    I2C_RequestMemoryWrite                   0x08003075   Thumb Code   200  stm32f1xx_hal_i2c.o(.text.I2C_RequestMemoryWrite)
    [Anonymous Symbol]                       0x08003074   Section        0  stm32f1xx_hal_i2c.o(.text.I2C_RequestMemoryWrite)
    I2C_WaitOnBTFFlagUntilTimeout            0x0800313d   Thumb Code   190  stm32f1xx_hal_i2c.o(.text.I2C_WaitOnBTFFlagUntilTimeout)
    [Anonymous Symbol]                       0x0800313c   Section        0  stm32f1xx_hal_i2c.o(.text.I2C_WaitOnBTFFlagUntilTimeout)
    I2C_WaitOnFlagUntilTimeout               0x080031fd   Thumb Code   466  stm32f1xx_hal_i2c.o(.text.I2C_WaitOnFlagUntilTimeout)
    [Anonymous Symbol]                       0x080031fc   Section        0  stm32f1xx_hal_i2c.o(.text.I2C_WaitOnFlagUntilTimeout)
    I2C_WaitOnMasterAddressFlagUntilTimeout  0x080033d1   Thumb Code   224  stm32f1xx_hal_i2c.o(.text.I2C_WaitOnMasterAddressFlagUntilTimeout)
    [Anonymous Symbol]                       0x080033d0   Section        0  stm32f1xx_hal_i2c.o(.text.I2C_WaitOnMasterAddressFlagUntilTimeout)
    I2C_WaitOnRXNEFlagUntilTimeout           0x080034b1   Thumb Code   144  stm32f1xx_hal_i2c.o(.text.I2C_WaitOnRXNEFlagUntilTimeout)
    [Anonymous Symbol]                       0x080034b0   Section        0  stm32f1xx_hal_i2c.o(.text.I2C_WaitOnRXNEFlagUntilTimeout)
    I2C_WaitOnTXEFlagUntilTimeout            0x08003541   Thumb Code   190  stm32f1xx_hal_i2c.o(.text.I2C_WaitOnTXEFlagUntilTimeout)
    [Anonymous Symbol]                       0x08003540   Section        0  stm32f1xx_hal_i2c.o(.text.I2C_WaitOnTXEFlagUntilTimeout)
    [Anonymous Symbol]                       0x08003600   Section        0  mpu6050.o(.text.MPU6050_Init)
    [Anonymous Symbol]                       0x080036c4   Section        0  mpu6050.o(.text.MPU6050_Read_All)
    [Anonymous Symbol]                       0x08003d50   Section        0  stm32f1xx_it.o(.text.MemManage_Handler)
    [Anonymous Symbol]                       0x08003d54   Section        0  stm32f1xx_it.o(.text.NMI_Handler)
    [Anonymous Symbol]                       0x08003d58   Section        0  stm32f1xx_it.o(.text.PendSV_Handler)
    [Anonymous Symbol]                       0x08003d5c   Section        0  stm32f1xx_it.o(.text.SVC_Handler)
    [Anonymous Symbol]                       0x08003d60   Section        0  stm32f1xx_it.o(.text.SysTick_Handler)
    [Anonymous Symbol]                       0x08003d64   Section        0  system_stm32f1xx.o(.text.SystemInit)
    [Anonymous Symbol]                       0x08003d68   Section        0  stm32f1xx_it.o(.text.TIM3_IRQHandler)
    [Anonymous Symbol]                       0x08003d74   Section        0  stm32f1xx_it.o(.text.USB_LP_CAN1_RX0_IRQHandler)
    [Anonymous Symbol]                       0x08003d80   Section        0  stm32f1xx_it.o(.text.UsageFault_Handler)
    [Anonymous Symbol]                       0x08003d84   Section        0  main.o(.text.main)
    i.__ARM_fpclassify                       0x0800450c   Section        0  fpclassify.o(i.__ARM_fpclassify)
    i.__kernel_poly                          0x08004534   Section        0  poly.o(i.__kernel_poly)
    i.__mathlib_dbl_infnan                   0x080045de   Section        0  dunder.o(i.__mathlib_dbl_infnan)
    i.__mathlib_dbl_infnan2                  0x080045e4   Section        0  dunder.o(i.__mathlib_dbl_infnan2)
    i.__mathlib_dbl_underflow                0x080045e8   Section        0  dunder.o(i.__mathlib_dbl_underflow)
    i.atan                                   0x080045f8   Section        0  atan.o(i.atan)
    i.atan2                                  0x08004818   Section        0  atan2.o(i.atan2)
    i.sqrt                                   0x080049b4   Section        0  sqrt.o(i.sqrt)
    x$fpl$d2f                                0x08004a00   Section       98  d2f.o(x$fpl$d2f)
    x$fpl$dadd                               0x08004a64   Section      336  daddsub_clz.o(x$fpl$dadd)
    _dadd1                                   0x08004a75   Thumb Code     0  daddsub_clz.o(x$fpl$dadd)
    x$fpl$dcheck1                            0x08004bb4   Section       16  dcheck1.o(x$fpl$dcheck1)
    x$fpl$dcmpinf                            0x08004bc4   Section       24  dcmpi.o(x$fpl$dcmpinf)
    x$fpl$ddiv                               0x08004bdc   Section      692  ddiv.o(x$fpl$ddiv)
    ddiv_entry                               0x08004be3   Thumb Code     0  ddiv.o(x$fpl$ddiv)
    x$fpl$deqf                               0x08004e90   Section      120  deqf.o(x$fpl$deqf)
    x$fpl$dfix                               0x08004f08   Section       94  dfix.o(x$fpl$dfix)
    x$fpl$dflt                               0x08004f66   Section       46  dflt_clz.o(x$fpl$dflt)
    x$fpl$dfltu                              0x08004f94   Section       38  dflt_clz.o(x$fpl$dfltu)
    x$fpl$dgeqf                              0x08004fbc   Section      120  dgeqf.o(x$fpl$dgeqf)
    x$fpl$dleqf                              0x08005034   Section      120  dleqf.o(x$fpl$dleqf)
    x$fpl$dmul                               0x080050ac   Section      340  dmul.o(x$fpl$dmul)
    x$fpl$dnaninf                            0x08005200   Section      156  dnaninf.o(x$fpl$dnaninf)
    x$fpl$dretinf                            0x0800529c   Section       12  dretinf.o(x$fpl$dretinf)
    x$fpl$drsb                               0x080052a8   Section       22  daddsub_clz.o(x$fpl$drsb)
    x$fpl$dsqrt                              0x080052c0   Section      460  dsqrt_noumaal.o(x$fpl$dsqrt)
    x$fpl$dsub                               0x0800548c   Section      476  daddsub_clz.o(x$fpl$dsub)
    _dsub1                                   0x0800549d   Thumb Code     0  daddsub_clz.o(x$fpl$dsub)
    x$fpl$fadd                               0x08005668   Section      196  faddsub_clz.o(x$fpl$fadd)
    _fadd1                                   0x08005677   Thumb Code     0  faddsub_clz.o(x$fpl$fadd)
    x$fpl$fcmp                               0x0800572c   Section       84  dcmp.o(x$fpl$fcmp)
    _fdiv1                                   0x08005781   Thumb Code     0  fdiv.o(x$fpl$fdiv)
    x$fpl$fdiv                               0x08005780   Section      388  fdiv.o(x$fpl$fdiv)
    x$fpl$ffix                               0x08005904   Section       54  ffix.o(x$fpl$ffix)
    x$fpl$fflt                               0x0800593c   Section       48  fflt_clz.o(x$fpl$fflt)
    x$fpl$fmul                               0x0800596c   Section      258  fmul.o(x$fpl$fmul)
    x$fpl$fnaninf                            0x08005a6e   Section      140  fnaninf.o(x$fpl$fnaninf)
    x$fpl$fretinf                            0x08005afa   Section       10  fretinf.o(x$fpl$fretinf)
    x$fpl$fsub                               0x08005b04   Section      234  faddsub_clz.o(x$fpl$fsub)
    _fsub1                                   0x08005b13   Thumb Code     0  faddsub_clz.o(x$fpl$fsub)
    x$fpl$retnan                             0x08005bee   Section      100  retnan.o(x$fpl$retnan)
    x$fpl$scalbn                             0x08005c52   Section       92  scalbn.o(x$fpl$scalbn)
    x$fpl$trapveneer                         0x08005cae   Section       48  trapv.o(x$fpl$trapveneer)
    x$fpl$usenofp                            0x08005cde   Section        0  usenofp.o(x$fpl$usenofp)
    atanhi                                   0x08005ce0   Data          32  atan.o(.constdata)
    .constdata                               0x08005ce0   Section      152  atan.o(.constdata)
    atanlo                                   0x08005d00   Data          32  atan.o(.constdata)
    aTodd                                    0x08005d20   Data          40  atan.o(.constdata)
    aTeven                                   0x08005d48   Data          48  atan.o(.constdata)
    .constdata                               0x08005d78   Section        8  qnan.o(.constdata)
    HAL_RCC_GetSysClockFreq.aPredivFactorTable 0x08005d98   Data           2  stm32f1xx_hal_rcc.o(.rodata.HAL_RCC_GetSysClockFreq.aPredivFactorTable)
    [Anonymous Symbol]                       0x08005d98   Section        0  stm32f1xx_hal_rcc.o(.rodata.HAL_RCC_GetSysClockFreq.aPredivFactorTable)
    HAL_RCC_GetSysClockFreq.aPLLMULFactorTable 0x08005d9a   Data          16  stm32f1xx_hal_rcc.o(.rodata.cst16)
    [Anonymous Symbol]                       0x08005d9a   Section        0  stm32f1xx_hal_rcc.o(.rodata.cst16)
    .L_MergedGlobals                         0x20000000   Data           8  stm32f1xx_hal.o(.data..L_MergedGlobals)
    [Anonymous Symbol]                       0x20000000   Section        0  stm32f1xx_hal.o(.data..L_MergedGlobals)
    .bss                                     0x200000a0   Section       96  libspace.o(.bss)
    .L_MergedGlobals                         0x20000100   Data          32  mpu6050.o(.bss..L_MergedGlobals)
    [Anonymous Symbol]                       0x20000100   Section        0  mpu6050.o(.bss..L_MergedGlobals)
    .L_MergedGlobals                         0x20000120   Data         108  main.o(.bss..L_MergedGlobals)
    [Anonymous Symbol]                       0x20000120   Section        0  main.o(.bss..L_MergedGlobals)
    .L_MergedGlobals.1                       0x2000018c   Data          88  main.o(.bss..L_MergedGlobals.1)
    [Anonymous Symbol]                       0x2000018c   Section        0  main.o(.bss..L_MergedGlobals.1)
    Heap_Mem                                 0x20000328   Data         512  startup_stm32f103xb.o(HEAP)
    HEAP                                     0x20000328   Section      512  startup_stm32f103xb.o(HEAP)
    Stack_Mem                                0x20000528   Data        1024  startup_stm32f103xb.o(STACK)
    STACK                                    0x20000528   Section     1024  startup_stm32f103xb.o(STACK)
    __initial_sp                             0x20000928   Data           0  startup_stm32f103xb.o(STACK)

    Global Symbols

    Symbol Name                              Value     Ov Type        Size  Object(Section)

    BuildAttributes$$THM_ISAv4$P$D$K$B$S$PE$A:L22UL41UL21$X:L11$S22US41US21$IEEE1$IW$~IW$USESV6$~STKCKD$USESV7$~SHL$OTIME$ROPI$IEEEX$EBA8$UX$STANDARDLIB$REQ8$PRES8$EABIv2 0x00000000   Number         0  anon$$obj.o ABSOLUTE
    __fp_init_empty                          0x00000000   Number         0  fpinit_empty.o ABSOLUTE
    __ARM_exceptions_init                     - Undefined Weak Reference
    __alloca_initialize                       - Undefined Weak Reference
    __arm_preinit_                            - Undefined Weak Reference
    __arm_relocate_pie_                       - Undefined Weak Reference
    __cpp_initialize__aeabi_                  - Undefined Weak Reference
    __cxa_finalize                            - Undefined Weak Reference
    __rt_locale                               - Undefined Weak Reference
    __sigvec_lookup                           - Undefined Weak Reference
    _atexit_init                              - Undefined Weak Reference
    _call_atexit_fns                          - Undefined Weak Reference
    _clock_init                               - Undefined Weak Reference
    _fp_trap_init                             - Undefined Weak Reference
    _fp_trap_shutdown                         - Undefined Weak Reference
    _get_lc_collate                           - Undefined Weak Reference
    _get_lc_ctype                             - Undefined Weak Reference
    _get_lc_monetary                          - Undefined Weak Reference
    _get_lc_numeric                           - Undefined Weak Reference
    _get_lc_time                              - Undefined Weak Reference
    _getenv_init                              - Undefined Weak Reference
    _handle_redirection                       - Undefined Weak Reference
    _init_alloc                               - Undefined Weak Reference
    _init_user_alloc                          - Undefined Weak Reference
    _initio                                   - Undefined Weak Reference
    _rand_init                                - Undefined Weak Reference
    _signal_finish                            - Undefined Weak Reference
    _signal_init                              - Undefined Weak Reference
    _terminate_alloc                          - Undefined Weak Reference
    _terminate_user_alloc                     - Undefined Weak Reference
    _terminateio                              - Undefined Weak Reference
    __Vectors_Size                           0x000000ec   Number         0  startup_stm32f103xb.o ABSOLUTE
    __Vectors                                0x08000000   Data           4  startup_stm32f103xb.o(RESET)
    __Vectors_End                            0x080000ec   Data           0  startup_stm32f103xb.o(RESET)
    __main                                   0x080000ed   Thumb Code     8  __main.o(!!!main)
    __scatterload                            0x080000f5   Thumb Code     0  __scatter.o(!!!scatter)
    __scatterload_rt2                        0x080000f5   Thumb Code    44  __scatter.o(!!!scatter)
    __scatterload_rt2_thumb_only             0x080000f5   Thumb Code     0  __scatter.o(!!!scatter)
    __scatterload_null                       0x08000103   Thumb Code     0  __scatter.o(!!!scatter)
    __scatterload_copy                       0x08000129   Thumb Code    26  __scatter_copy.o(!!handler_copy)
    __scatterload_zeroinit                   0x08000145   Thumb Code    28  __scatter_zi.o(!!handler_zi)
    __rt_lib_init                            0x08000161   Thumb Code     0  libinit.o(.ARM.Collect$$libinit$$00000000)
    __rt_lib_init_alloca_1                   0x08000163   Thumb Code     0  libinit2.o(.ARM.Collect$$libinit$$00000030)
    __rt_lib_init_argv_1                     0x08000163   Thumb Code     0  libinit2.o(.ARM.Collect$$libinit$$0000002E)
    __rt_lib_init_atexit_1                   0x08000163   Thumb Code     0  libinit2.o(.ARM.Collect$$libinit$$0000001D)
    __rt_lib_init_clock_1                    0x08000163   Thumb Code     0  libinit2.o(.ARM.Collect$$libinit$$00000023)
    __rt_lib_init_cpp_1                      0x08000163   Thumb Code     0  libinit2.o(.ARM.Collect$$libinit$$00000034)
    __rt_lib_init_exceptions_1               0x08000163   Thumb Code     0  libinit2.o(.ARM.Collect$$libinit$$00000032)
    __rt_lib_init_fp_1                       0x08000163   Thumb Code     0  libinit2.o(.ARM.Collect$$libinit$$00000002)
    __rt_lib_init_fp_trap_1                  0x08000163   Thumb Code     0  libinit2.o(.ARM.Collect$$libinit$$00000021)
    __rt_lib_init_getenv_1                   0x08000163   Thumb Code     0  libinit2.o(.ARM.Collect$$libinit$$00000025)
    __rt_lib_init_heap_1                     0x08000163   Thumb Code     0  libinit2.o(.ARM.Collect$$libinit$$0000000C)
    __rt_lib_init_lc_collate_1               0x08000163   Thumb Code     0  libinit2.o(.ARM.Collect$$libinit$$00000013)
    __rt_lib_init_lc_ctype_1                 0x08000163   Thumb Code     0  libinit2.o(.ARM.Collect$$libinit$$00000015)
    __rt_lib_init_lc_monetary_1              0x08000163   Thumb Code     0  libinit2.o(.ARM.Collect$$libinit$$00000017)
    __rt_lib_init_lc_numeric_1               0x08000163   Thumb Code     0  libinit2.o(.ARM.Collect$$libinit$$00000019)
    __rt_lib_init_lc_time_1                  0x08000163   Thumb Code     0  libinit2.o(.ARM.Collect$$libinit$$0000001B)
    __rt_lib_init_preinit_1                  0x08000163   Thumb Code     0  libinit2.o(.ARM.Collect$$libinit$$00000006)
    __rt_lib_init_rand_1                     0x08000163   Thumb Code     0  libinit2.o(.ARM.Collect$$libinit$$00000010)
    __rt_lib_init_relocate_pie_1             0x08000163   Thumb Code     0  libinit2.o(.ARM.Collect$$libinit$$00000004)
    __rt_lib_init_return                     0x08000163   Thumb Code     0  libinit2.o(.ARM.Collect$$libinit$$00000035)
    __rt_lib_init_signal_1                   0x08000163   Thumb Code     0  libinit2.o(.ARM.Collect$$libinit$$0000001F)
    __rt_lib_init_stdio_1                    0x08000163   Thumb Code     0  libinit2.o(.ARM.Collect$$libinit$$00000027)
    __rt_lib_init_user_alloc_1               0x08000163   Thumb Code     0  libinit2.o(.ARM.Collect$$libinit$$0000000E)
    __rt_lib_shutdown                        0x08000165   Thumb Code     0  libshutdown.o(.ARM.Collect$$libshutdown$$00000000)
    __rt_lib_shutdown_cpp_1                  0x08000167   Thumb Code     0  libshutdown2.o(.ARM.Collect$$libshutdown$$00000002)
    __rt_lib_shutdown_fp_trap_1              0x08000167   Thumb Code     0  libshutdown2.o(.ARM.Collect$$libshutdown$$00000007)
    __rt_lib_shutdown_heap_1                 0x08000167   Thumb Code     0  libshutdown2.o(.ARM.Collect$$libshutdown$$0000000F)
    __rt_lib_shutdown_return                 0x08000167   Thumb Code     0  libshutdown2.o(.ARM.Collect$$libshutdown$$00000010)
    __rt_lib_shutdown_signal_1               0x08000167   Thumb Code     0  libshutdown2.o(.ARM.Collect$$libshutdown$$0000000A)
    __rt_lib_shutdown_stdio_1                0x08000167   Thumb Code     0  libshutdown2.o(.ARM.Collect$$libshutdown$$00000004)
    __rt_lib_shutdown_user_alloc_1           0x08000167   Thumb Code     0  libshutdown2.o(.ARM.Collect$$libshutdown$$0000000C)
    __rt_entry                               0x08000169   Thumb Code     0  __rtentry.o(.ARM.Collect$$rtentry$$00000000)
    __rt_entry_presh_1                       0x08000169   Thumb Code     0  __rtentry2.o(.ARM.Collect$$rtentry$$00000002)
    __rt_entry_sh                            0x08000169   Thumb Code     0  __rtentry4.o(.ARM.Collect$$rtentry$$00000004)
    __rt_entry_li                            0x0800016f   Thumb Code     0  __rtentry2.o(.ARM.Collect$$rtentry$$0000000A)
    __rt_entry_postsh_1                      0x0800016f   Thumb Code     0  __rtentry2.o(.ARM.Collect$$rtentry$$00000009)
    __rt_entry_main                          0x08000173   Thumb Code     0  __rtentry2.o(.ARM.Collect$$rtentry$$0000000D)
    __rt_entry_postli_1                      0x08000173   Thumb Code     0  __rtentry2.o(.ARM.Collect$$rtentry$$0000000C)
    __rt_exit                                0x0800017b   Thumb Code     0  rtexit.o(.ARM.Collect$$rtexit$$00000000)
    __rt_exit_ls                             0x0800017d   Thumb Code     0  rtexit2.o(.ARM.Collect$$rtexit$$00000003)
    __rt_exit_prels_1                        0x0800017d   Thumb Code     0  rtexit2.o(.ARM.Collect$$rtexit$$00000002)
    __rt_exit_exit                           0x08000181   Thumb Code     0  rtexit2.o(.ARM.Collect$$rtexit$$00000004)
    Reset_Handler                            0x08000189   Thumb Code     8  startup_stm32f103xb.o(.text)
    CAN1_SCE_IRQHandler                      0x080001a3   Thumb Code     0  startup_stm32f103xb.o(.text)
    DMA1_Channel1_IRQHandler                 0x080001a3   Thumb Code     0  startup_stm32f103xb.o(.text)
    DMA1_Channel2_IRQHandler                 0x080001a3   Thumb Code     0  startup_stm32f103xb.o(.text)
    DMA1_Channel3_IRQHandler                 0x080001a3   Thumb Code     0  startup_stm32f103xb.o(.text)
    DMA1_Channel4_IRQHandler                 0x080001a3   Thumb Code     0  startup_stm32f103xb.o(.text)
    DMA1_Channel5_IRQHandler                 0x080001a3   Thumb Code     0  startup_stm32f103xb.o(.text)
    DMA1_Channel6_IRQHandler                 0x080001a3   Thumb Code     0  startup_stm32f103xb.o(.text)
    DMA1_Channel7_IRQHandler                 0x080001a3   Thumb Code     0  startup_stm32f103xb.o(.text)
    EXTI0_IRQHandler                         0x080001a3   Thumb Code     0  startup_stm32f103xb.o(.text)
    EXTI15_10_IRQHandler                     0x080001a3   Thumb Code     0  startup_stm32f103xb.o(.text)
    EXTI3_IRQHandler                         0x080001a3   Thumb Code     0  startup_stm32f103xb.o(.text)
    EXTI4_IRQHandler                         0x080001a3   Thumb Code     0  startup_stm32f103xb.o(.text)
    FLASH_IRQHandler                         0x080001a3   Thumb Code     0  startup_stm32f103xb.o(.text)
    I2C1_ER_IRQHandler                       0x080001a3   Thumb Code     0  startup_stm32f103xb.o(.text)
    I2C1_EV_IRQHandler                       0x080001a3   Thumb Code     0  startup_stm32f103xb.o(.text)
    I2C2_ER_IRQHandler                       0x080001a3   Thumb Code     0  startup_stm32f103xb.o(.text)
    I2C2_EV_IRQHandler                       0x080001a3   Thumb Code     0  startup_stm32f103xb.o(.text)
    PVD_IRQHandler                           0x080001a3   Thumb Code     0  startup_stm32f103xb.o(.text)
    RCC_IRQHandler                           0x080001a3   Thumb Code     0  startup_stm32f103xb.o(.text)
    RTC_Alarm_IRQHandler                     0x080001a3   Thumb Code     0  startup_stm32f103xb.o(.text)
    RTC_IRQHandler                           0x080001a3   Thumb Code     0  startup_stm32f103xb.o(.text)
    SPI1_IRQHandler                          0x080001a3   Thumb Code     0  startup_stm32f103xb.o(.text)
    SPI2_IRQHandler                          0x080001a3   Thumb Code     0  startup_stm32f103xb.o(.text)
    TAMPER_IRQHandler                        0x080001a3   Thumb Code     0  startup_stm32f103xb.o(.text)
    TIM1_BRK_IRQHandler                      0x080001a3   Thumb Code     0  startup_stm32f103xb.o(.text)
    TIM1_CC_IRQHandler                       0x080001a3   Thumb Code     0  startup_stm32f103xb.o(.text)
    TIM1_TRG_COM_IRQHandler                  0x080001a3   Thumb Code     0  startup_stm32f103xb.o(.text)
    TIM1_UP_IRQHandler                       0x080001a3   Thumb Code     0  startup_stm32f103xb.o(.text)
    TIM2_IRQHandler                          0x080001a3   Thumb Code     0  startup_stm32f103xb.o(.text)
    TIM4_IRQHandler                          0x080001a3   Thumb Code     0  startup_stm32f103xb.o(.text)
    USART1_IRQHandler                        0x080001a3   Thumb Code     0  startup_stm32f103xb.o(.text)
    USART2_IRQHandler                        0x080001a3   Thumb Code     0  startup_stm32f103xb.o(.text)
    USART3_IRQHandler                        0x080001a3   Thumb Code     0  startup_stm32f103xb.o(.text)
    USBWakeUp_IRQHandler                     0x080001a3   Thumb Code     0  startup_stm32f103xb.o(.text)
    USB_HP_CAN1_TX_IRQHandler                0x080001a3   Thumb Code     0  startup_stm32f103xb.o(.text)
    WWDG_IRQHandler                          0x080001a3   Thumb Code     0  startup_stm32f103xb.o(.text)
    __user_initial_stackheap                 0x080001a5   Thumb Code     0  startup_stm32f103xb.o(.text)
    __use_two_region_memory                  0x080001c9   Thumb Code     2  heapauxi.o(.text)
    __rt_heap_escrow$2region                 0x080001cb   Thumb Code     2  heapauxi.o(.text)
    __rt_heap_expand$2region                 0x080001cd   Thumb Code     2  heapauxi.o(.text)
    __read_errno                             0x080001cf   Thumb Code    10  _rserrno.o(.text)
    __set_errno                              0x080001d9   Thumb Code    12  _rserrno.o(.text)
    __aeabi_errno_addr                       0x080001e5   Thumb Code     8  rt_errno_addr_intlibspace.o(.text)
    __errno$intlibspace                      0x080001e5   Thumb Code     0  rt_errno_addr_intlibspace.o(.text)
    __rt_errno_addr$intlibspace              0x080001e5   Thumb Code     0  rt_errno_addr_intlibspace.o(.text)
    __user_libspace                          0x080001ed   Thumb Code     8  libspace.o(.text)
    __user_perproc_libspace                  0x080001ed   Thumb Code     0  libspace.o(.text)
    __user_perthread_libspace                0x080001ed   Thumb Code     0  libspace.o(.text)
    __user_setup_stackheap                   0x080001f5   Thumb Code    74  sys_stackheap_outer.o(.text)
    exit                                     0x0800023f   Thumb Code    18  exit.o(.text)
    _sys_exit                                0x08000251   Thumb Code     8  sys_exit.o(.text)
    __I$use$semihosting                      0x0800025d   Thumb Code     0  use_no_semi.o(.text)
    __use_no_semihosting_swi                 0x0800025d   Thumb Code     2  use_no_semi.o(.text)
    __semihosting_library_function           0x0800025f   Thumb Code     0  indicate_semi.o(.text)
    ADC1_2_IRQHandler                        0x08000261   Thumb Code    12  stm32f1xx_it.o(.text.ADC1_2_IRQHandler)
    ADC_Enable                               0x0800026d   Thumb Code   182  stm32f1xx_hal_adc.o(.text.ADC_Enable)
    BusFault_Handler                         0x08000325   Thumb Code     2  stm32f1xx_it.o(.text.BusFault_Handler)
    CAN1_RX1_IRQHandler                      0x08000329   Thumb Code    12  stm32f1xx_it.o(.text.CAN1_RX1_IRQHandler)
    CLCD_I2C_Init                            0x08000335   Thumb Code   720  clcd_i2c.o(.text.CLCD_I2C_Init)
    DebugMon_Handler                         0x08000605   Thumb Code     2  stm32f1xx_it.o(.text.DebugMon_Handler)
    EXTI1_IRQHandler                         0x08000609   Thumb Code     6  stm32f1xx_it.o(.text.EXTI1_IRQHandler)
    EXTI2_IRQHandler                         0x08000611   Thumb Code     6  stm32f1xx_it.o(.text.EXTI2_IRQHandler)
    EXTI9_5_IRQHandler                       0x08000619   Thumb Code     6  stm32f1xx_it.o(.text.EXTI9_5_IRQHandler)
    HAL_ADCEx_InjectedConvCpltCallback       0x08000621   Thumb Code     2  stm32f1xx_hal_adc_ex.o(.text.HAL_ADCEx_InjectedConvCpltCallback)
    HAL_ADC_ConfigChannel                    0x08000625   Thumb Code   404  stm32f1xx_hal_adc.o(.text.HAL_ADC_ConfigChannel)
    HAL_ADC_ConvCpltCallback                 0x080007b9   Thumb Code     2  stm32f1xx_hal_adc.o(.text.HAL_ADC_ConvCpltCallback)
    HAL_ADC_GetValue                         0x080007bd   Thumb Code     6  stm32f1xx_hal_adc.o(.text.HAL_ADC_GetValue)
    HAL_ADC_IRQHandler                       0x080007c5   Thumb Code   238  stm32f1xx_hal_adc.o(.text.HAL_ADC_IRQHandler)
    HAL_ADC_Init                             0x080008b5   Thumb Code   348  stm32f1xx_hal_adc.o(.text.HAL_ADC_Init)
    HAL_ADC_LevelOutOfWindowCallback         0x08000a11   Thumb Code     2  stm32f1xx_hal_adc.o(.text.HAL_ADC_LevelOutOfWindowCallback)
    HAL_ADC_MspInit                          0x08000a15   Thumb Code   114  stm32f1xx_hal_msp.o(.text.HAL_ADC_MspInit)
    HAL_ADC_Start                            0x08000a89   Thumb Code   204  stm32f1xx_hal_adc.o(.text.HAL_ADC_Start)
    HAL_CAN_ActivateNotification             0x08000b55   Thumb Code    46  stm32f1xx_hal_can.o(.text.HAL_CAN_ActivateNotification)
    HAL_CAN_ConfigFilter                     0x08000b85   Thumb Code   234  stm32f1xx_hal_can.o(.text.HAL_CAN_ConfigFilter)
    HAL_CAN_ErrorCallback                    0x08000c71   Thumb Code     2  stm32f1xx_hal_can.o(.text.HAL_CAN_ErrorCallback)
    HAL_CAN_GetRxMessage                     0x08000c75   Thumb Code   308  stm32f1xx_hal_can.o(.text.HAL_CAN_GetRxMessage)
    HAL_CAN_IRQHandler                       0x08000da9   Thumb Code   606  stm32f1xx_hal_can.o(.text.HAL_CAN_IRQHandler)
    HAL_CAN_Init                             0x08001009   Thumb Code   244  stm32f1xx_hal_can.o(.text.HAL_CAN_Init)
    HAL_CAN_MspInit                          0x080010fd   Thumb Code   154  stm32f1xx_hal_msp.o(.text.HAL_CAN_MspInit)
    HAL_CAN_RxFifo0FullCallback              0x08001199   Thumb Code     2  stm32f1xx_hal_can.o(.text.HAL_CAN_RxFifo0FullCallback)
    HAL_CAN_RxFifo0MsgPendingCallback        0x0800119d   Thumb Code    60  main.o(.text.HAL_CAN_RxFifo0MsgPendingCallback)
    HAL_CAN_RxFifo1FullCallback              0x080011d9   Thumb Code     2  stm32f1xx_hal_can.o(.text.HAL_CAN_RxFifo1FullCallback)
    HAL_CAN_RxFifo1MsgPendingCallback        0x080011dd   Thumb Code     2  stm32f1xx_hal_can.o(.text.HAL_CAN_RxFifo1MsgPendingCallback)
    HAL_CAN_SleepCallback                    0x080011e1   Thumb Code     2  stm32f1xx_hal_can.o(.text.HAL_CAN_SleepCallback)
    HAL_CAN_Start                            0x080011e5   Thumb Code    90  stm32f1xx_hal_can.o(.text.HAL_CAN_Start)
    HAL_CAN_TxMailbox0AbortCallback          0x08001241   Thumb Code     2  stm32f1xx_hal_can.o(.text.HAL_CAN_TxMailbox0AbortCallback)
    HAL_CAN_TxMailbox0CompleteCallback       0x08001245   Thumb Code     2  stm32f1xx_hal_can.o(.text.HAL_CAN_TxMailbox0CompleteCallback)
    HAL_CAN_TxMailbox1AbortCallback          0x08001249   Thumb Code     2  stm32f1xx_hal_can.o(.text.HAL_CAN_TxMailbox1AbortCallback)
    HAL_CAN_TxMailbox1CompleteCallback       0x0800124d   Thumb Code     2  stm32f1xx_hal_can.o(.text.HAL_CAN_TxMailbox1CompleteCallback)
    HAL_CAN_TxMailbox2AbortCallback          0x08001251   Thumb Code     2  stm32f1xx_hal_can.o(.text.HAL_CAN_TxMailbox2AbortCallback)
    HAL_CAN_TxMailbox2CompleteCallback       0x08001255   Thumb Code     2  stm32f1xx_hal_can.o(.text.HAL_CAN_TxMailbox2CompleteCallback)
    HAL_CAN_WakeUpFromRxMsgCallback          0x08001259   Thumb Code     2  stm32f1xx_hal_can.o(.text.HAL_CAN_WakeUpFromRxMsgCallback)
    HAL_Delay                                0x0800125d   Thumb Code    40  stm32f1xx_hal.o(.text.HAL_Delay)
    HAL_GPIO_EXTI_Callback                   0x08001285   Thumb Code    90  main.o(.text.HAL_GPIO_EXTI_Callback)
    HAL_GPIO_EXTI_IRQHandler                 0x080012e1   Thumb Code    22  stm32f1xx_hal_gpio.o(.text.HAL_GPIO_EXTI_IRQHandler)
    HAL_GPIO_Init                            0x080012f9   Thumb Code   530  stm32f1xx_hal_gpio.o(.text.HAL_GPIO_Init)
    HAL_GPIO_ReadPin                         0x0800150d   Thumb Code    10  stm32f1xx_hal_gpio.o(.text.HAL_GPIO_ReadPin)
    HAL_GPIO_TogglePin                       0x08001519   Thumb Code    16  stm32f1xx_hal_gpio.o(.text.HAL_GPIO_TogglePin)
    HAL_GPIO_WritePin                        0x08001529   Thumb Code    10  stm32f1xx_hal_gpio.o(.text.HAL_GPIO_WritePin)
    HAL_GetTick                              0x08001535   Thumb Code    12  stm32f1xx_hal.o(.text.HAL_GetTick)
    HAL_I2C_Init                             0x08001541   Thumb Code   374  stm32f1xx_hal_i2c.o(.text.HAL_I2C_Init)
    HAL_I2C_Master_Transmit                  0x080016b9   Thumb Code   468  stm32f1xx_hal_i2c.o(.text.HAL_I2C_Master_Transmit)
    HAL_I2C_Mem_Read                         0x0800188d   Thumb Code   842  stm32f1xx_hal_i2c.o(.text.HAL_I2C_Mem_Read)
    HAL_I2C_Mem_Write                        0x08001bd9   Thumb Code   344  stm32f1xx_hal_i2c.o(.text.HAL_I2C_Mem_Write)
    HAL_I2C_MspInit                          0x08001d31   Thumb Code    98  stm32f1xx_hal_msp.o(.text.HAL_I2C_MspInit)
    HAL_IncTick                              0x08001d95   Thumb Code    26  stm32f1xx_hal.o(.text.HAL_IncTick)
    HAL_Init                                 0x08001db1   Thumb Code    38  stm32f1xx_hal.o(.text.HAL_Init)
    HAL_InitTick                             0x08001dd9   Thumb Code    72  stm32f1xx_hal.o(.text.HAL_InitTick)
    HAL_MspInit                              0x08001e21   Thumb Code    66  stm32f1xx_hal_msp.o(.text.HAL_MspInit)
    HAL_NVIC_EnableIRQ                       0x08001e65   Thumb Code    32  stm32f1xx_hal_cortex.o(.text.HAL_NVIC_EnableIRQ)
    HAL_NVIC_SetPriority                     0x08001e85   Thumb Code    86  stm32f1xx_hal_cortex.o(.text.HAL_NVIC_SetPriority)
    HAL_NVIC_SetPriorityGrouping             0x08001edd   Thumb Code    32  stm32f1xx_hal_cortex.o(.text.HAL_NVIC_SetPriorityGrouping)
    HAL_RCCEx_PeriphCLKConfig                0x08001efd   Thumb Code   266  stm32f1xx_hal_rcc_ex.o(.text.HAL_RCCEx_PeriphCLKConfig)
    HAL_RCC_ClockConfig                      0x08002009   Thumb Code   446  stm32f1xx_hal_rcc.o(.text.HAL_RCC_ClockConfig)
    HAL_RCC_GetPCLK1Freq                     0x080021c9   Thumb Code    38  stm32f1xx_hal_rcc.o(.text.HAL_RCC_GetPCLK1Freq)
    HAL_RCC_OscConfig                        0x080021f1   Thumb Code   948  stm32f1xx_hal_rcc.o(.text.HAL_RCC_OscConfig)
    HAL_SYSTICK_Config                       0x080025a5   Thumb Code    44  stm32f1xx_hal_cortex.o(.text.HAL_SYSTICK_Config)
    HAL_TIMEx_BreakCallback                  0x080025d1   Thumb Code     2  stm32f1xx_hal_tim_ex.o(.text.HAL_TIMEx_BreakCallback)
    HAL_TIMEx_CommutCallback                 0x080025d5   Thumb Code     2  stm32f1xx_hal_tim_ex.o(.text.HAL_TIMEx_CommutCallback)
    HAL_TIMEx_MasterConfigSynchronization    0x080025d9   Thumb Code   122  stm32f1xx_hal_tim_ex.o(.text.HAL_TIMEx_MasterConfigSynchronization)
    HAL_TIM_Base_Init                        0x08002655   Thumb Code   236  stm32f1xx_hal_tim.o(.text.HAL_TIM_Base_Init)
    HAL_TIM_Base_MspInit                     0x08002741   Thumb Code   108  stm32f1xx_hal_msp.o(.text.HAL_TIM_Base_MspInit)
    HAL_TIM_Base_Start                       0x080027ad   Thumb Code   102  stm32f1xx_hal_tim.o(.text.HAL_TIM_Base_Start)
    HAL_TIM_ConfigClockSource                0x08002815   Thumb Code   412  stm32f1xx_hal_tim.o(.text.HAL_TIM_ConfigClockSource)
    HAL_TIM_IC_CaptureCallback               0x080029b1   Thumb Code     2  stm32f1xx_hal_tim.o(.text.HAL_TIM_IC_CaptureCallback)
    HAL_TIM_IRQHandler                       0x080029b5   Thumb Code   368  stm32f1xx_hal_tim.o(.text.HAL_TIM_IRQHandler)
    HAL_TIM_MspPostInit                      0x08002b25   Thumb Code    78  stm32f1xx_hal_msp.o(.text.HAL_TIM_MspPostInit)
    HAL_TIM_OC_DelayElapsedCallback          0x08002b75   Thumb Code     2  stm32f1xx_hal_tim.o(.text.HAL_TIM_OC_DelayElapsedCallback)
    HAL_TIM_PWM_ConfigChannel                0x08002b79   Thumb Code   516  stm32f1xx_hal_tim.o(.text.HAL_TIM_PWM_ConfigChannel)
    HAL_TIM_PWM_Init                         0x08002d7d   Thumb Code   236  stm32f1xx_hal_tim.o(.text.HAL_TIM_PWM_Init)
    HAL_TIM_PWM_MspInit                      0x08002e69   Thumb Code     2  stm32f1xx_hal_tim.o(.text.HAL_TIM_PWM_MspInit)
    HAL_TIM_PWM_PulseFinishedCallback        0x08002e6d   Thumb Code     2  stm32f1xx_hal_tim.o(.text.HAL_TIM_PWM_PulseFinishedCallback)
    HAL_TIM_PWM_Start                        0x08002e71   Thumb Code   222  stm32f1xx_hal_tim.o(.text.HAL_TIM_PWM_Start)
    HAL_TIM_PeriodElapsedCallback            0x08002f51   Thumb Code     2  stm32f1xx_hal_tim.o(.text.HAL_TIM_PeriodElapsedCallback)
    HAL_TIM_TriggerCallback                  0x08002f55   Thumb Code     2  stm32f1xx_hal_tim.o(.text.HAL_TIM_TriggerCallback)
    HardFault_Handler                        0x08002f59   Thumb Code     2  stm32f1xx_it.o(.text.HardFault_Handler)
    MPU6050_Init                             0x08003601   Thumb Code   196  mpu6050.o(.text.MPU6050_Init)
    MPU6050_Read_All                         0x080036c5   Thumb Code  1676  mpu6050.o(.text.MPU6050_Read_All)
    MemManage_Handler                        0x08003d51   Thumb Code     2  stm32f1xx_it.o(.text.MemManage_Handler)
    NMI_Handler                              0x08003d55   Thumb Code     2  stm32f1xx_it.o(.text.NMI_Handler)
    PendSV_Handler                           0x08003d59   Thumb Code     2  stm32f1xx_it.o(.text.PendSV_Handler)
    SVC_Handler                              0x08003d5d   Thumb Code     2  stm32f1xx_it.o(.text.SVC_Handler)
    SysTick_Handler                          0x08003d61   Thumb Code     4  stm32f1xx_it.o(.text.SysTick_Handler)
    SystemInit                               0x08003d65   Thumb Code     2  system_stm32f1xx.o(.text.SystemInit)
    TIM3_IRQHandler                          0x08003d69   Thumb Code    12  stm32f1xx_it.o(.text.TIM3_IRQHandler)
    USB_LP_CAN1_RX0_IRQHandler               0x08003d75   Thumb Code    12  stm32f1xx_it.o(.text.USB_LP_CAN1_RX0_IRQHandler)
    UsageFault_Handler                       0x08003d81   Thumb Code     2  stm32f1xx_it.o(.text.UsageFault_Handler)
    main                                     0x08003d85   Thumb Code  1928  main.o(.text.main)
    __ARM_fpclassify                         0x0800450d   Thumb Code    40  fpclassify.o(i.__ARM_fpclassify)
    __kernel_poly                            0x08004535   Thumb Code   170  poly.o(i.__kernel_poly)
    __mathlib_dbl_infnan                     0x080045df   Thumb Code     6  dunder.o(i.__mathlib_dbl_infnan)
    __mathlib_dbl_infnan2                    0x080045e5   Thumb Code     4  dunder.o(i.__mathlib_dbl_infnan2)
    __mathlib_dbl_underflow                  0x080045e9   Thumb Code    10  dunder.o(i.__mathlib_dbl_underflow)
    atan                                     0x080045f9   Thumb Code   474  atan.o(i.atan)
    atan2                                    0x08004819   Thumb Code   374  atan2.o(i.atan2)
    sqrt                                     0x080049b5   Thumb Code    76  sqrt.o(i.sqrt)
    __aeabi_d2f                              0x08004a01   Thumb Code     0  d2f.o(x$fpl$d2f)
    _d2f                                     0x08004a01   Thumb Code    98  d2f.o(x$fpl$d2f)
    __aeabi_dadd                             0x08004a65   Thumb Code     0  daddsub_clz.o(x$fpl$dadd)
    _dadd                                    0x08004a65   Thumb Code   332  daddsub_clz.o(x$fpl$dadd)
    __fpl_dcheck_NaN1                        0x08004bb5   Thumb Code    10  dcheck1.o(x$fpl$dcheck1)
    __fpl_dcmp_Inf                           0x08004bc5   Thumb Code    24  dcmpi.o(x$fpl$dcmpinf)
    __aeabi_ddiv                             0x08004bdd   Thumb Code     0  ddiv.o(x$fpl$ddiv)
    _ddiv                                    0x08004bdd   Thumb Code   556  ddiv.o(x$fpl$ddiv)
    __aeabi_cdcmpeq                          0x08004e91   Thumb Code     0  deqf.o(x$fpl$deqf)
    _dcmpeq                                  0x08004e91   Thumb Code   120  deqf.o(x$fpl$deqf)
    __aeabi_d2iz                             0x08004f09   Thumb Code     0  dfix.o(x$fpl$dfix)
    _dfix                                    0x08004f09   Thumb Code    94  dfix.o(x$fpl$dfix)
    __aeabi_i2d                              0x08004f67   Thumb Code     0  dflt_clz.o(x$fpl$dflt)
    _dflt                                    0x08004f67   Thumb Code    46  dflt_clz.o(x$fpl$dflt)
    __aeabi_ui2d                             0x08004f95   Thumb Code     0  dflt_clz.o(x$fpl$dfltu)
    _dfltu                                   0x08004f95   Thumb Code    38  dflt_clz.o(x$fpl$dfltu)
    __aeabi_cdcmpge                          0x08004fbd   Thumb Code     0  dgeqf.o(x$fpl$dgeqf)
    _dcmpge                                  0x08004fbd   Thumb Code   120  dgeqf.o(x$fpl$dgeqf)
    __aeabi_cdcmple                          0x08005035   Thumb Code     0  dleqf.o(x$fpl$dleqf)
    _dcmple                                  0x08005035   Thumb Code   120  dleqf.o(x$fpl$dleqf)
    __fpl_dcmple_InfNaN                      0x08005097   Thumb Code     0  dleqf.o(x$fpl$dleqf)
    __aeabi_dmul                             0x080050ad   Thumb Code     0  dmul.o(x$fpl$dmul)
    _dmul                                    0x080050ad   Thumb Code   332  dmul.o(x$fpl$dmul)
    __fpl_dnaninf                            0x08005201   Thumb Code   156  dnaninf.o(x$fpl$dnaninf)
    __fpl_dretinf                            0x0800529d   Thumb Code    12  dretinf.o(x$fpl$dretinf)
    __aeabi_drsub                            0x080052a9   Thumb Code     0  daddsub_clz.o(x$fpl$drsb)
    _drsb                                    0x080052a9   Thumb Code    22  daddsub_clz.o(x$fpl$drsb)
    _dsqrt                                   0x080052c1   Thumb Code   456  dsqrt_noumaal.o(x$fpl$dsqrt)
    __aeabi_dsub                             0x0800548d   Thumb Code     0  daddsub_clz.o(x$fpl$dsub)
    _dsub                                    0x0800548d   Thumb Code   472  daddsub_clz.o(x$fpl$dsub)
    __aeabi_fadd                             0x08005669   Thumb Code     0  faddsub_clz.o(x$fpl$fadd)
    _fadd                                    0x08005669   Thumb Code   196  faddsub_clz.o(x$fpl$fadd)
    __aeabi_dcmpeq                           0x0800572d   Thumb Code     0  dcmp.o(x$fpl$fcmp)
    _deq                                     0x0800572d   Thumb Code    14  dcmp.o(x$fpl$fcmp)
    _dneq                                    0x0800573b   Thumb Code    14  dcmp.o(x$fpl$fcmp)
    __aeabi_dcmpgt                           0x08005749   Thumb Code     0  dcmp.o(x$fpl$fcmp)
    _dgr                                     0x08005749   Thumb Code    14  dcmp.o(x$fpl$fcmp)
    __aeabi_dcmpge                           0x08005757   Thumb Code     0  dcmp.o(x$fpl$fcmp)
    _dgeq                                    0x08005757   Thumb Code    14  dcmp.o(x$fpl$fcmp)
    __aeabi_dcmple                           0x08005765   Thumb Code     0  dcmp.o(x$fpl$fcmp)
    _dleq                                    0x08005765   Thumb Code    14  dcmp.o(x$fpl$fcmp)
    __aeabi_dcmplt                           0x08005773   Thumb Code     0  dcmp.o(x$fpl$fcmp)
    _dls                                     0x08005773   Thumb Code    14  dcmp.o(x$fpl$fcmp)
    __aeabi_fdiv                             0x08005781   Thumb Code     0  fdiv.o(x$fpl$fdiv)
    _fdiv                                    0x08005781   Thumb Code   384  fdiv.o(x$fpl$fdiv)
    __aeabi_f2iz                             0x08005905   Thumb Code     0  ffix.o(x$fpl$ffix)
    _ffix                                    0x08005905   Thumb Code    54  ffix.o(x$fpl$ffix)
    __aeabi_i2f                              0x0800593d   Thumb Code     0  fflt_clz.o(x$fpl$fflt)
    _fflt                                    0x0800593d   Thumb Code    48  fflt_clz.o(x$fpl$fflt)
    __aeabi_fmul                             0x0800596d   Thumb Code     0  fmul.o(x$fpl$fmul)
    _fmul                                    0x0800596d   Thumb Code   258  fmul.o(x$fpl$fmul)
    __fpl_fnaninf                            0x08005a6f   Thumb Code   140  fnaninf.o(x$fpl$fnaninf)
    __fpl_fretinf                            0x08005afb   Thumb Code    10  fretinf.o(x$fpl$fretinf)
    __aeabi_fsub                             0x08005b05   Thumb Code     0  faddsub_clz.o(x$fpl$fsub)
    _fsub                                    0x08005b05   Thumb Code   234  faddsub_clz.o(x$fpl$fsub)
    __fpl_return_NaN                         0x08005bef   Thumb Code   100  retnan.o(x$fpl$retnan)
    __ARM_scalbn                             0x08005c53   Thumb Code    92  scalbn.o(x$fpl$scalbn)
    __fpl_cmpreturn                          0x08005caf   Thumb Code    48  trapv.o(x$fpl$trapveneer)
    __I$use$fp                               0x08005cde   Number         0  usenofp.o(x$fpl$usenofp)
    __mathlib_zero                           0x08005d78   Data           8  qnan.o(.constdata)
    AHBPrescTable                            0x08005d80   Data          16  system_stm32f1xx.o(.rodata.AHBPrescTable)
    APBPrescTable                            0x08005d90   Data           8  system_stm32f1xx.o(.rodata.APBPrescTable)
    Region$$Table$$Base                      0x08005dac   Number         0  anon$$obj.o(Region$$Table)
    Region$$Table$$Limit                     0x08005dcc   Number         0  anon$$obj.o(Region$$Table)
    uwTickFreq                               0x20000000   Data           1  stm32f1xx_hal.o(.data..L_MergedGlobals)
    uwTickPrio                               0x20000004   Data           4  stm32f1xx_hal.o(.data..L_MergedGlobals)
    KalmanX                                  0x20000008   Data          72  mpu6050.o(.data.KalmanX)
    KalmanY                                  0x20000050   Data          72  mpu6050.o(.data.KalmanY)
    SystemCoreClock                          0x20000098   Data           4  system_stm32f1xx.o(.data.SystemCoreClock)
    mode_1                                   0x2000009c   Data           1  main.o(.data.mode_1)
    __libspace_start                         0x200000a0   Data          96  libspace.o(.bss)
    __temporary_stack_top$libspace           0x20000100   Data           0  libspace.o(.bss)
    time                                     0x20000100   Data           2  mpu6050.o(.bss..L_MergedGlobals)
    lastTime                                 0x20000102   Data           2  mpu6050.o(.bss..L_MergedGlobals)
    dt                                       0x20000108   Data           8  mpu6050.o(.bss..L_MergedGlobals)
    roll                                     0x20000110   Data           8  mpu6050.o(.bss..L_MergedGlobals)
    pitch                                    0x20000118   Data           8  mpu6050.o(.bss..L_MergedGlobals)
    mode                                     0x20000120   Data           1  main.o(.bss..L_MergedGlobals)
    state                                    0x20000121   Data           1  main.o(.bss..L_MergedGlobals)
    changeMode                               0x20000122   Data           1  main.o(.bss..L_MergedGlobals)
    pwm_value                                0x20000124   Data           2  main.o(.bss..L_MergedGlobals)
    pwmValueCW                               0x20000126   Data           2  main.o(.bss..L_MergedGlobals)
    pwmValueCCW                              0x20000128   Data           2  main.o(.bss..L_MergedGlobals)
    setpoint                                 0x2000012c   Data           4  main.o(.bss..L_MergedGlobals)
    adcValue                                 0x20000130   Data           4  main.o(.bss..L_MergedGlobals)
    output                                   0x20000134   Data           4  main.o(.bss..L_MergedGlobals)
    TxMailbox                                0x20000138   Data           4  main.o(.bss..L_MergedGlobals)
    RxDataBreak                              0x2000013c   Data           8  main.o(.bss..L_MergedGlobals)
    RxData                                   0x20000144   Data           8  main.o(.bss..L_MergedGlobals)
    LCD1                                     0x2000014c   Data          12  main.o(.bss..L_MergedGlobals)
    TxHeader                                 0x20000158   Data          24  main.o(.bss..L_MergedGlobals)
    RxHeader                                 0x20000170   Data          28  main.o(.bss..L_MergedGlobals)
    hcan                                     0x2000018c   Data          40  main.o(.bss..L_MergedGlobals.1)
    hadc1                                    0x200001b4   Data          48  main.o(.bss..L_MergedGlobals.1)
    Data                                     0x200001e8   Data          88  main.o(.bss.Data)
    hi2c1                                    0x20000240   Data          84  main.o(.bss.hi2c1)
    htim1                                    0x20000294   Data          72  main.o(.bss.htim1)
    htim3                                    0x200002dc   Data          72  main.o(.bss.htim3)
    uwTick                                   0x20000324   Data           4  stm32f1xx_hal.o(.bss.uwTick)



==============================================================================

Memory Map of the image

  Image Entry point : 0x080000ed

  Load Region LR_IROM1 (Base: 0x08000000, Size: 0x00005e70, Max: 0x00010000, ABSOLUTE)

    Execution Region ER_IROM1 (Exec base: 0x08000000, Load base: 0x08000000, Size: 0x00005dcc, Max: 0x00010000, ABSOLUTE)

    Exec Addr    Load Addr    Size         Type   Attr      Idx    E Section Name        Object

    0x08000000   0x08000000   0x000000ec   Data   RO            3    RESET               startup_stm32f103xb.o
    0x080000ec   0x080000ec   0x00000008   Code   RO         1173  * !!!main             c_w.l(__main.o)
    0x080000f4   0x080000f4   0x00000034   Code   RO         1464    !!!scatter          c_w.l(__scatter.o)
    0x08000128   0x08000128   0x0000001a   Code   RO         1466    !!handler_copy      c_w.l(__scatter_copy.o)
    0x08000142   0x08000142   0x00000002   PAD
    0x08000144   0x08000144   0x0000001c   Code   RO         1468    !!handler_zi        c_w.l(__scatter_zi.o)
    0x08000160   0x08000160   0x00000002   Code   RO         1325    .ARM.Collect$$libinit$$00000000  c_w.l(libinit.o)
    0x08000162   0x08000162   0x00000000   Code   RO         1331    .ARM.Collect$$libinit$$00000002  c_w.l(libinit2.o)
    0x08000162   0x08000162   0x00000000   Code   RO         1333    .ARM.Collect$$libinit$$00000004  c_w.l(libinit2.o)
    0x08000162   0x08000162   0x00000000   Code   RO         1335    .ARM.Collect$$libinit$$00000006  c_w.l(libinit2.o)
    0x08000162   0x08000162   0x00000000   Code   RO         1338    .ARM.Collect$$libinit$$0000000C  c_w.l(libinit2.o)
    0x08000162   0x08000162   0x00000000   Code   RO         1340    .ARM.Collect$$libinit$$0000000E  c_w.l(libinit2.o)
    0x08000162   0x08000162   0x00000000   Code   RO         1342    .ARM.Collect$$libinit$$00000010  c_w.l(libinit2.o)
    0x08000162   0x08000162   0x00000000   Code   RO         1345    .ARM.Collect$$libinit$$00000013  c_w.l(libinit2.o)
    0x08000162   0x08000162   0x00000000   Code   RO         1347    .ARM.Collect$$libinit$$00000015  c_w.l(libinit2.o)
    0x08000162   0x08000162   0x00000000   Code   RO         1349    .ARM.Collect$$libinit$$00000017  c_w.l(libinit2.o)
    0x08000162   0x08000162   0x00000000   Code   RO         1351    .ARM.Collect$$libinit$$00000019  c_w.l(libinit2.o)
    0x08000162   0x08000162   0x00000000   Code   RO         1353    .ARM.Collect$$libinit$$0000001B  c_w.l(libinit2.o)
    0x08000162   0x08000162   0x00000000   Code   RO         1355    .ARM.Collect$$libinit$$0000001D  c_w.l(libinit2.o)
    0x08000162   0x08000162   0x00000000   Code   RO         1357    .ARM.Collect$$libinit$$0000001F  c_w.l(libinit2.o)
    0x08000162   0x08000162   0x00000000   Code   RO         1359    .ARM.Collect$$libinit$$00000021  c_w.l(libinit2.o)
    0x08000162   0x08000162   0x00000000   Code   RO         1361    .ARM.Collect$$libinit$$00000023  c_w.l(libinit2.o)
    0x08000162   0x08000162   0x00000000   Code   RO         1363    .ARM.Collect$$libinit$$00000025  c_w.l(libinit2.o)
    0x08000162   0x08000162   0x00000000   Code   RO         1365    .ARM.Collect$$libinit$$00000027  c_w.l(libinit2.o)
    0x08000162   0x08000162   0x00000000   Code   RO         1369    .ARM.Collect$$libinit$$0000002E  c_w.l(libinit2.o)
    0x08000162   0x08000162   0x00000000   Code   RO         1371    .ARM.Collect$$libinit$$00000030  c_w.l(libinit2.o)
    0x08000162   0x08000162   0x00000000   Code   RO         1373    .ARM.Collect$$libinit$$00000032  c_w.l(libinit2.o)
    0x08000162   0x08000162   0x00000000   Code   RO         1375    .ARM.Collect$$libinit$$00000034  c_w.l(libinit2.o)
    0x08000162   0x08000162   0x00000002   Code   RO         1376    .ARM.Collect$$libinit$$00000035  c_w.l(libinit2.o)
    0x08000164   0x08000164   0x00000002   Code   RO         1400    .ARM.Collect$$libshutdown$$00000000  c_w.l(libshutdown.o)
    0x08000166   0x08000166   0x00000000   Code   RO         1415    .ARM.Collect$$libshutdown$$00000002  c_w.l(libshutdown2.o)
    0x08000166   0x08000166   0x00000000   Code   RO         1417    .ARM.Collect$$libshutdown$$00000004  c_w.l(libshutdown2.o)
    0x08000166   0x08000166   0x00000000   Code   RO         1420    .ARM.Collect$$libshutdown$$00000007  c_w.l(libshutdown2.o)
    0x08000166   0x08000166   0x00000000   Code   RO         1423    .ARM.Collect$$libshutdown$$0000000A  c_w.l(libshutdown2.o)
    0x08000166   0x08000166   0x00000000   Code   RO         1425    .ARM.Collect$$libshutdown$$0000000C  c_w.l(libshutdown2.o)
    0x08000166   0x08000166   0x00000000   Code   RO         1428    .ARM.Collect$$libshutdown$$0000000F  c_w.l(libshutdown2.o)
    0x08000166   0x08000166   0x00000002   Code   RO         1429    .ARM.Collect$$libshutdown$$00000010  c_w.l(libshutdown2.o)
    0x08000168   0x08000168   0x00000000   Code   RO         1240    .ARM.Collect$$rtentry$$00000000  c_w.l(__rtentry.o)
    0x08000168   0x08000168   0x00000000   Code   RO         1288    .ARM.Collect$$rtentry$$00000002  c_w.l(__rtentry2.o)
    0x08000168   0x08000168   0x00000006   Code   RO         1300    .ARM.Collect$$rtentry$$00000004  c_w.l(__rtentry4.o)
    0x0800016e   0x0800016e   0x00000000   Code   RO         1290    .ARM.Collect$$rtentry$$00000009  c_w.l(__rtentry2.o)
    0x0800016e   0x0800016e   0x00000004   Code   RO         1291    .ARM.Collect$$rtentry$$0000000A  c_w.l(__rtentry2.o)
    0x08000172   0x08000172   0x00000000   Code   RO         1293    .ARM.Collect$$rtentry$$0000000C  c_w.l(__rtentry2.o)
    0x08000172   0x08000172   0x00000008   Code   RO         1294    .ARM.Collect$$rtentry$$0000000D  c_w.l(__rtentry2.o)
    0x0800017a   0x0800017a   0x00000002   Code   RO         1328    .ARM.Collect$$rtexit$$00000000  c_w.l(rtexit.o)
    0x0800017c   0x0800017c   0x00000000   Code   RO         1380    .ARM.Collect$$rtexit$$00000002  c_w.l(rtexit2.o)
    0x0800017c   0x0800017c   0x00000004   Code   RO         1381    .ARM.Collect$$rtexit$$00000003  c_w.l(rtexit2.o)
    0x08000180   0x08000180   0x00000006   Code   RO         1382    .ARM.Collect$$rtexit$$00000004  c_w.l(rtexit2.o)
    0x08000186   0x08000186   0x00000002   PAD
    0x08000188   0x08000188   0x00000040   Code   RO            4    .text               startup_stm32f103xb.o
    0x080001c8   0x080001c8   0x00000006   Code   RO         1171    .text               c_w.l(heapauxi.o)
    0x080001ce   0x080001ce   0x00000016   Code   RO         1241    .text               c_w.l(_rserrno.o)
    0x080001e4   0x080001e4   0x00000008   Code   RO         1305    .text               c_w.l(rt_errno_addr_intlibspace.o)
    0x080001ec   0x080001ec   0x00000008   Code   RO         1313    .text               c_w.l(libspace.o)
    0x080001f4   0x080001f4   0x0000004a   Code   RO         1316    .text               c_w.l(sys_stackheap_outer.o)
    0x0800023e   0x0800023e   0x00000012   Code   RO         1318    .text               c_w.l(exit.o)
    0x08000250   0x08000250   0x0000000c   Code   RO         1390    .text               c_w.l(sys_exit.o)
    0x0800025c   0x0800025c   0x00000002   Code   RO         1405    .text               c_w.l(use_no_semi.o)
    0x0800025e   0x0800025e   0x00000000   Code   RO         1407    .text               c_w.l(indicate_semi.o)
    0x0800025e   0x0800025e   0x00000002   PAD
    0x08000260   0x08000260   0x0000000c   Code   RO          128    .text.ADC1_2_IRQHandler  stm32f1xx_it.o
    0x0800026c   0x0800026c   0x000000b6   Code   RO          199    .text.ADC_Enable    stm32f1xx_hal_adc.o
    0x08000322   0x08000322   0x00000002   PAD
    0x08000324   0x08000324   0x00000002   Code   RO          112    .text.BusFault_Handler  stm32f1xx_it.o
    0x08000326   0x08000326   0x00000002   PAD
    0x08000328   0x08000328   0x0000000c   Code   RO          132    .text.CAN1_RX1_IRQHandler  stm32f1xx_it.o
    0x08000334   0x08000334   0x000002d0   Code   RO           11    .text.CLCD_I2C_Init  clcd_i2c.o
    0x08000604   0x08000604   0x00000002   Code   RO          118    .text.DebugMon_Handler  stm32f1xx_it.o
    0x08000606   0x08000606   0x00000002   PAD
    0x08000608   0x08000608   0x00000006   Code   RO          124    .text.EXTI1_IRQHandler  stm32f1xx_it.o
    0x0800060e   0x0800060e   0x00000002   PAD
    0x08000610   0x08000610   0x00000006   Code   RO          126    .text.EXTI2_IRQHandler  stm32f1xx_it.o
    0x08000616   0x08000616   0x00000002   PAD
    0x08000618   0x08000618   0x00000006   Code   RO          134    .text.EXTI9_5_IRQHandler  stm32f1xx_it.o
    0x0800061e   0x0800061e   0x00000002   PAD
    0x08000620   0x08000620   0x00000002   Code   RO          269    .text.HAL_ADCEx_InjectedConvCpltCallback  stm32f1xx_hal_adc_ex.o
    0x08000622   0x08000622   0x00000002   PAD
    0x08000624   0x08000624   0x00000194   Code   RO          233    .text.HAL_ADC_ConfigChannel  stm32f1xx_hal_adc.o
    0x080007b8   0x080007b8   0x00000002   Code   RO          225    .text.HAL_ADC_ConvCpltCallback  stm32f1xx_hal_adc.o
    0x080007ba   0x080007ba   0x00000002   PAD
    0x080007bc   0x080007bc   0x00000006   Code   RO          221    .text.HAL_ADC_GetValue  stm32f1xx_hal_adc.o
    0x080007c2   0x080007c2   0x00000002   PAD
    0x080007c4   0x080007c4   0x000000ee   Code   RO          223    .text.HAL_ADC_IRQHandler  stm32f1xx_hal_adc.o
    0x080008b2   0x080008b2   0x00000002   PAD
    0x080008b4   0x080008b4   0x0000015c   Code   RO          187    .text.HAL_ADC_Init  stm32f1xx_hal_adc.o
    0x08000a10   0x08000a10   0x00000002   Code   RO          227    .text.HAL_ADC_LevelOutOfWindowCallback  stm32f1xx_hal_adc.o
    0x08000a12   0x08000a12   0x00000002   PAD
    0x08000a14   0x08000a14   0x00000072   Code   RO          147    .text.HAL_ADC_MspInit  stm32f1xx_hal_msp.o
    0x08000a86   0x08000a86   0x00000002   PAD
    0x08000a88   0x08000a88   0x000000cc   Code   RO          197    .text.HAL_ADC_Start  stm32f1xx_hal_adc.o
    0x08000b54   0x08000b54   0x0000002e   Code   RO          650    .text.HAL_CAN_ActivateNotification  stm32f1xx_hal_can.o
    0x08000b82   0x08000b82   0x00000002   PAD
    0x08000b84   0x08000b84   0x000000ea   Code   RO          626    .text.HAL_CAN_ConfigFilter  stm32f1xx_hal_can.o
    0x08000c6e   0x08000c6e   0x00000002   PAD
    0x08000c70   0x08000c70   0x00000002   Code   RO          680    .text.HAL_CAN_ErrorCallback  stm32f1xx_hal_can.o
    0x08000c72   0x08000c72   0x00000002   PAD
    0x08000c74   0x08000c74   0x00000134   Code   RO          646    .text.HAL_CAN_GetRxMessage  stm32f1xx_hal_can.o
    0x08000da8   0x08000da8   0x0000025e   Code   RO          654    .text.HAL_CAN_IRQHandler  stm32f1xx_hal_can.o
    0x08001006   0x08001006   0x00000002   PAD
    0x08001008   0x08001008   0x000000f4   Code   RO          616    .text.HAL_CAN_Init  stm32f1xx_hal_can.o
    0x080010fc   0x080010fc   0x0000009a   Code   RO          151    .text.HAL_CAN_MspInit  stm32f1xx_hal_msp.o
    0x08001196   0x08001196   0x00000002   PAD
    0x08001198   0x08001198   0x00000002   Code   RO          668    .text.HAL_CAN_RxFifo0FullCallback  stm32f1xx_hal_can.o
    0x0800119a   0x0800119a   0x00000002   PAD
    0x0800119c   0x0800119c   0x0000003c   Code   RO           78    .text.HAL_CAN_RxFifo0MsgPendingCallback  main.o
    0x080011d8   0x080011d8   0x00000002   Code   RO          672    .text.HAL_CAN_RxFifo1FullCallback  stm32f1xx_hal_can.o
    0x080011da   0x080011da   0x00000002   PAD
    0x080011dc   0x080011dc   0x00000002   Code   RO          674    .text.HAL_CAN_RxFifo1MsgPendingCallback  stm32f1xx_hal_can.o
    0x080011de   0x080011de   0x00000002   PAD
    0x080011e0   0x080011e0   0x00000002   Code   RO          676    .text.HAL_CAN_SleepCallback  stm32f1xx_hal_can.o
    0x080011e2   0x080011e2   0x00000002   PAD
    0x080011e4   0x080011e4   0x0000005a   Code   RO          628    .text.HAL_CAN_Start  stm32f1xx_hal_can.o
    0x0800123e   0x0800123e   0x00000002   PAD
    0x08001240   0x08001240   0x00000002   Code   RO          658    .text.HAL_CAN_TxMailbox0AbortCallback  stm32f1xx_hal_can.o
    0x08001242   0x08001242   0x00000002   PAD
    0x08001244   0x08001244   0x00000002   Code   RO          656    .text.HAL_CAN_TxMailbox0CompleteCallback  stm32f1xx_hal_can.o
    0x08001246   0x08001246   0x00000002   PAD
    0x08001248   0x08001248   0x00000002   Code   RO          662    .text.HAL_CAN_TxMailbox1AbortCallback  stm32f1xx_hal_can.o
    0x0800124a   0x0800124a   0x00000002   PAD
    0x0800124c   0x0800124c   0x00000002   Code   RO          660    .text.HAL_CAN_TxMailbox1CompleteCallback  stm32f1xx_hal_can.o
    0x0800124e   0x0800124e   0x00000002   PAD
    0x08001250   0x08001250   0x00000002   Code   RO          666    .text.HAL_CAN_TxMailbox2AbortCallback  stm32f1xx_hal_can.o
    0x08001252   0x08001252   0x00000002   PAD
    0x08001254   0x08001254   0x00000002   Code   RO          664    .text.HAL_CAN_TxMailbox2CompleteCallback  stm32f1xx_hal_can.o
    0x08001256   0x08001256   0x00000002   PAD
    0x08001258   0x08001258   0x00000002   Code   RO          678    .text.HAL_CAN_WakeUpFromRxMsgCallback  stm32f1xx_hal_can.o
    0x0800125a   0x0800125a   0x00000002   PAD
    0x0800125c   0x0800125c   0x00000028   Code   RO          303    .text.HAL_Delay     stm32f1xx_hal.o
    0x08001284   0x08001284   0x0000005a   Code   RO           74    .text.HAL_GPIO_EXTI_Callback  main.o
    0x080012de   0x080012de   0x00000002   PAD
    0x080012e0   0x080012e0   0x00000016   Code   RO          407    .text.HAL_GPIO_EXTI_IRQHandler  stm32f1xx_hal_gpio.o
    0x080012f6   0x080012f6   0x00000002   PAD
    0x080012f8   0x080012f8   0x00000212   Code   RO          395    .text.HAL_GPIO_Init  stm32f1xx_hal_gpio.o
    0x0800150a   0x0800150a   0x00000002   PAD
    0x0800150c   0x0800150c   0x0000000a   Code   RO          399    .text.HAL_GPIO_ReadPin  stm32f1xx_hal_gpio.o
    0x08001516   0x08001516   0x00000002   PAD
    0x08001518   0x08001518   0x00000010   Code   RO          403    .text.HAL_GPIO_TogglePin  stm32f1xx_hal_gpio.o
    0x08001528   0x08001528   0x0000000a   Code   RO          401    .text.HAL_GPIO_WritePin  stm32f1xx_hal_gpio.o
    0x08001532   0x08001532   0x00000002   PAD
    0x08001534   0x08001534   0x0000000c   Code   RO          295    .text.HAL_GetTick   stm32f1xx_hal.o
    0x08001540   0x08001540   0x00000176   Code   RO          696    .text.HAL_I2C_Init  stm32f1xx_hal_i2c.o
    0x080016b6   0x080016b6   0x00000002   PAD
    0x080016b8   0x080016b8   0x000001d4   Code   RO          704    .text.HAL_I2C_Master_Transmit  stm32f1xx_hal_i2c.o
    0x0800188c   0x0800188c   0x0000034a   Code   RO          744    .text.HAL_I2C_Mem_Read  stm32f1xx_hal_i2c.o
    0x08001bd6   0x08001bd6   0x00000002   PAD
    0x08001bd8   0x08001bd8   0x00000158   Code   RO          740    .text.HAL_I2C_Mem_Write  stm32f1xx_hal_i2c.o
    0x08001d30   0x08001d30   0x00000062   Code   RO          155    .text.HAL_I2C_MspInit  stm32f1xx_hal_msp.o
    0x08001d92   0x08001d92   0x00000002   PAD
    0x08001d94   0x08001d94   0x0000001a   Code   RO          293    .text.HAL_IncTick   stm32f1xx_hal.o
    0x08001dae   0x08001dae   0x00000002   PAD
    0x08001db0   0x08001db0   0x00000026   Code   RO          283    .text.HAL_Init      stm32f1xx_hal.o
    0x08001dd6   0x08001dd6   0x00000002   PAD
    0x08001dd8   0x08001dd8   0x00000048   Code   RO          285    .text.HAL_InitTick  stm32f1xx_hal.o
    0x08001e20   0x08001e20   0x00000042   Code   RO          145    .text.HAL_MspInit   stm32f1xx_hal_msp.o
    0x08001e62   0x08001e62   0x00000002   PAD
    0x08001e64   0x08001e64   0x00000020   Code   RO          455    .text.HAL_NVIC_EnableIRQ  stm32f1xx_hal_cortex.o
    0x08001e84   0x08001e84   0x00000056   Code   RO          453    .text.HAL_NVIC_SetPriority  stm32f1xx_hal_cortex.o
    0x08001eda   0x08001eda   0x00000002   PAD
    0x08001edc   0x08001edc   0x00000020   Code   RO          451    .text.HAL_NVIC_SetPriorityGrouping  stm32f1xx_hal_cortex.o
    0x08001efc   0x08001efc   0x0000010a   Code   RO          381    .text.HAL_RCCEx_PeriphCLKConfig  stm32f1xx_hal_rcc_ex.o
    0x08002006   0x08002006   0x00000002   PAD
    0x08002008   0x08002008   0x000001be   Code   RO          347    .text.HAL_RCC_ClockConfig  stm32f1xx_hal_rcc.o
    0x080021c6   0x080021c6   0x00000002   PAD
    0x080021c8   0x080021c8   0x00000026   Code   RO          359    .text.HAL_RCC_GetPCLK1Freq  stm32f1xx_hal_rcc.o
    0x080021ee   0x080021ee   0x00000002   PAD
    0x080021f0   0x080021f0   0x000003b4   Code   RO          345    .text.HAL_RCC_OscConfig  stm32f1xx_hal_rcc.o
    0x080025a4   0x080025a4   0x0000002c   Code   RO          463    .text.HAL_SYSTICK_Config  stm32f1xx_hal_cortex.o
    0x080025d0   0x080025d0   0x00000002   Code   RO         1139    .text.HAL_TIMEx_BreakCallback  stm32f1xx_hal_tim_ex.o
    0x080025d2   0x080025d2   0x00000002   PAD
    0x080025d4   0x080025d4   0x00000002   Code   RO         1135    .text.HAL_TIMEx_CommutCallback  stm32f1xx_hal_tim_ex.o
    0x080025d6   0x080025d6   0x00000002   PAD
    0x080025d8   0x080025d8   0x0000007a   Code   RO         1129    .text.HAL_TIMEx_MasterConfigSynchronization  stm32f1xx_hal_tim_ex.o
    0x08002652   0x08002652   0x00000002   PAD
    0x08002654   0x08002654   0x000000ec   Code   RO          834    .text.HAL_TIM_Base_Init  stm32f1xx_hal_tim.o
    0x08002740   0x08002740   0x0000006c   Code   RO          159    .text.HAL_TIM_Base_MspInit  stm32f1xx_hal_msp.o
    0x080027ac   0x080027ac   0x00000066   Code   RO          844    .text.HAL_TIM_Base_Start  stm32f1xx_hal_tim.o
    0x08002812   0x08002812   0x00000002   PAD
    0x08002814   0x08002814   0x0000019c   Code   RO         1014    .text.HAL_TIM_ConfigClockSource  stm32f1xx_hal_tim.o
    0x080029b0   0x080029b0   0x00000002   Code   RO          970    .text.HAL_TIM_IC_CaptureCallback  stm32f1xx_hal_tim.o
    0x080029b2   0x080029b2   0x00000002   PAD
    0x080029b4   0x080029b4   0x00000170   Code   RO          968    .text.HAL_TIM_IRQHandler  stm32f1xx_hal_tim.o
    0x08002b24   0x08002b24   0x0000004e   Code   RO          161    .text.HAL_TIM_MspPostInit  stm32f1xx_hal_msp.o
    0x08002b72   0x08002b72   0x00000002   PAD
    0x08002b74   0x08002b74   0x00000002   Code   RO          972    .text.HAL_TIM_OC_DelayElapsedCallback  stm32f1xx_hal_tim.o
    0x08002b76   0x08002b76   0x00000002   PAD
    0x08002b78   0x08002b78   0x00000204   Code   RO          988    .text.HAL_TIM_PWM_ConfigChannel  stm32f1xx_hal_tim.o
    0x08002d7c   0x08002d7c   0x000000ec   Code   RO          888    .text.HAL_TIM_PWM_Init  stm32f1xx_hal_tim.o
    0x08002e68   0x08002e68   0x00000002   Code   RO          890    .text.HAL_TIM_PWM_MspInit  stm32f1xx_hal_tim.o
    0x08002e6a   0x08002e6a   0x00000002   PAD
    0x08002e6c   0x08002e6c   0x00000002   Code   RO          974    .text.HAL_TIM_PWM_PulseFinishedCallback  stm32f1xx_hal_tim.o
    0x08002e6e   0x08002e6e   0x00000002   PAD
    0x08002e70   0x08002e70   0x000000de   Code   RO          896    .text.HAL_TIM_PWM_Start  stm32f1xx_hal_tim.o
    0x08002f4e   0x08002f4e   0x00000002   PAD
    0x08002f50   0x08002f50   0x00000002   Code   RO          976    .text.HAL_TIM_PeriodElapsedCallback  stm32f1xx_hal_tim.o
    0x08002f52   0x08002f52   0x00000002   PAD
    0x08002f54   0x08002f54   0x00000002   Code   RO          978    .text.HAL_TIM_TriggerCallback  stm32f1xx_hal_tim.o
    0x08002f56   0x08002f56   0x00000002   PAD
    0x08002f58   0x08002f58   0x00000002   Code   RO          108    .text.HardFault_Handler  stm32f1xx_it.o
    0x08002f5a   0x08002f5a   0x00000002   PAD
    0x08002f5c   0x08002f5c   0x00000118   Code   RO          746    .text.I2C_RequestMemoryRead  stm32f1xx_hal_i2c.o
    0x08003074   0x08003074   0x000000c8   Code   RO          742    .text.I2C_RequestMemoryWrite  stm32f1xx_hal_i2c.o
    0x0800313c   0x0800313c   0x000000be   Code   RO          710    .text.I2C_WaitOnBTFFlagUntilTimeout  stm32f1xx_hal_i2c.o
    0x080031fa   0x080031fa   0x00000002   PAD
    0x080031fc   0x080031fc   0x000001d2   Code   RO          706    .text.I2C_WaitOnFlagUntilTimeout  stm32f1xx_hal_i2c.o
    0x080033ce   0x080033ce   0x00000002   PAD
    0x080033d0   0x080033d0   0x000000e0   Code   RO          824    .text.I2C_WaitOnMasterAddressFlagUntilTimeout  stm32f1xx_hal_i2c.o
    0x080034b0   0x080034b0   0x00000090   Code   RO          714    .text.I2C_WaitOnRXNEFlagUntilTimeout  stm32f1xx_hal_i2c.o
    0x08003540   0x08003540   0x000000be   Code   RO          708    .text.I2C_WaitOnTXEFlagUntilTimeout  stm32f1xx_hal_i2c.o
    0x080035fe   0x080035fe   0x00000002   PAD
    0x08003600   0x08003600   0x000000c4   Code   RO           39    .text.MPU6050_Init  mpu6050.o
    0x080036c4   0x080036c4   0x0000068c   Code   RO           47    .text.MPU6050_Read_All  mpu6050.o
    0x08003d50   0x08003d50   0x00000002   Code   RO          110    .text.MemManage_Handler  stm32f1xx_it.o
    0x08003d52   0x08003d52   0x00000002   PAD
    0x08003d54   0x08003d54   0x00000002   Code   RO          106    .text.NMI_Handler   stm32f1xx_it.o
    0x08003d56   0x08003d56   0x00000002   PAD
    0x08003d58   0x08003d58   0x00000002   Code   RO          120    .text.PendSV_Handler  stm32f1xx_it.o
    0x08003d5a   0x08003d5a   0x00000002   PAD
    0x08003d5c   0x08003d5c   0x00000002   Code   RO          116    .text.SVC_Handler   stm32f1xx_it.o
    0x08003d5e   0x08003d5e   0x00000002   PAD
    0x08003d60   0x08003d60   0x00000004   Code   RO          122    .text.SysTick_Handler  stm32f1xx_it.o
    0x08003d64   0x08003d64   0x00000002   Code   RO         1153    .text.SystemInit    system_stm32f1xx.o
    0x08003d66   0x08003d66   0x00000002   PAD
    0x08003d68   0x08003d68   0x0000000c   Code   RO          136    .text.TIM3_IRQHandler  stm32f1xx_it.o
    0x08003d74   0x08003d74   0x0000000c   Code   RO          130    .text.USB_LP_CAN1_RX0_IRQHandler  stm32f1xx_it.o
    0x08003d80   0x08003d80   0x00000002   Code   RO          114    .text.UsageFault_Handler  stm32f1xx_it.o
    0x08003d82   0x08003d82   0x00000002   PAD
    0x08003d84   0x08003d84   0x00000788   Code   RO           64    .text.main          main.o
    0x0800450c   0x0800450c   0x00000028   Code   RO         1282    i.__ARM_fpclassify  m_ws.l(fpclassify.o)
    0x08004534   0x08004534   0x000000aa   Code   RO         1284    i.__kernel_poly     m_ws.l(poly.o)
    0x080045de   0x080045de   0x00000006   Code   RO         1269    i.__mathlib_dbl_infnan  m_ws.l(dunder.o)
    0x080045e4   0x080045e4   0x00000004   Code   RO         1270    i.__mathlib_dbl_infnan2  m_ws.l(dunder.o)
    0x080045e8   0x080045e8   0x00000010   Code   RO         1274    i.__mathlib_dbl_underflow  m_ws.l(dunder.o)
    0x080045f8   0x080045f8   0x00000220   Code   RO         1228    i.atan              m_ws.l(atan.o)
    0x08004818   0x08004818   0x0000019c   Code   RO         1233    i.atan2             m_ws.l(atan2.o)
    0x080049b4   0x080049b4   0x0000004c   Code   RO         1237    i.sqrt              m_ws.l(sqrt.o)
    0x08004a00   0x08004a00   0x00000062   Code   RO         1175    x$fpl$d2f           fz_ws.l(d2f.o)
    0x08004a62   0x08004a62   0x00000002   PAD
    0x08004a64   0x08004a64   0x00000150   Code   RO         1177    x$fpl$dadd          fz_ws.l(daddsub_clz.o)
    0x08004bb4   0x08004bb4   0x00000010   Code   RO         1307    x$fpl$dcheck1       fz_ws.l(dcheck1.o)
    0x08004bc4   0x08004bc4   0x00000018   Code   RO         1309    x$fpl$dcmpinf       fz_ws.l(dcmpi.o)
    0x08004bdc   0x08004bdc   0x000002b4   Code   RO         1186    x$fpl$ddiv          fz_ws.l(ddiv.o)
    0x08004e90   0x08004e90   0x00000078   Code   RO         1243    x$fpl$deqf          fz_ws.l(deqf.o)
    0x08004f08   0x08004f08   0x0000005e   Code   RO         1189    x$fpl$dfix          fz_ws.l(dfix.o)
    0x08004f66   0x08004f66   0x0000002e   Code   RO         1194    x$fpl$dflt          fz_ws.l(dflt_clz.o)
    0x08004f94   0x08004f94   0x00000026   Code   RO         1193    x$fpl$dfltu         fz_ws.l(dflt_clz.o)
    0x08004fba   0x08004fba   0x00000002   PAD
    0x08004fbc   0x08004fbc   0x00000078   Code   RO         1245    x$fpl$dgeqf         fz_ws.l(dgeqf.o)
    0x08005034   0x08005034   0x00000078   Code   RO         1247    x$fpl$dleqf         fz_ws.l(dleqf.o)
    0x080050ac   0x080050ac   0x00000154   Code   RO         1199    x$fpl$dmul          fz_ws.l(dmul.o)
    0x08005200   0x08005200   0x0000009c   Code   RO         1249    x$fpl$dnaninf       fz_ws.l(dnaninf.o)
    0x0800529c   0x0800529c   0x0000000c   Code   RO         1251    x$fpl$dretinf       fz_ws.l(dretinf.o)
    0x080052a8   0x080052a8   0x00000016   Code   RO         1178    x$fpl$drsb          fz_ws.l(daddsub_clz.o)
    0x080052be   0x080052be   0x00000002   PAD
    0x080052c0   0x080052c0   0x000001cc   Code   RO         1253    x$fpl$dsqrt         fz_ws.l(dsqrt_noumaal.o)
    0x0800548c   0x0800548c   0x000001dc   Code   RO         1179    x$fpl$dsub          fz_ws.l(daddsub_clz.o)
    0x08005668   0x08005668   0x000000c4   Code   RO         1203    x$fpl$fadd          fz_ws.l(faddsub_clz.o)
    0x0800572c   0x0800572c   0x00000054   Code   RO         1183    x$fpl$fcmp          fz_ws.l(dcmp.o)
    0x08005780   0x08005780   0x00000184   Code   RO         1212    x$fpl$fdiv          fz_ws.l(fdiv.o)
    0x08005904   0x08005904   0x00000036   Code   RO         1215    x$fpl$ffix          fz_ws.l(ffix.o)
    0x0800593a   0x0800593a   0x00000002   PAD
    0x0800593c   0x0800593c   0x00000030   Code   RO         1220    x$fpl$fflt          fz_ws.l(fflt_clz.o)
    0x0800596c   0x0800596c   0x00000102   Code   RO         1225    x$fpl$fmul          fz_ws.l(fmul.o)
    0x08005a6e   0x08005a6e   0x0000008c   Code   RO         1261    x$fpl$fnaninf       fz_ws.l(fnaninf.o)
    0x08005afa   0x08005afa   0x0000000a   Code   RO         1263    x$fpl$fretinf       fz_ws.l(fretinf.o)
    0x08005b04   0x08005b04   0x000000ea   Code   RO         1205    x$fpl$fsub          fz_ws.l(faddsub_clz.o)
    0x08005bee   0x08005bee   0x00000064   Code   RO         1326    x$fpl$retnan        fz_ws.l(retnan.o)
    0x08005c52   0x08005c52   0x0000005c   Code   RO         1265    x$fpl$scalbn        fz_ws.l(scalbn.o)
    0x08005cae   0x08005cae   0x00000030   Code   RO         1377    x$fpl$trapveneer    fz_ws.l(trapv.o)
    0x08005cde   0x08005cde   0x00000000   Code   RO         1267    x$fpl$usenofp       fz_ws.l(usenofp.o)
    0x08005cde   0x08005cde   0x00000002   PAD
    0x08005ce0   0x08005ce0   0x00000098   Data   RO         1229    .constdata          m_ws.l(atan.o)
    0x08005d78   0x08005d78   0x00000008   Data   RO         1286    .constdata          m_ws.l(qnan.o)
    0x08005d80   0x08005d80   0x00000010   Data   RO         1158    .rodata.AHBPrescTable  system_stm32f1xx.o
    0x08005d90   0x08005d90   0x00000008   Data   RO         1159    .rodata.APBPrescTable  system_stm32f1xx.o
    0x08005d98   0x08005d98   0x00000002   Data   RO          372    .rodata.HAL_RCC_GetSysClockFreq.aPredivFactorTable  stm32f1xx_hal_rcc.o
    0x08005d9a   0x08005d9a   0x00000010   Data   RO          371    .rodata.cst16       stm32f1xx_hal_rcc.o
    0x08005daa   0x08005daa   0x00000002   PAD
    0x08005dac   0x08005dac   0x00000020   Data   RO         1463    Region$$Table       anon$$obj.o


    Execution Region RW_IRAM1 (Exec base: 0x20000000, Load base: 0x08005dd0, Size: 0x00000928, Max: 0x00005000, ABSOLUTE)

    Exec Addr    Load Addr    Size         Type   Attr      Idx    E Section Name        Object

    0x20000000   0x08005dd0   0x00000008   Data   RW          334    .data..L_MergedGlobals  stm32f1xx_hal.o
    0x20000008   0x08005dd8   0x00000048   Data   RW           53    .data.KalmanX       mpu6050.o
    0x20000050   0x08005e20   0x00000048   Data   RW           54    .data.KalmanY       mpu6050.o
    0x20000098   0x08005e68   0x00000004   Data   RW         1157    .data.SystemCoreClock  system_stm32f1xx.o
    0x2000009c   0x08005e6c   0x00000001   Data   RW           80    .data.mode_1        main.o
    0x2000009d   0x08005e6d   0x00000003   PAD
    0x200000a0        -       0x00000060   Zero   RW         1314    .bss                c_w.l(libspace.o)
    0x20000100        -       0x00000020   Zero   RW           55    .bss..L_MergedGlobals  mpu6050.o
    0x20000120        -       0x0000006c   Zero   RW           96    .bss..L_MergedGlobals  main.o
    0x2000018c        -       0x00000058   Zero   RW           97    .bss..L_MergedGlobals.1  main.o
    0x200001e4   0x08005e6d   0x00000004   PAD
    0x200001e8        -       0x00000058   Zero   RW           86    .bss.Data           main.o
    0x20000240        -       0x00000054   Zero   RW           85    .bss.hi2c1          main.o
    0x20000294        -       0x00000048   Zero   RW           83    .bss.htim1          main.o
    0x200002dc        -       0x00000048   Zero   RW           84    .bss.htim3          main.o
    0x20000324        -       0x00000004   Zero   RW          333    .bss.uwTick         stm32f1xx_hal.o
    0x20000328        -       0x00000200   Zero   RW            2    HEAP                startup_stm32f103xb.o
    0x20000528        -       0x00000400   Zero   RW            1    STACK               startup_stm32f103xb.o


==============================================================================

Image component sizes


      Code (inc. data)   RO Data    RW Data    ZI Data      Debug   Object Name

       720          0          0          0          0      12619   clcd_i2c.o
      2078          0          0          1        512      16595   main.o
      1872          0          0        144         32       8067   mpu6050.o
        64         26        236          0       1536        780   startup_stm32f103xb.o
       188          0          0          8          4       5729   stm32f1xx_hal.o
      1386          0          0          0          0      13142   stm32f1xx_hal_adc.o
         2          0          0          0          0       9449   stm32f1xx_hal_adc_ex.o
      1552          6          0          0          0      13668   stm32f1xx_hal_can.o
       194          0          0          0          0       8455   stm32f1xx_hal_cortex.o
       588         22          0          0          0       4596   stm32f1xx_hal_gpio.o
      3722          0          0          0          0      42465   stm32f1xx_hal_i2c.o
       618          0          0          0          0      11408   stm32f1xx_hal_msp.o
      1432          0         18          0          0       7638   stm32f1xx_hal_rcc.o
       266          0          0          0          0       3560   stm32f1xx_hal_rcc_ex.o
      2104          6          0          0          0      55122   stm32f1xx_hal_tim.o
       126          0          0          0          0      20713   stm32f1xx_hal_tim_ex.o
        86          0          0          0          0       7388   stm32f1xx_it.o
         2          0         24          4          0       1609   system_stm32f1xx.o

    ----------------------------------------------------------------------
     17132         60        312        160       2088     243003   Object Totals
         0          0         32          0          0          0   (incl. Generated)
       132          0          2          3          4          0   (incl. Padding)

    ----------------------------------------------------------------------

      Code (inc. data)   RO Data    RW Data    ZI Data      Debug   Library Member Name

         8          0          0          0          0         68   __main.o
         0          0          0          0          0          0   __rtentry.o
        12          0          0          0          0          0   __rtentry2.o
         6          0          0          0          0          0   __rtentry4.o
        52          8          0          0          0          0   __scatter.o
        26          0          0          0          0          0   __scatter_copy.o
        28          0          0          0          0          0   __scatter_zi.o
        22          0          0          0          0        100   _rserrno.o
        18          0          0          0          0         80   exit.o
         6          0          0          0          0        152   heapauxi.o
         0          0          0          0          0          0   indicate_semi.o
         2          0          0          0          0          0   libinit.o
         2          0          0          0          0          0   libinit2.o
         2          0          0          0          0          0   libshutdown.o
         2          0          0          0          0          0   libshutdown2.o
         8          4          0          0         96         68   libspace.o
         8          4          0          0          0         68   rt_errno_addr_intlibspace.o
         2          0          0          0          0          0   rtexit.o
        10          0          0          0          0          0   rtexit2.o
        12          4          0          0          0         68   sys_exit.o
        74          0          0          0          0         80   sys_stackheap_outer.o
         2          0          0          0          0         68   use_no_semi.o
        98          4          0          0          0         92   d2f.o
       834         16          0          0          0        372   daddsub_clz.o
        16          4          0          0          0         68   dcheck1.o
        84          0          0          0          0        196   dcmp.o
        24          0          0          0          0         68   dcmpi.o
       692        140          0          0          0        216   ddiv.o
       120          4          0          0          0         92   deqf.o
        94          4          0          0          0         92   dfix.o
        84          0          0          0          0        136   dflt_clz.o
       120          4          0          0          0         92   dgeqf.o
       120          4          0          0          0         92   dleqf.o
       340         12          0          0          0        104   dmul.o
       156          4          0          0          0         92   dnaninf.o
        12          0          0          0          0         68   dretinf.o
       460         56          0          0          0        120   dsqrt_noumaal.o
       430          8          0          0          0        168   faddsub_clz.o
       388         76          0          0          0         96   fdiv.o
        54          4          0          0          0         84   ffix.o
        48          0          0          0          0         68   fflt_clz.o
       258          4          0          0          0         84   fmul.o
       140          4          0          0          0         84   fnaninf.o
        10          0          0          0          0         68   fretinf.o
       100          0          0          0          0         68   retnan.o
        92          0          0          0          0         68   scalbn.o
        48          0          0          0          0         68   trapv.o
         0          0          0          0          0          0   usenofp.o
       544         70        152          0          0        124   atan.o
       412         38          0          0          0        144   atan2.o
        26          6          0          0          0        204   dunder.o
        40          0          0          0          0         68   fpclassify.o
       170          0          0          0          0         96   poly.o
         0          0          8          0          0          0   qnan.o
        76          0          0          0          0         84   sqrt.o

    ----------------------------------------------------------------------
      6408        482        160          0         96       4228   Library Totals
        16          0          0          0          0          0   (incl. Padding)

    ----------------------------------------------------------------------

      Code (inc. data)   RO Data    RW Data    ZI Data      Debug   Library Name

       302         20          0          0         96        752   c_w.l
      4822        348          0          0          0       2756   fz_ws.l
      1268        114        160          0          0        720   m_ws.l

    ----------------------------------------------------------------------
      6408        482        160          0         96       4228   Library Totals

    ----------------------------------------------------------------------

==============================================================================


      Code (inc. data)   RO Data    RW Data    ZI Data      Debug   

     23540        542        472        160       2184     244775   Grand Totals
     23540        542        472        160       2184     244775   ELF Image Totals
     23540        542        472        160          0          0   ROM Totals

==============================================================================

    Total RO  Size (Code + RO Data)                24012 (  23.45kB)
    Total RW  Size (RW Data + ZI Data)              2344 (   2.29kB)
    Total ROM Size (Code + RO Data + RW Data)      24172 (  23.61kB)

==============================================================================

