Component: Arm Compiler for Embedded 6.18 Tool: armlink [5e4cc100]

==============================================================================

Section Cross References

    startup_stm32f103xb.o(STACK) refers (Special) to heapauxi.o(.text) for __use_two_region_memory
    startup_stm32f103xb.o(HEAP) refers (Special) to heapauxi.o(.text) for __use_two_region_memory
    startup_stm32f103xb.o(RESET) refers (Special) to heapauxi.o(.text) for __use_two_region_memory
    startup_stm32f103xb.o(RESET) refers to startup_stm32f103xb.o(STACK) for __initial_sp
    startup_stm32f103xb.o(RESET) refers to startup_stm32f103xb.o(.text) for Reset_Handler
    startup_stm32f103xb.o(RESET) refers to stm32f1xx_it.o(.text.NMI_Handler) for NMI_Handler
    startup_stm32f103xb.o(RESET) refers to stm32f1xx_it.o(.text.HardFault_Handler) for HardFault_Handler
    startup_stm32f103xb.o(RESET) refers to stm32f1xx_it.o(.text.MemManage_Handler) for MemManage_Handler
    startup_stm32f103xb.o(RESET) refers to stm32f1xx_it.o(.text.BusFault_Handler) for BusFault_Handler
    startup_stm32f103xb.o(RESET) refers to stm32f1xx_it.o(.text.UsageFault_Handler) for UsageFault_Handler
    startup_stm32f103xb.o(RESET) refers to stm32f1xx_it.o(.text.SVC_Handler) for SVC_Handler
    startup_stm32f103xb.o(RESET) refers to stm32f1xx_it.o(.text.DebugMon_Handler) for DebugMon_Handler
    startup_stm32f103xb.o(RESET) refers to stm32f1xx_it.o(.text.PendSV_Handler) for PendSV_Handler
    startup_stm32f103xb.o(RESET) refers to stm32f1xx_it.o(.text.SysTick_Handler) for SysTick_Handler
    startup_stm32f103xb.o(RESET) refers to stm32f1xx_it.o(.text.EXTI1_IRQHandler) for EXTI1_IRQHandler
    startup_stm32f103xb.o(RESET) refers to stm32f1xx_it.o(.text.EXTI2_IRQHandler) for EXTI2_IRQHandler
    startup_stm32f103xb.o(RESET) refers to stm32f1xx_it.o(.text.ADC1_2_IRQHandler) for ADC1_2_IRQHandler
    startup_stm32f103xb.o(RESET) refers to stm32f1xx_it.o(.text.USB_LP_CAN1_RX0_IRQHandler) for USB_LP_CAN1_RX0_IRQHandler
    startup_stm32f103xb.o(RESET) refers to stm32f1xx_it.o(.text.CAN1_RX1_IRQHandler) for CAN1_RX1_IRQHandler
    startup_stm32f103xb.o(RESET) refers to stm32f1xx_it.o(.text.TIM1_UP_IRQHandler) for TIM1_UP_IRQHandler
    startup_stm32f103xb.o(RESET) refers to stm32f1xx_it.o(.text.TIM2_IRQHandler) for TIM2_IRQHandler
    startup_stm32f103xb.o(RESET) refers to stm32f1xx_it.o(.text.TIM3_IRQHandler) for TIM3_IRQHandler
    startup_stm32f103xb.o(.text) refers (Special) to heapauxi.o(.text) for __use_two_region_memory
    startup_stm32f103xb.o(.text) refers to system_stm32f1xx.o(.text.SystemInit) for SystemInit
    startup_stm32f103xb.o(.text) refers to __main.o(!!!main) for __main
    startup_stm32f103xb.o(.text) refers to startup_stm32f103xb.o(HEAP) for Heap_Mem
    startup_stm32f103xb.o(.text) refers to startup_stm32f103xb.o(STACK) for Stack_Mem
    clcd_i2c.o(.text.CLCD_I2C_Init) refers to stm32f1xx_hal.o(.text.HAL_Delay) for HAL_Delay
    clcd_i2c.o(.text.CLCD_I2C_Init) refers to stm32f1xx_hal_i2c.o(.text.HAL_I2C_Master_Transmit) for HAL_I2C_Master_Transmit
    clcd_i2c.o(.ARM.exidx.text.CLCD_I2C_Init) refers to clcd_i2c.o(.text.CLCD_I2C_Init) for [Anonymous Symbol]
    clcd_i2c.o(.text.CLCD_I2C_SetCursor) refers to stm32f1xx_hal.o(.text.HAL_Delay) for HAL_Delay
    clcd_i2c.o(.text.CLCD_I2C_SetCursor) refers to stm32f1xx_hal_i2c.o(.text.HAL_I2C_Master_Transmit) for HAL_I2C_Master_Transmit
    clcd_i2c.o(.ARM.exidx.text.CLCD_I2C_SetCursor) refers to clcd_i2c.o(.text.CLCD_I2C_SetCursor) for [Anonymous Symbol]
    clcd_i2c.o(.text.CLCD_I2C_WriteChar) refers to stm32f1xx_hal.o(.text.HAL_Delay) for HAL_Delay
    clcd_i2c.o(.text.CLCD_I2C_WriteChar) refers to stm32f1xx_hal_i2c.o(.text.HAL_I2C_Master_Transmit) for HAL_I2C_Master_Transmit
    clcd_i2c.o(.ARM.exidx.text.CLCD_I2C_WriteChar) refers to clcd_i2c.o(.text.CLCD_I2C_WriteChar) for [Anonymous Symbol]
    clcd_i2c.o(.text.CLCD_I2C_WriteString) refers to stm32f1xx_hal.o(.text.HAL_Delay) for HAL_Delay
    clcd_i2c.o(.text.CLCD_I2C_WriteString) refers to stm32f1xx_hal_i2c.o(.text.HAL_I2C_Master_Transmit) for HAL_I2C_Master_Transmit
    clcd_i2c.o(.ARM.exidx.text.CLCD_I2C_WriteString) refers to clcd_i2c.o(.text.CLCD_I2C_WriteString) for [Anonymous Symbol]
    clcd_i2c.o(.text.CLCD_I2C_Clear) refers to stm32f1xx_hal.o(.text.HAL_Delay) for HAL_Delay
    clcd_i2c.o(.text.CLCD_I2C_Clear) refers to stm32f1xx_hal_i2c.o(.text.HAL_I2C_Master_Transmit) for HAL_I2C_Master_Transmit
    clcd_i2c.o(.ARM.exidx.text.CLCD_I2C_Clear) refers to clcd_i2c.o(.text.CLCD_I2C_Clear) for [Anonymous Symbol]
    clcd_i2c.o(.text.CLCD_I2C_ReturnHome) refers to stm32f1xx_hal.o(.text.HAL_Delay) for HAL_Delay
    clcd_i2c.o(.text.CLCD_I2C_ReturnHome) refers to stm32f1xx_hal_i2c.o(.text.HAL_I2C_Master_Transmit) for HAL_I2C_Master_Transmit
    clcd_i2c.o(.ARM.exidx.text.CLCD_I2C_ReturnHome) refers to clcd_i2c.o(.text.CLCD_I2C_ReturnHome) for [Anonymous Symbol]
[...]
    [Anonymous Symbol]                       0x08002550   Section        0  stm32f1xx_hal_cortex.o(.text.HAL_NVIC_SetPriorityGrouping)
    [Anonymous Symbol]                       0x08002570   Section        0  stm32f1xx_hal_rcc_ex.o(.text.HAL_RCCEx_PeriphCLKConfig)
    [Anonymous Symbol]                       0x0800267c   Section        0  stm32f1xx_hal_rcc.o(.text.HAL_RCC_ClockConfig)
    [Anonymous Symbol]                       0x0800283c   Section        0  stm32f1xx_hal_rcc.o(.text.HAL_RCC_GetPCLK1Freq)
    [Anonymous Symbol]                       0x08002864   Section        0  stm32f1xx_hal_rcc.o(.text.HAL_RCC_OscConfig)
    [Anonymous Symbol]                       0x08002c18   Section        0  stm32f1xx_hal_cortex.o(.text.HAL_SYSTICK_Config)
    [Anonymous Symbol]                       0x08002c44   Section        0  stm32f1xx_hal_tim_ex.o(.text.HAL_TIMEx_BreakCallback)
    [Anonymous Symbol]                       0x08002c48   Section        0  stm32f1xx_hal_tim_ex.o(.text.HAL_TIMEx_CommutCallback)
    [Anonymous Symbol]                       0x08002c4c   Section        0  stm32f1xx_hal_tim_ex.o(.text.HAL_TIMEx_MasterConfigSynchronization)
    [Anonymous Symbol]                       0x08002cc8   Section        0  stm32f1xx_hal_tim.o(.text.HAL_TIM_Base_Init)
    [Anonymous Symbol]                       0x08002db4   Section        0  stm32f1xx_hal_msp.o(.text.HAL_TIM_Base_MspInit)
    [Anonymous Symbol]                       0x08002e30   Section        0  stm32f1xx_hal_tim.o(.text.HAL_TIM_Base_Start_IT)
    [Anonymous Symbol]                       0x08002ea0   Section        0  stm32f1xx_hal_tim.o(.text.HAL_TIM_ConfigClockSource)
    [Anonymous Symbol]                       0x0800303c   Section        0  stm32f1xx_hal_tim.o(.text.HAL_TIM_Encoder_Init)
    [Anonymous Symbol]                       0x08003188   Section        0  stm32f1xx_hal_msp.o(.text.HAL_TIM_Encoder_MspInit)
    [Anonymous Symbol]                       0x08003238   Section        0  stm32f1xx_hal_tim.o(.text.HAL_TIM_Encoder_Start)
    [Anonymous Symbol]                       0x080032f4   Section        0  stm32f1xx_hal_tim.o(.text.HAL_TIM_IC_CaptureCallback)
    [Anonymous Symbol]                       0x080032f8   Section        0  stm32f1xx_hal_tim.o(.text.HAL_TIM_IRQHandler)
    [Anonymous Symbol]                       0x08003468   Section        0  stm32f1xx_hal_msp.o(.text.HAL_TIM_MspPostInit)
    [Anonymous Symbol]                       0x080034b8   Section        0  stm32f1xx_hal_tim.o(.text.HAL_TIM_OC_DelayElapsedCallback)
    [Anonymous Symbol]                       0x080034bc   Section        0  stm32f1xx_hal_tim.o(.text.HAL_TIM_PWM_ConfigChannel)
    [Anonymous Symbol]                       0x080036c0   Section        0  stm32f1xx_hal_tim.o(.text.HAL_TIM_PWM_Init)
    [Anonymous Symbol]                       0x080037ac   Section        0  stm32f1xx_hal_tim.o(.text.HAL_TIM_PWM_MspInit)
    [Anonymous Symbol]                       0x080037b0   Section        0  stm32f1xx_hal_tim.o(.text.HAL_TIM_PWM_PulseFinishedCallback)
    [Anonymous Symbol]                       0x080037b4   Section        0  stm32f1xx_hal_tim.o(.text.HAL_TIM_PWM_Start)
    [Anonymous Symbol]                       0x08003894   Section        0  main.o(.text.HAL_TIM_PeriodElapsedCallback)
    [Anonymous Symbol]                       0x080039a4   Section        0  stm32f1xx_hal_tim.o(.text.HAL_TIM_TriggerCallback)
    [Anonymous Symbol]                       0x080039a8   Section        0  stm32f1xx_it.o(.text.HardFault_Handler)
    I2C_WaitOnBTFFlagUntilTimeout            0x080039ad   Thumb Code   190  stm32f1xx_hal_i2c.o(.text.I2C_WaitOnBTFFlagUntilTimeout)
    [Anonymous Symbol]                       0x080039ac   Section        0  stm32f1xx_hal_i2c.o(.text.I2C_WaitOnBTFFlagUntilTimeout)
    I2C_WaitOnFlagUntilTimeout               0x08003a6d   Thumb Code   466  stm32f1xx_hal_i2c.o(.text.I2C_WaitOnFlagUntilTimeout)
    [Anonymous Symbol]                       0x08003a6c   Section        0  stm32f1xx_hal_i2c.o(.text.I2C_WaitOnFlagUntilTimeout)
    I2C_WaitOnMasterAddressFlagUntilTimeout  0x08003c41   Thumb Code   224  stm32f1xx_hal_i2c.o(.text.I2C_WaitOnMasterAddressFlagUntilTimeout)
    [Anonymous Symbol]                       0x08003c40   Section        0  stm32f1xx_hal_i2c.o(.text.I2C_WaitOnMasterAddressFlagUntilTimeout)
    I2C_WaitOnTXEFlagUntilTimeout            0x08003d21   Thumb Code   190  stm32f1xx_hal_i2c.o(.text.I2C_WaitOnTXEFlagUntilTimeout)
    [Anonymous Symbol]                       0x08003d20   Section        0  stm32f1xx_hal_i2c.o(.text.I2C_WaitOnTXEFlagUntilTimeout)
    [Anonymous Symbol]                       0x08003de0   Section        0  stm32f1xx_it.o(.text.MemManage_Handler)
    [Anonymous Symbol]                       0x08003de4   Section        0  stm32f1xx_it.o(.text.NMI_Handler)
    [Anonymous Symbol]                       0x08003de8   Section        0  stm32f1xx_it.o(.text.PendSV_Handler)
    [Anonymous Symbol]                       0x08003dec   Section        0  stm32f1xx_it.o(.text.SVC_Handler)
    [Anonymous Symbol]                       0x08003df0   Section        0  stm32f1xx_it.o(.text.SysTick_Handler)
    [Anonymous Symbol]                       0x08003df4   Section        0  system_stm32f1xx.o(.text.SystemInit)
    [Anonymous Symbol]                       0x08003df8   Section        0  stm32f1xx_it.o(.text.TIM1_UP_IRQHandler)
    [Anonymous Symbol]                       0x08003e04   Section        0  stm32f1xx_it.o(.text.TIM2_IRQHandler)
    [Anonymous Symbol]                       0x08003e10   Section        0  stm32f1xx_it.o(.text.TIM3_IRQHandler)
    [Anonymous Symbol]                       0x08003e1c   Section        0  stm32f1xx_it.o(.text.USB_LP_CAN1_RX0_IRQHandler)
    [Anonymous Symbol]                       0x08003e28   Section        0  stm32f1xx_it.o(.text.UsageFault_Handler)
    [Anonymous Symbol]                       0x08003e2c   Section        0  convert_lib.o(.text.convert8byteToUint32_t)
    [Anonymous Symbol]                       0x08003ef8   Section        0  convert_lib.o(.text.convertFloatTo8Byte)
    [Anonymous Symbol]                       0x08003fb0   Section        0  main.o(.text.dc_motor_control)
    [Anonymous Symbol]                       0x08004078   Section        0  main.o(.text.main)
    [Anonymous Symbol]                       0x080047d8   Section        0  main.o(.text.pid_controller)
    CL$$btod_d2e                             0x080048a0   Section       62  btod.o(CL$$btod_d2e)
    CL$$btod_d2e_denorm_low                  0x080048de   Section       70  btod.o(CL$$btod_d2e_denorm_low)
    CL$$btod_d2e_norm_op1                    0x08004924   Section       96  btod.o(CL$$btod_d2e_norm_op1)
    CL$$btod_div_common                      0x08004984   Section      824  btod.o(CL$$btod_div_common)
    CL$$btod_e2e                             0x08004cbc   Section      220  btod.o(CL$$btod_e2e)
    CL$$btod_ediv                            0x08004d98   Section       42  btod.o(CL$$btod_ediv)
    CL$$btod_emul                            0x08004dc2   Section       42  btod.o(CL$$btod_emul)
    CL$$btod_mult_common                     0x08004dec   Section      580  btod.o(CL$$btod_mult_common)
    i.__ARM_fpclassify                       0x08005030   Section        0  fpclassify.o(i.__ARM_fpclassify)
    i._is_digit                              0x08005058   Section        0  __printf_wp.o(i._is_digit)
    locale$$code                             0x08005068   Section       44  lc_numeric_c.o(locale$$code)
    x$fpl$d2f                                0x08005094   Section       98  d2f.o(x$fpl$d2f)
    x$fpl$dadd                               0x080050f8   Section      336  daddsub_clz.o(x$fpl$dadd)
    _dadd1                                   0x08005109   Thumb Code     0  daddsub_clz.o(x$fpl$dadd)
    x$fpl$ddiv                               0x08005248   Section      692  ddiv.o(x$fpl$ddiv)
    ddiv_entry                               0x0800524f   Thumb Code     0  ddiv.o(x$fpl$ddiv)
    x$fpl$dfix                               0x080054fc   Section       94  dfix.o(x$fpl$dfix)
    x$fpl$dflt                               0x0800555a   Section       46  dflt_clz.o(x$fpl$dflt)
    x$fpl$dfltu                              0x08005588   Section       38  dflt_clz.o(x$fpl$dfltu)
    x$fpl$dmul                               0x080055b0   Section      340  dmul.o(x$fpl$dmul)
    x$fpl$dnaninf                            0x08005704   Section      156  dnaninf.o(x$fpl$dnaninf)
    x$fpl$dretinf                            0x080057a0   Section       12  dretinf.o(x$fpl$dretinf)
    x$fpl$dsub                               0x080057ac   Section      476  daddsub_clz.o(x$fpl$dsub)
    _dsub1                                   0x080057bd   Thumb Code     0  daddsub_clz.o(x$fpl$dsub)
    x$fpl$f2d                                0x08005988   Section       86  f2d.o(x$fpl$f2d)
    x$fpl$fadd                               0x080059e0   Section      196  faddsub_clz.o(x$fpl$fadd)
    _fadd1                                   0x080059ef   Thumb Code     0  faddsub_clz.o(x$fpl$fadd)
    x$fpl$fcmp                               0x08005aa4   Section       84  fcmp.o(x$fpl$fcmp)
    x$fpl$fcmpinf                            0x08005af8   Section       24  fcmpi.o(x$fpl$fcmpinf)
    _fdiv1                                   0x08005b11   Thumb Code     0  fdiv.o(x$fpl$fdiv)
    x$fpl$fdiv                               0x08005b10   Section      388  fdiv.o(x$fpl$fdiv)
    x$fpl$feqf                               0x08005c94   Section      104  feqf.o(x$fpl$feqf)
    x$fpl$ffix                               0x08005cfc   Section       54  ffix.o(x$fpl$ffix)
    x$fpl$fflt                               0x08005d34   Section       48  fflt_clz.o(x$fpl$fflt)
    x$fpl$ffltu                              0x08005d64   Section       38  fflt_clz.o(x$fpl$ffltu)
    x$fpl$fgeqf                              0x08005d8c   Section      104  fgeqf.o(x$fpl$fgeqf)
    x$fpl$fleqf                              0x08005df4   Section      104  fleqf.o(x$fpl$fleqf)
    x$fpl$fmul                               0x08005e5c   Section      258  fmul.o(x$fpl$fmul)
    x$fpl$fnaninf                            0x08005f5e   Section      140  fnaninf.o(x$fpl$fnaninf)
    x$fpl$fretinf                            0x08005fea   Section       10  fretinf.o(x$fpl$fretinf)
    x$fpl$fsub                               0x08005ff4   Section      234  faddsub_clz.o(x$fpl$fsub)
    _fsub1                                   0x08006003   Thumb Code     0  faddsub_clz.o(x$fpl$fsub)
    x$fpl$printf1                            0x080060de   Section        4  printf1.o(x$fpl$printf1)
    x$fpl$usenofp                            0x080060e2   Section        0  usenofp.o(x$fpl$usenofp)
    tenpwrs_x                                0x080060e4   Data          60  bigflt0.o(.constdata)
    .constdata                               0x080060e4   Section      148  bigflt0.o(.constdata)
    tenpwrs_i                                0x08006120   Data          64  bigflt0.o(.constdata)
    HAL_RCC_GetSysClockFreq.aPredivFactorTable 0x08006190   Data           2  stm32f1xx_hal_rcc.o(.rodata.HAL_RCC_GetSysClockFreq.aPredivFactorTable)
    [Anonymous Symbol]                       0x08006190   Section        0  stm32f1xx_hal_rcc.o(.rodata.HAL_RCC_GetSysClockFreq.aPredivFactorTable)
    HAL_RCC_GetSysClockFreq.aPLLMULFactorTable 0x08006192   Data          16  stm32f1xx_hal_rcc.o(.rodata.cst16)
    [Anonymous Symbol]                       0x08006192   Section        0  stm32f1xx_hal_rcc.o(.rodata.cst16)
    .L.str.1                                 0x080061a2   Data          14  main.o(.rodata.str1.1)
    [Anonymous Symbol]                       0x080061a2   Section        0  main.o(.rodata.str1.1)
    .L.str                                   0x080061b0   Data          16  main.o(.rodata.str1.1)
    locale$$data                             0x080061e0   Section       28  lc_numeric_c.o(locale$$data)
    __lcnum_c_name                           0x080061e4   Data           2  lc_numeric_c.o(locale$$data)
    __lcnum_c_start                          0x080061ec   Data           0  lc_numeric_c.o(locale$$data)
    __lcnum_c_point                          0x080061f8   Data           0  lc_numeric_c.o(locale$$data)
    __lcnum_c_thousands                      0x080061fa   Data           0  lc_numeric_c.o(locale$$data)
    __lcnum_c_grouping                       0x080061fb   Data           0  lc_numeric_c.o(locale$$data)
    __lcnum_c_end                            0x080061fc   Data           0  lc_numeric_c.o(locale$$data)
    .L_MergedGlobals                         0x20000000   Data          20  main.o(.data..L_MergedGlobals)
    [Anonymous Symbol]                       0x20000000   Section        0  main.o(.data..L_MergedGlobals)
    .L_MergedGlobals                         0x20000014   Data           8  stm32f1xx_hal.o(.data..L_MergedGlobals)
    [Anonymous Symbol]                       0x20000014   Section        0  stm32f1xx_hal.o(.data..L_MergedGlobals)
    .bss                                     0x20000020   Section       96  libspace.o(.bss)
    .L_MergedGlobals.6                       0x20000080   Data         116  main.o(.bss..L_MergedGlobals.6)
    [Anonymous Symbol]                       0x20000080   Section        0  main.o(.bss..L_MergedGlobals.6)
    pid_controller.last_d_term_f             0x200000ac   Data           4  main.o(.bss..L_MergedGlobals.6)
    .L_MergedGlobals.7                       0x200000f4   Data          92  main.o(.bss..L_MergedGlobals.7)
    [Anonymous Symbol]                       0x200000f4   Section        0  main.o(.bss..L_MergedGlobals.7)
    .L_MergedGlobals.8                       0x20000150   Data         120  main.o(.bss..L_MergedGlobals.8)
    [Anonymous Symbol]                       0x20000150   Section        0  main.o(.bss..L_MergedGlobals.8)
    Heap_Mem                                 0x200002b0   Data         512  startup_stm32f103xb.o(HEAP)
    HEAP                                     0x200002b0   Section      512  startup_stm32f103xb.o(HEAP)
    Stack_Mem                                0x200004b0   Data        1024  startup_stm32f103xb.o(STACK)
    STACK                                    0x200004b0   Section     1024  startup_stm32f103xb.o(STACK)
    __initial_sp                             0x200008b0   Data           0  startup_stm32f103xb.o(STACK)

    Global Symbols

    Symbol Name                              Value     Ov Type        Size  Object(Section)

    BuildAttributes$$THM_ISAv4$P$D$K$B$S$PE$A:L22UL41UL21$X:L11$S22US41US21$IEEE1$IW$~IW$USESV6$~STKCKD$USESV7$~SHL$OTIME$ROPI$IEEEJ$EBA8$UX$STANDARDLIB$REQ8$PRES8$EABIv2 0x00000000   Number         0  anon$$obj.o ABSOLUTE
    __fp_init_empty                          0x00000000   Number         0  fpinit_empty.o ABSOLUTE
    _printf_flags                            0x00000000   Number         0  printf_stubs.o ABSOLUTE
    _printf_return_value                     0x00000000   Number         0  printf_stubs.o ABSOLUTE
    _printf_sizespec                         0x00000000   Number         0  printf_stubs.o ABSOLUTE
    _printf_widthprec                        0x00000000   Number         0  printf_stubs.o ABSOLUTE
    __ARM_exceptions_init                     - Undefined Weak Reference
    __alloca_initialize                       - Undefined Weak Reference
    __arm_preinit_                            - Undefined Weak Reference
    __arm_relocate_pie_                       - Undefined Weak Reference
    __cpp_initialize__aeabi_                  - Undefined Weak Reference
    __cxa_finalize                            - Undefined Weak Reference
    __sigvec_lookup                           - Undefined Weak Reference
    _atexit_init                              - Undefined Weak Reference
    _call_atexit_fns                          - Undefined Weak Reference
    _clock_init                               - Undefined Weak Reference
    _fp_trap_init                             - Undefined Weak Reference
    _fp_trap_shutdown                         - Undefined Weak Reference
    _get_lc_collate                           - Undefined Weak Reference
    _get_lc_ctype                             - Undefined Weak Reference
    _get_lc_monetary                          - Undefined Weak Reference
    _get_lc_time                              - Undefined Weak Reference
    _getenv_init                              - Undefined Weak Reference
    _handle_redirection                       - Undefined Weak Reference
    _init_alloc                               - Undefined Weak Reference
    _init_user_alloc                          - Undefined Weak Reference
    _initio                                   - Undefined Weak Reference
    _printf_post_padding                      - Undefined Weak Reference
    _printf_pre_padding                       - Undefined Weak Reference
    _printf_truncate_signed                   - Undefined Weak Reference
    _printf_truncate_unsigned                 - Undefined Weak Reference
    _rand_init                                - Undefined Weak Reference
    _signal_finish                            - Undefined Weak Reference
    _signal_init                              - Undefined Weak Reference
    _terminate_alloc                          - Undefined Weak Reference
    _terminate_user_alloc                     - Undefined Weak Reference
    _terminateio                              - Undefined Weak Reference
    __Vectors_Size                           0x000000ec   Number         0  startup_stm32f103xb.o ABSOLUTE
    __Vectors                                0x08000000   Data           4  startup_stm32f103xb.o(RESET)
    __Vectors_End                            0x080000ec   Data           0  startup_stm32f103xb.o(RESET)
    __main                                   0x080000ed   Thumb Code     8  __main.o(!!!main)
    __scatterload                            0x080000f5   Thumb Code     0  __scatter.o(!!!scatter)
    __scatterload_rt2                        0x080000f5   Thumb Code    44  __scatter.o(!!!scatter)
    __scatterload_rt2_thumb_only             0x080000f5   Thumb Code     0  __scatter.o(!!!scatter)
    __scatterload_null                       0x08000103   Thumb Code     0  __scatter.o(!!!scatter)
    __scatterload_copy                       0x08000129   Thumb Code    26  __scatter_copy.o(!!handler_copy)
    __scatterload_zeroinit                   0x08000145   Thumb Code    28  __scatter_zi.o(!!handler_zi)
    _printf_f                                0x08000161   Thumb Code     0  _printf_f.o(.ARM.Collect$$_printf_percent$$00000003)
    _printf_percent                          0x08000161   Thumb Code     0  _printf_percent.o(.ARM.Collect$$_printf_percent$$00000000)
    _printf_d                                0x08000167   Thumb Code     0  _printf_d.o(.ARM.Collect$$_printf_percent$$00000009)
    _printf_percent_end                      0x0800016d   Thumb Code     0  _printf_percent_end.o(.ARM.Collect$$_printf_percent$$00000017)
    __rt_lib_init                            0x08000171   Thumb Code     0  libinit.o(.ARM.Collect$$libinit$$00000000)
    __rt_lib_init_fp_1                       0x08000173   Thumb Code     0  libinit2.o(.ARM.Collect$$libinit$$00000002)
    __rt_lib_init_heap_1                     0x08000173   Thumb Code     0  libinit2.o(.ARM.Collect$$libinit$$0000000C)
    __rt_lib_init_lc_common                  0x08000173   Thumb Code     0  libinit2.o(.ARM.Collect$$libinit$$00000011)
    __rt_lib_init_preinit_1                  0x08000173   Thumb Code     0  libinit2.o(.ARM.Collect$$libinit$$00000006)
    __rt_lib_init_rand_1                     0x08000173   Thumb Code     0  libinit2.o(.ARM.Collect$$libinit$$00000010)
    __rt_lib_init_relocate_pie_1             0x08000173   Thumb Code     0  libinit2.o(.ARM.Collect$$libinit$$00000004)
    __rt_lib_init_user_alloc_1               0x08000173   Thumb Code     0  libinit2.o(.ARM.Collect$$libinit$$0000000E)
    __rt_lib_init_lc_collate_1               0x08000179   Thumb Code     0  libinit2.o(.ARM.Collect$$libinit$$00000013)
    __rt_lib_init_lc_ctype_1                 0x08000179   Thumb Code     0  libinit2.o(.ARM.Collect$$libinit$$00000015)
    __rt_lib_init_lc_monetary_1              0x08000179   Thumb Code     0  libinit2.o(.ARM.Collect$$libinit$$00000017)
    __rt_lib_init_lc_numeric_2               0x08000179   Thumb Code     0  libinit2.o(.ARM.Collect$$libinit$$00000018)
    __rt_lib_init_alloca_1                   0x08000183   Thumb Code     0  libinit2.o(.ARM.Collect$$libinit$$00000030)
    __rt_lib_init_argv_1                     0x08000183   Thumb Code     0  libinit2.o(.ARM.Collect$$libinit$$0000002E)
    __rt_lib_init_atexit_1                   0x08000183   Thumb Code     0  libinit2.o(.ARM.Collect$$libinit$$0000001D)
    __rt_lib_init_clock_1                    0x08000183   Thumb Code     0  libinit2.o(.ARM.Collect$$libinit$$00000023)
    __rt_lib_init_cpp_1                      0x08000183   Thumb Code     0  libinit2.o(.ARM.Collect$$libinit$$00000034)
    __rt_lib_init_exceptions_1               0x08000183   Thumb Code     0  libinit2.o(.ARM.Collect$$libinit$$00000032)
    __rt_lib_init_fp_trap_1                  0x08000183   Thumb Code     0  libinit2.o(.ARM.Collect$$libinit$$00000021)
    __rt_lib_init_getenv_1                   0x08000183   Thumb Code     0  libinit2.o(.ARM.Collect$$libinit$$00000025)
    __rt_lib_init_lc_numeric_1               0x08000183   Thumb Code     0  libinit2.o(.ARM.Collect$$libinit$$00000019)
    __rt_lib_init_lc_time_1                  0x08000183   Thumb Code     0  libinit2.o(.ARM.Collect$$libinit$$0000001B)
    __rt_lib_init_return                     0x08000183   Thumb Code     0  libinit2.o(.ARM.Collect$$libinit$$00000035)
    __rt_lib_init_signal_1                   0x08000183   Thumb Code     0  libinit2.o(.ARM.Collect$$libinit$$0000001F)
    __rt_lib_init_stdio_1                    0x08000183   Thumb Code     0  libinit2.o(.ARM.Collect$$libinit$$00000027)
    __rt_lib_shutdown                        0x08000185   Thumb Code     0  libshutdown.o(.ARM.Collect$$libshutdown$$00000000)
    __rt_lib_shutdown_cpp_1                  0x08000187   Thumb Code     0  libshutdown2.o(.ARM.Collect$$libshutdown$$00000002)
    __rt_lib_shutdown_fp_trap_1              0x08000187   Thumb Code     0  libshutdown2.o(.ARM.Collect$$libshutdown$$00000007)
    __rt_lib_shutdown_heap_1                 0x08000187   Thumb Code     0  libshutdown2.o(.ARM.Collect$$libshutdown$$0000000F)
    __rt_lib_shutdown_return                 0x08000187   Thumb Code     0  libshutdown2.o(.ARM.Collect$$libshutdown$$00000010)
    __rt_lib_shutdown_signal_1               0x08000187   Thumb Code     0  libshutdown2.o(.ARM.Collect$$libshutdown$$0000000A)
    __rt_lib_shutdown_stdio_1                0x08000187   Thumb Code     0  libshutdown2.o(.ARM.Collect$$libshutdown$$00000004)
    __rt_lib_shutdown_user_alloc_1           0x08000187   Thumb Code     0  libshutdown2.o(.ARM.Collect$$libshutdown$$0000000C)
    __rt_entry                               0x08000189   Thumb Code     0  __rtentry.o(.ARM.Collect$$rtentry$$00000000)
    __rt_entry_presh_1                       0x08000189   Thumb Code     0  __rtentry2.o(.ARM.Collect$$rtentry$$00000002)
    __rt_entry_sh                            0x08000189   Thumb Code     0  __rtentry4.o(.ARM.Collect$$rtentry$$00000004)
    __rt_entry_li                            0x0800018f   Thumb Code     0  __rtentry2.o(.ARM.Collect$$rtentry$$0000000A)
    __rt_entry_postsh_1                      0x0800018f   Thumb Code     0  __rtentry2.o(.ARM.Collect$$rtentry$$00000009)
    __rt_entry_main                          0x08000193   Thumb Code     0  __rtentry2.o(.ARM.Collect$$rtentry$$0000000D)
    __rt_entry_postli_1                      0x08000193   Thumb Code     0  __rtentry2.o(.ARM.Collect$$rtentry$$0000000C)
    __rt_exit                                0x0800019b   Thumb Code     0  rtexit.o(.ARM.Collect$$rtexit$$00000000)
    __rt_exit_ls                             0x0800019d   Thumb Code     0  rtexit2.o(.ARM.Collect$$rtexit$$00000003)
    __rt_exit_prels_1                        0x0800019d   Thumb Code     0  rtexit2.o(.ARM.Collect$$rtexit$$00000002)
    __rt_exit_exit                           0x080001a1   Thumb Code     0  rtexit2.o(.ARM.Collect$$rtexit$$00000004)
    Reset_Handler                            0x080001a9   Thumb Code     8  startup_stm32f103xb.o(.text)
    CAN1_SCE_IRQHandler                      0x080001c3   Thumb Code     0  startup_stm32f103xb.o(.text)
    DMA1_Channel1_IRQHandler                 0x080001c3   Thumb Code     0  startup_stm32f103xb.o(.text)
    DMA1_Channel2_IRQHandler                 0x080001c3   Thumb Code     0  startup_stm32f103xb.o(.text)
    DMA1_Channel3_IRQHandler                 0x080001c3   Thumb Code     0  startup_stm32f103xb.o(.text)
    DMA1_Channel4_IRQHandler                 0x080001c3   Thumb Code     0  startup_stm32f103xb.o(.text)
    DMA1_Channel5_IRQHandler                 0x080001c3   Thumb Code     0  startup_stm32f103xb.o(.text)
    DMA1_Channel6_IRQHandler                 0x080001c3   Thumb Code     0  startup_stm32f103xb.o(.text)
    DMA1_Channel7_IRQHandler                 0x080001c3   Thumb Code     0  startup_stm32f103xb.o(.text)
    EXTI0_IRQHandler                         0x080001c3   Thumb Code     0  startup_stm32f103xb.o(.text)
    EXTI15_10_IRQHandler                     0x080001c3   Thumb Code     0  startup_stm32f103xb.o(.text)
    EXTI3_IRQHandler                         0x080001c3   Thumb Code     0  startup_stm32f103xb.o(.text)
    EXTI4_IRQHandler                         0x080001c3   Thumb Code     0  startup_stm32f103xb.o(.text)
    EXTI9_5_IRQHandler                       0x080001c3   Thumb Code     0  startup_stm32f103xb.o(.text)
    FLASH_IRQHandler                         0x080001c3   Thumb Code     0  startup_stm32f103xb.o(.text)
    I2C1_ER_IRQHandler                       0x080001c3   Thumb Code     0  startup_stm32f103xb.o(.text)
    I2C1_EV_IRQHandler                       0x080001c3   Thumb Code     0  startup_stm32f103xb.o(.text)
    I2C2_ER_IRQHandler                       0x080001c3   Thumb Code     0  startup_stm32f103xb.o(.text)
    I2C2_EV_IRQHandler                       0x080001c3   Thumb Code     0  startup_stm32f103xb.o(.text)
    PVD_IRQHandler                           0x080001c3   Thumb Code     0  startup_stm32f103xb.o(.text)
    RCC_IRQHandler                           0x080001c3   Thumb Code     0  startup_stm32f103xb.o(.text)
    RTC_Alarm_IRQHandler                     0x080001c3   Thumb Code     0  startup_stm32f103xb.o(.text)
    RTC_IRQHandler                           0x080001c3   Thumb Code     0  startup_stm32f103xb.o(.text)
    SPI1_IRQHandler                          0x080001c3   Thumb Code     0  startup_stm32f103xb.o(.text)
    SPI2_IRQHandler                          0x080001c3   Thumb Code     0  startup_stm32f103xb.o(.text)
    TAMPER_IRQHandler                        0x080001c3   Thumb Code     0  startup_stm32f103xb.o(.text)
    TIM1_BRK_IRQHandler                      0x080001c3   Thumb Code     0  startup_stm32f103xb.o(.text)
    TIM1_CC_IRQHandler                       0x080001c3   Thumb Code     0  startup_stm32f103xb.o(.text)
    TIM1_TRG_COM_IRQHandler                  0x080001c3   Thumb Code     0  startup_stm32f103xb.o(.text)
    TIM4_IRQHandler                          0x080001c3   Thumb Code     0  startup_stm32f103xb.o(.text)
    USART1_IRQHandler                        0x080001c3   Thumb Code     0  startup_stm32f103xb.o(.text)
    USART2_IRQHandler                        0x080001c3   Thumb Code     0  startup_stm32f103xb.o(.text)
    USART3_IRQHandler                        0x080001c3   Thumb Code     0  startup_stm32f103xb.o(.text)
    USBWakeUp_IRQHandler                     0x080001c3   Thumb Code     0  startup_stm32f103xb.o(.text)
    USB_HP_CAN1_TX_IRQHandler                0x080001c3   Thumb Code     0  startup_stm32f103xb.o(.text)
    WWDG_IRQHandler                          0x080001c3   Thumb Code     0  startup_stm32f103xb.o(.text)
    __user_initial_stackheap                 0x080001c5   Thumb Code     0  startup_stm32f103xb.o(.text)
    __2sprintf                               0x080001e9   Thumb Code    34  noretval__2sprintf.o(.text)
    _printf_int_dec                          0x08000211   Thumb Code   104  _printf_dec.o(.text)
    __printf                                 0x08000289   Thumb Code   270  __printf_wp.o(.text)
    __use_two_region_memory                  0x08000397   Thumb Code     2  heapauxi.o(.text)
    __rt_heap_escrow$2region                 0x08000399   Thumb Code     2  heapauxi.o(.text)
    __rt_heap_expand$2region                 0x0800039b   Thumb Code     2  heapauxi.o(.text)
    _printf_int_common                       0x0800039d   Thumb Code   178  _printf_intcommon.o(.text)
    _printf_fp_dec_real                      0x080005ff   Thumb Code   620  _printf_fp_dec.o(.text)
    _printf_char_common                      0x08000877   Thumb Code    32  _printf_char_common.o(.text)
    _sputc                                   0x0800089d   Thumb Code    10  _sputc.o(.text)
    __rt_locale                              0x080008a9   Thumb Code     8  rt_locale_intlibspace.o(.text)
    _ll_udiv10                               0x080008b1   Thumb Code   138  lludiv10.o(.text)
    _printf_fp_infnan                        0x0800093d   Thumb Code   112  _printf_fp_infnan.o(.text)
    _btod_etento                             0x080009bd   Thumb Code   224  bigflt0.o(.text)
    __user_libspace                          0x08000aa1   Thumb Code     8  libspace.o(.text)
    __user_perproc_libspace                  0x08000aa1   Thumb Code     0  libspace.o(.text)
    __user_perthread_libspace                0x08000aa1   Thumb Code     0  libspace.o(.text)
    __user_setup_stackheap                   0x08000aa9   Thumb Code    74  sys_stackheap_outer.o(.text)
    exit                                     0x08000af3   Thumb Code    18  exit.o(.text)
    strcmp                                   0x08000b05   Thumb Code   128  strcmpv7m.o(.text)
    _sys_exit                                0x08000b85   Thumb Code     8  sys_exit.o(.text)
    __I$use$semihosting                      0x08000b91   Thumb Code     0  use_no_semi.o(.text)
    __use_no_semihosting_swi                 0x08000b91   Thumb Code     2  use_no_semi.o(.text)
    __semihosting_library_function           0x08000b93   Thumb Code     0  indicate_semi.o(.text)
    ADC1_2_IRQHandler                        0x08000b95   Thumb Code    12  stm32f1xx_it.o(.text.ADC1_2_IRQHandler)
    ADC_Enable                               0x08000ba1   Thumb Code   182  stm32f1xx_hal_adc.o(.text.ADC_Enable)
    BusFault_Handler                         0x08000c59   Thumb Code     2  stm32f1xx_it.o(.text.BusFault_Handler)
    CAN1_RX1_IRQHandler                      0x08000c5d   Thumb Code    12  stm32f1xx_it.o(.text.CAN1_RX1_IRQHandler)
    CLCD_I2C_Clear                           0x08000c69   Thumb Code    86  clcd_i2c.o(.text.CLCD_I2C_Clear)
    CLCD_I2C_Init                            0x08000cc1   Thumb Code   720  clcd_i2c.o(.text.CLCD_I2C_Init)
    CLCD_I2C_SetCursor                       0x08000f91   Thumb Code   138  clcd_i2c.o(.text.CLCD_I2C_SetCursor)
    CLCD_I2C_WriteString                     0x0800101d   Thumb Code   116  clcd_i2c.o(.text.CLCD_I2C_WriteString)
    DebugMon_Handler                         0x08001091   Thumb Code     2  stm32f1xx_it.o(.text.DebugMon_Handler)
    EXTI1_IRQHandler                         0x08001095   Thumb Code     6  stm32f1xx_it.o(.text.EXTI1_IRQHandler)
    EXTI2_IRQHandler                         0x0800109d   Thumb Code     6  stm32f1xx_it.o(.text.EXTI2_IRQHandler)
    HAL_ADCEx_InjectedConvCpltCallback       0x080010a5   Thumb Code     2  stm32f1xx_hal_adc_ex.o(.text.HAL_ADCEx_InjectedConvCpltCallback)
    HAL_ADC_ConfigChannel                    0x080010a9   Thumb Code   404  stm32f1xx_hal_adc.o(.text.HAL_ADC_ConfigChannel)
    HAL_ADC_ConvCpltCallback                 0x0800123d   Thumb Code     2  stm32f1xx_hal_adc.o(.text.HAL_ADC_ConvCpltCallback)
    HAL_ADC_GetValue                         0x08001241   Thumb Code     6  stm32f1xx_hal_adc.o(.text.HAL_ADC_GetValue)
    HAL_ADC_IRQHandler                       0x08001249   Thumb Code   238  stm32f1xx_hal_adc.o(.text.HAL_ADC_IRQHandler)
    HAL_ADC_Init                             0x08001339   Thumb Code   348  stm32f1xx_hal_adc.o(.text.HAL_ADC_Init)
    HAL_ADC_LevelOutOfWindowCallback         0x08001495   Thumb Code     2  stm32f1xx_hal_adc.o(.text.HAL_ADC_LevelOutOfWindowCallback)
    HAL_ADC_MspInit                          0x08001499   Thumb Code   114  stm32f1xx_hal_msp.o(.text.HAL_ADC_MspInit)
    HAL_ADC_Start                            0x0800150d   Thumb Code   204  stm32f1xx_hal_adc.o(.text.HAL_ADC_Start)
    HAL_CAN_ActivateNotification             0x080015d9   Thumb Code    46  stm32f1xx_hal_can.o(.text.HAL_CAN_ActivateNotification)
    HAL_CAN_AddTxMessage                     0x08001609   Thumb Code   164  stm32f1xx_hal_can.o(.text.HAL_CAN_AddTxMessage)
    HAL_CAN_ConfigFilter                     0x080016ad   Thumb Code   234  stm32f1xx_hal_can.o(.text.HAL_CAN_ConfigFilter)
    HAL_CAN_ErrorCallback                    0x08001799   Thumb Code     2  stm32f1xx_hal_can.o(.text.HAL_CAN_ErrorCallback)
    HAL_CAN_GetRxMessage                     0x0800179d   Thumb Code   308  stm32f1xx_hal_can.o(.text.HAL_CAN_GetRxMessage)
    HAL_CAN_IRQHandler                       0x080018d1   Thumb Code   606  stm32f1xx_hal_can.o(.text.HAL_CAN_IRQHandler)
    HAL_CAN_Init                             0x08001b31   Thumb Code   244  stm32f1xx_hal_can.o(.text.HAL_CAN_Init)
    HAL_CAN_MspInit                          0x08001c25   Thumb Code   154  stm32f1xx_hal_msp.o(.text.HAL_CAN_MspInit)
    HAL_CAN_RxFifo0FullCallback              0x08001cc1   Thumb Code     2  stm32f1xx_hal_can.o(.text.HAL_CAN_RxFifo0FullCallback)
    HAL_CAN_RxFifo0MsgPendingCallback        0x08001cc5   Thumb Code    82  main.o(.text.HAL_CAN_RxFifo0MsgPendingCallback)
    HAL_CAN_RxFifo1FullCallback              0x08001d19   Thumb Code     2  stm32f1xx_hal_can.o(.text.HAL_CAN_RxFifo1FullCallback)
    HAL_CAN_RxFifo1MsgPendingCallback        0x08001d1d   Thumb Code     2  stm32f1xx_hal_can.o(.text.HAL_CAN_RxFifo1MsgPendingCallback)
    HAL_CAN_SleepCallback                    0x08001d21   Thumb Code     2  stm32f1xx_hal_can.o(.text.HAL_CAN_SleepCallback)
    HAL_CAN_Start                            0x08001d25   Thumb Code    90  stm32f1xx_hal_can.o(.text.HAL_CAN_Start)
    HAL_CAN_TxMailbox0AbortCallback          0x08001d81   Thumb Code     2  stm32f1xx_hal_can.o(.text.HAL_CAN_TxMailbox0AbortCallback)
    HAL_CAN_TxMailbox0CompleteCallback       0x08001d85   Thumb Code     2  stm32f1xx_hal_can.o(.text.HAL_CAN_TxMailbox0CompleteCallback)
    HAL_CAN_TxMailbox1AbortCallback          0x08001d89   Thumb Code     2  stm32f1xx_hal_can.o(.text.HAL_CAN_TxMailbox1AbortCallback)
    HAL_CAN_TxMailbox1CompleteCallback       0x08001d8d   Thumb Code     2  stm32f1xx_hal_can.o(.text.HAL_CAN_TxMailbox1CompleteCallback)
    HAL_CAN_TxMailbox2AbortCallback          0x08001d91   Thumb Code     2  stm32f1xx_hal_can.o(.text.HAL_CAN_TxMailbox2AbortCallback)
    HAL_CAN_TxMailbox2CompleteCallback       0x08001d95   Thumb Code     2  stm32f1xx_hal_can.o(.text.HAL_CAN_TxMailbox2CompleteCallback)
    HAL_CAN_WakeUpFromRxMsgCallback          0x08001d99   Thumb Code     2  stm32f1xx_hal_can.o(.text.HAL_CAN_WakeUpFromRxMsgCallback)
    HAL_Delay                                0x08001d9d   Thumb Code    40  stm32f1xx_hal.o(.text.HAL_Delay)
    HAL_GPIO_EXTI_Callback                   0x08001dc5   Thumb Code    50  main.o(.text.HAL_GPIO_EXTI_Callback)
    HAL_GPIO_EXTI_IRQHandler                 0x08001df9   Thumb Code    22  stm32f1xx_hal_gpio.o(.text.HAL_GPIO_EXTI_IRQHandler)
    HAL_GPIO_Init                            0x08001e11   Thumb Code   530  stm32f1xx_hal_gpio.o(.text.HAL_GPIO_Init)
    HAL_GPIO_ReadPin                         0x08002025   Thumb Code    10  stm32f1xx_hal_gpio.o(.text.HAL_GPIO_ReadPin)
    HAL_GPIO_TogglePin                       0x08002031   Thumb Code    16  stm32f1xx_hal_gpio.o(.text.HAL_GPIO_TogglePin)
    HAL_GPIO_WritePin                        0x08002041   Thumb Code    10  stm32f1xx_hal_gpio.o(.text.HAL_GPIO_WritePin)
    HAL_GetTick                              0x0800204d   Thumb Code    12  stm32f1xx_hal.o(.text.HAL_GetTick)
    HAL_I2C_Init                             0x08002059   Thumb Code   374  stm32f1xx_hal_i2c.o(.text.HAL_I2C_Init)
    HAL_I2C_Master_Transmit                  0x080021d1   Thumb Code   468  stm32f1xx_hal_i2c.o(.text.HAL_I2C_Master_Transmit)
    HAL_I2C_MspInit                          0x080023a5   Thumb Code    98  stm32f1xx_hal_msp.o(.text.HAL_I2C_MspInit)
    HAL_IncTick                              0x08002409   Thumb Code    26  stm32f1xx_hal.o(.text.HAL_IncTick)
    HAL_Init                                 0x08002425   Thumb Code    38  stm32f1xx_hal.o(.text.HAL_Init)
    HAL_InitTick                             0x0800244d   Thumb Code    72  stm32f1xx_hal.o(.text.HAL_InitTick)
    HAL_MspInit                              0x08002495   Thumb Code    66  stm32f1xx_hal_msp.o(.text.HAL_MspInit)
    HAL_NVIC_EnableIRQ                       0x080024d9   Thumb Code    32  stm32f1xx_hal_cortex.o(.text.HAL_NVIC_EnableIRQ)
    HAL_NVIC_SetPriority                     0x080024f9   Thumb Code    86  stm32f1xx_hal_cortex.o(.text.HAL_NVIC_SetPriority)
    HAL_NVIC_SetPriorityGrouping             0x08002551   Thumb Code    32  stm32f1xx_hal_cortex.o(.text.HAL_NVIC_SetPriorityGrouping)
    HAL_RCCEx_PeriphCLKConfig                0x08002571   Thumb Code   266  stm32f1xx_hal_rcc_ex.o(.text.HAL_RCCEx_PeriphCLKConfig)
    HAL_RCC_ClockConfig                      0x0800267d   Thumb Code   446  stm32f1xx_hal_rcc.o(.text.HAL_RCC_ClockConfig)
    HAL_RCC_GetPCLK1Freq                     0x0800283d   Thumb Code    38  stm32f1xx_hal_rcc.o(.text.HAL_RCC_GetPCLK1Freq)
    HAL_RCC_OscConfig                        0x08002865   Thumb Code   948  stm32f1xx_hal_rcc.o(.text.HAL_RCC_OscConfig)
    HAL_SYSTICK_Config                       0x08002c19   Thumb Code    44  stm32f1xx_hal_cortex.o(.text.HAL_SYSTICK_Config)
    HAL_TIMEx_BreakCallback                  0x08002c45   Thumb Code     2  stm32f1xx_hal_tim_ex.o(.text.HAL_TIMEx_BreakCallback)
    HAL_TIMEx_CommutCallback                 0x08002c49   Thumb Code     2  stm32f1xx_hal_tim_ex.o(.text.HAL_TIMEx_CommutCallback)
    HAL_TIMEx_MasterConfigSynchronization    0x08002c4d   Thumb Code   122  stm32f1xx_hal_tim_ex.o(.text.HAL_TIMEx_MasterConfigSynchronization)
    HAL_TIM_Base_Init                        0x08002cc9   Thumb Code   236  stm32f1xx_hal_tim.o(.text.HAL_TIM_Base_Init)
    HAL_TIM_Base_MspInit                     0x08002db5   Thumb Code   124  stm32f1xx_hal_msp.o(.text.HAL_TIM_Base_MspInit)
    HAL_TIM_Base_Start_IT                    0x08002e31   Thumb Code   110  stm32f1xx_hal_tim.o(.text.HAL_TIM_Base_Start_IT)
    HAL_TIM_ConfigClockSource                0x08002ea1   Thumb Code   412  stm32f1xx_hal_tim.o(.text.HAL_TIM_ConfigClockSource)
    HAL_TIM_Encoder_Init                     0x0800303d   Thumb Code   332  stm32f1xx_hal_tim.o(.text.HAL_TIM_Encoder_Init)
    HAL_TIM_Encoder_MspInit                  0x08003189   Thumb Code   176  stm32f1xx_hal_msp.o(.text.HAL_TIM_Encoder_MspInit)
    HAL_TIM_Encoder_Start                    0x08003239   Thumb Code   188  stm32f1xx_hal_tim.o(.text.HAL_TIM_Encoder_Start)
    HAL_TIM_IC_CaptureCallback               0x080032f5   Thumb Code     2  stm32f1xx_hal_tim.o(.text.HAL_TIM_IC_CaptureCallback)
    HAL_TIM_IRQHandler                       0x080032f9   Thumb Code   368  stm32f1xx_hal_tim.o(.text.HAL_TIM_IRQHandler)
    HAL_TIM_MspPostInit                      0x08003469   Thumb Code    78  stm32f1xx_hal_msp.o(.text.HAL_TIM_MspPostInit)
    HAL_TIM_OC_DelayElapsedCallback          0x080034b9   Thumb Code     2  stm32f1xx_hal_tim.o(.text.HAL_TIM_OC_DelayElapsedCallback)
    HAL_TIM_PWM_ConfigChannel                0x080034bd   Thumb Code   516  stm32f1xx_hal_tim.o(.text.HAL_TIM_PWM_ConfigChannel)
    HAL_TIM_PWM_Init                         0x080036c1   Thumb Code   236  stm32f1xx_hal_tim.o(.text.HAL_TIM_PWM_Init)
    HAL_TIM_PWM_MspInit                      0x080037ad   Thumb Code     2  stm32f1xx_hal_tim.o(.text.HAL_TIM_PWM_MspInit)
    HAL_TIM_PWM_PulseFinishedCallback        0x080037b1   Thumb Code     2  stm32f1xx_hal_tim.o(.text.HAL_TIM_PWM_PulseFinishedCallback)
    HAL_TIM_PWM_Start                        0x080037b5   Thumb Code   222  stm32f1xx_hal_tim.o(.text.HAL_TIM_PWM_Start)
    HAL_TIM_PeriodElapsedCallback            0x08003895   Thumb Code   272  main.o(.text.HAL_TIM_PeriodElapsedCallback)
    HAL_TIM_TriggerCallback                  0x080039a5   Thumb Code     2  stm32f1xx_hal_tim.o(.text.HAL_TIM_TriggerCallback)
    HardFault_Handler                        0x080039a9   Thumb Code     2  stm32f1xx_it.o(.text.HardFault_Handler)
    MemManage_Handler                        0x08003de1   Thumb Code     2  stm32f1xx_it.o(.text.MemManage_Handler)
    NMI_Handler                              0x08003de5   Thumb Code     2  stm32f1xx_it.o(.text.NMI_Handler)
    PendSV_Handler                           0x08003de9   Thumb Code     2  stm32f1xx_it.o(.text.PendSV_Handler)
    SVC_Handler                              0x08003ded   Thumb Code     2  stm32f1xx_it.o(.text.SVC_Handler)
    SysTick_Handler                          0x08003df1   Thumb Code     4  stm32f1xx_it.o(.text.SysTick_Handler)
    SystemInit                               0x08003df5   Thumb Code     2  system_stm32f1xx.o(.text.SystemInit)
    TIM1_UP_IRQHandler                       0x08003df9   Thumb Code    12  stm32f1xx_it.o(.text.TIM1_UP_IRQHandler)
    TIM2_IRQHandler                          0x08003e05   Thumb Code    12  stm32f1xx_it.o(.text.TIM2_IRQHandler)
    TIM3_IRQHandler                          0x08003e11   Thumb Code    12  stm32f1xx_it.o(.text.TIM3_IRQHandler)
    USB_LP_CAN1_RX0_IRQHandler               0x08003e1d   Thumb Code    12  stm32f1xx_it.o(.text.USB_LP_CAN1_RX0_IRQHandler)
    UsageFault_Handler                       0x08003e29   Thumb Code     2  stm32f1xx_it.o(.text.UsageFault_Handler)
    convert8byteToUint32_t                   0x08003e2d   Thumb Code   204  convert_lib.o(.text.convert8byteToUint32_t)
    convertFloatTo8Byte                      0x08003ef9   Thumb Code   182  convert_lib.o(.text.convertFloatTo8Byte)
    dc_motor_control                         0x08003fb1   Thumb Code   200  main.o(.text.dc_motor_control)
    main                                     0x08004079   Thumb Code  1824  main.o(.text.main)
    pid_controller                           0x080047d9   Thumb Code   200  main.o(.text.pid_controller)
    _btod_d2e                                0x080048a1   Thumb Code    62  btod.o(CL$$btod_d2e)
    _d2e_denorm_low                          0x080048df   Thumb Code    70  btod.o(CL$$btod_d2e_denorm_low)
    _d2e_norm_op1                            0x08004925   Thumb Code    96  btod.o(CL$$btod_d2e_norm_op1)
    __btod_div_common                        0x08004985   Thumb Code   696  btod.o(CL$$btod_div_common)
    _e2e                                     0x08004cbd   Thumb Code   220  btod.o(CL$$btod_e2e)
    _btod_ediv                               0x08004d99   Thumb Code    42  btod.o(CL$$btod_ediv)
    _btod_emul                               0x08004dc3   Thumb Code    42  btod.o(CL$$btod_emul)
    __btod_mult_common                       0x08004ded   Thumb Code   580  btod.o(CL$$btod_mult_common)
    __ARM_fpclassify                         0x08005031   Thumb Code    40  fpclassify.o(i.__ARM_fpclassify)
    _is_digit                                0x08005059   Thumb Code    14  __printf_wp.o(i._is_digit)
    _get_lc_numeric                          0x08005069   Thumb Code    44  lc_numeric_c.o(locale$$code)
    __aeabi_d2f                              0x08005095   Thumb Code     0  d2f.o(x$fpl$d2f)
    _d2f                                     0x08005095   Thumb Code    98  d2f.o(x$fpl$d2f)
    __aeabi_dadd                             0x080050f9   Thumb Code     0  daddsub_clz.o(x$fpl$dadd)
    _dadd                                    0x080050f9   Thumb Code   332  daddsub_clz.o(x$fpl$dadd)
    __aeabi_ddiv                             0x08005249   Thumb Code     0  ddiv.o(x$fpl$ddiv)
    _ddiv                                    0x08005249   Thumb Code   556  ddiv.o(x$fpl$ddiv)
    __aeabi_d2iz                             0x080054fd   Thumb Code     0  dfix.o(x$fpl$dfix)
    _dfix                                    0x080054fd   Thumb Code    94  dfix.o(x$fpl$dfix)
    __aeabi_i2d                              0x0800555b   Thumb Code     0  dflt_clz.o(x$fpl$dflt)
    _dflt                                    0x0800555b   Thumb Code    46  dflt_clz.o(x$fpl$dflt)
    __aeabi_ui2d                             0x08005589   Thumb Code     0  dflt_clz.o(x$fpl$dfltu)
    _dfltu                                   0x08005589   Thumb Code    38  dflt_clz.o(x$fpl$dfltu)
    __aeabi_dmul                             0x080055b1   Thumb Code     0  dmul.o(x$fpl$dmul)
    _dmul                                    0x080055b1   Thumb Code   332  dmul.o(x$fpl$dmul)
    __fpl_dnaninf                            0x08005705   Thumb Code   156  dnaninf.o(x$fpl$dnaninf)
    __fpl_dretinf                            0x080057a1   Thumb Code    12  dretinf.o(x$fpl$dretinf)
    __aeabi_dsub                             0x080057ad   Thumb Code     0  daddsub_clz.o(x$fpl$dsub)
    _dsub                                    0x080057ad   Thumb Code   472  daddsub_clz.o(x$fpl$dsub)
    __aeabi_f2d                              0x08005989   Thumb Code     0  f2d.o(x$fpl$f2d)
    _f2d                                     0x08005989   Thumb Code    86  f2d.o(x$fpl$f2d)
    __aeabi_fadd                             0x080059e1   Thumb Code     0  faddsub_clz.o(x$fpl$fadd)
    _fadd                                    0x080059e1   Thumb Code   196  faddsub_clz.o(x$fpl$fadd)
    __aeabi_fcmpeq                           0x08005aa5   Thumb Code     0  fcmp.o(x$fpl$fcmp)
    _feq                                     0x08005aa5   Thumb Code    14  fcmp.o(x$fpl$fcmp)
    _fneq                                    0x08005ab3   Thumb Code    14  fcmp.o(x$fpl$fcmp)
    __aeabi_fcmpgt                           0x08005ac1   Thumb Code     0  fcmp.o(x$fpl$fcmp)
    _fgr                                     0x08005ac1   Thumb Code    14  fcmp.o(x$fpl$fcmp)
    __aeabi_fcmpge                           0x08005acf   Thumb Code     0  fcmp.o(x$fpl$fcmp)
    _fgeq                                    0x08005acf   Thumb Code    14  fcmp.o(x$fpl$fcmp)
    __aeabi_fcmple                           0x08005add   Thumb Code     0  fcmp.o(x$fpl$fcmp)
    _fleq                                    0x08005add   Thumb Code    14  fcmp.o(x$fpl$fcmp)
    __aeabi_fcmplt                           0x08005aeb   Thumb Code     0  fcmp.o(x$fpl$fcmp)
    _fls                                     0x08005aeb   Thumb Code    14  fcmp.o(x$fpl$fcmp)
    __fpl_fcmp_Inf                           0x08005af9   Thumb Code    24  fcmpi.o(x$fpl$fcmpinf)
    __aeabi_fdiv                             0x08005b11   Thumb Code     0  fdiv.o(x$fpl$fdiv)
    _fdiv                                    0x08005b11   Thumb Code   384  fdiv.o(x$fpl$fdiv)
    __aeabi_cfcmpeq                          0x08005c95   Thumb Code     0  feqf.o(x$fpl$feqf)
    _fcmpeq                                  0x08005c95   Thumb Code   104  feqf.o(x$fpl$feqf)
    __aeabi_f2iz                             0x08005cfd   Thumb Code     0  ffix.o(x$fpl$ffix)
    _ffix                                    0x08005cfd   Thumb Code    54  ffix.o(x$fpl$ffix)
    __aeabi_i2f                              0x08005d35   Thumb Code     0  fflt_clz.o(x$fpl$fflt)
    _fflt                                    0x08005d35   Thumb Code    48  fflt_clz.o(x$fpl$fflt)
    __aeabi_ui2f                             0x08005d65   Thumb Code     0  fflt_clz.o(x$fpl$ffltu)
    _ffltu                                   0x08005d65   Thumb Code    38  fflt_clz.o(x$fpl$ffltu)
    _fcmpge                                  0x08005d8d   Thumb Code   104  fgeqf.o(x$fpl$fgeqf)
    __aeabi_cfcmple                          0x08005df5   Thumb Code     0  fleqf.o(x$fpl$fleqf)
    _fcmple                                  0x08005df5   Thumb Code   104  fleqf.o(x$fpl$fleqf)
    __fpl_fcmple_InfNaN                      0x08005e47   Thumb Code     0  fleqf.o(x$fpl$fleqf)
    __aeabi_fmul                             0x08005e5d   Thumb Code     0  fmul.o(x$fpl$fmul)
    _fmul                                    0x08005e5d   Thumb Code   258  fmul.o(x$fpl$fmul)
    __fpl_fnaninf                            0x08005f5f   Thumb Code   140  fnaninf.o(x$fpl$fnaninf)
    __fpl_fretinf                            0x08005feb   Thumb Code    10  fretinf.o(x$fpl$fretinf)
    __aeabi_fsub                             0x08005ff5   Thumb Code     0  faddsub_clz.o(x$fpl$fsub)
    _fsub                                    0x08005ff5   Thumb Code   234  faddsub_clz.o(x$fpl$fsub)
    _printf_fp_dec                           0x080060df   Thumb Code     4  printf1.o(x$fpl$printf1)
    __I$use$fp                               0x080060e2   Number         0  usenofp.o(x$fpl$usenofp)
    AHBPrescTable                            0x08006178   Data          16  system_stm32f1xx.o(.rodata.AHBPrescTable)
    APBPrescTable                            0x08006188   Data           8  system_stm32f1xx.o(.rodata.APBPrescTable)
    Region$$Table$$Base                      0x080061c0   Number         0  anon$$obj.o(Region$$Table)
    Region$$Table$$Limit                     0x080061e0   Number         0  anon$$obj.o(Region$$Table)
    mode                                     0x20000000   Data           1  main.o(.data..L_MergedGlobals)
    count                                    0x20000004   Data           4  main.o(.data..L_MergedGlobals)
    Kp                                       0x20000008   Data           4  main.o(.data..L_MergedGlobals)
    Kd                                       0x2000000c   Data           4  main.o(.data..L_MergedGlobals)
    Ts                                       0x20000010   Data           4  main.o(.data..L_MergedGlobals)
    uwTickFreq                               0x20000014   Data           1  stm32f1xx_hal.o(.data..L_MergedGlobals)
    uwTickPrio                               0x20000018   Data           4  stm32f1xx_hal.o(.data..L_MergedGlobals)
    SystemCoreClock                          0x2000001c   Data           4  system_stm32f1xx.o(.data.SystemCoreClock)
    __libspace_start                         0x20000020   Data          96  libspace.o(.bss)
    __temporary_stack_top$libspace           0x20000080   Data           0  libspace.o(.bss)
    vel                                      0x20000080   Data           1  main.o(.bss..L_MergedGlobals.6)
    changeMode                               0x20000081   Data           1  main.o(.bss..L_MergedGlobals.6)
    btnState                                 0x20000082   Data           1  main.o(.bss..L_MergedGlobals.6)
    encoderGet                               0x20000084   Data           2  main.o(.bss..L_MergedGlobals.6)
    pwmValueCW                               0x20000086   Data           2  main.o(.bss..L_MergedGlobals.6)
    pwmValueCCW                              0x20000088   Data           2  main.o(.bss..L_MergedGlobals.6)
    encoderValue                             0x2000008c   Data           4  main.o(.bss..L_MergedGlobals.6)
    last_encoderValue                        0x20000090   Data           4  main.o(.bss..L_MergedGlobals.6)
    angular_vel                              0x20000094   Data           4  main.o(.bss..L_MergedGlobals.6)
    valueIn                                  0x20000098   Data           4  main.o(.bss..L_MergedGlobals.6)
    setpoint                                 0x2000009c   Data           4  main.o(.bss..L_MergedGlobals.6)
    adcValue                                 0x200000a0   Data           4  main.o(.bss..L_MergedGlobals.6)
    direction                                0x200000a4   Data           4  main.o(.bss..L_MergedGlobals.6)
    lastError                                0x200000a8   Data           4  main.o(.bss..L_MergedGlobals.6)
    output                                   0x200000b0   Data           4  main.o(.bss..L_MergedGlobals.6)
    TxMailbox                                0x200000b4   Data           4  main.o(.bss..L_MergedGlobals.6)
    TxData                                   0x200000b8   Data           8  main.o(.bss..L_MergedGlobals.6)
    RxData                                   0x200000c0   Data           8  main.o(.bss..L_MergedGlobals.6)
    LCD1                                     0x200000c8   Data          12  main.o(.bss..L_MergedGlobals.6)
    lcdRPM                                   0x200000d4   Data          16  main.o(.bss..L_MergedGlobals.6)
    lcdEncoderValue                          0x200000e4   Data          16  main.o(.bss..L_MergedGlobals.6)
    TxHeader                                 0x200000f4   Data          24  main.o(.bss..L_MergedGlobals.7)
    RxHeader                                 0x2000010c   Data          28  main.o(.bss..L_MergedGlobals.7)
    hcan                                     0x20000128   Data          40  main.o(.bss..L_MergedGlobals.7)
    hadc1                                    0x20000150   Data          48  main.o(.bss..L_MergedGlobals.8)
    htim3                                    0x20000180   Data          72  main.o(.bss..L_MergedGlobals.8)
    hi2c1                                    0x200001c8   Data          84  main.o(.bss.hi2c1)
    htim1                                    0x2000021c   Data          72  main.o(.bss.htim1)
    htim2                                    0x20000264   Data          72  main.o(.bss.htim2)
    uwTick                                   0x200002ac   Data           4  stm32f1xx_hal.o(.bss.uwTick)



==============================================================================

Memory Map of the image

  Image Entry point : 0x080000ed

  Load Region LR_IROM1 (Base: 0x08000000, Size: 0x00006220, Max: 0x00010000, ABSOLUTE)

    Execution Region ER_IROM1 (Exec base: 0x08000000, Load base: 0x08000000, Size: 0x000061fc, Max: 0x00010000, ABSOLUTE)

    Exec Addr    Load Addr    Size         Type   Attr      Idx    E Section Name        Object

    0x08000000   0x08000000   0x000000ec   Data   RO            3    RESET               startup_stm32f103xb.o
    0x080000ec   0x080000ec   0x00000008   Code   RO         1214  * !!!main             c_w.l(__main.o)
    0x080000f4   0x080000f4   0x00000034   Code   RO         1510    !!!scatter          c_w.l(__scatter.o)
    0x08000128   0x08000128   0x0000001a   Code   RO         1512    !!handler_copy      c_w.l(__scatter_copy.o)
    0x08000142   0x08000142   0x00000002   PAD
    0x08000144   0x08000144   0x0000001c   Code   RO         1514    !!handler_zi        c_w.l(__scatter_zi.o)
    0x08000160   0x08000160   0x00000000   Code   RO         1209    .ARM.Collect$$_printf_percent$$00000000  c_w.l(_printf_percent.o)
    0x08000160   0x08000160   0x00000006   Code   RO         1208    .ARM.Collect$$_printf_percent$$00000003  c_w.l(_printf_f.o)
    0x08000166   0x08000166   0x00000006   Code   RO         1207    .ARM.Collect$$_printf_percent$$00000009  c_w.l(_printf_d.o)
    0x0800016c   0x0800016c   0x00000004   Code   RO         1279    .ARM.Collect$$_printf_percent$$00000017  c_w.l(_printf_percent_end.o)
    0x08000170   0x08000170   0x00000002   Code   RO         1373    .ARM.Collect$$libinit$$00000000  c_w.l(libinit.o)
    0x08000172   0x08000172   0x00000000   Code   RO         1375    .ARM.Collect$$libinit$$00000002  c_w.l(libinit2.o)
    0x08000172   0x08000172   0x00000000   Code   RO         1377    .ARM.Collect$$libinit$$00000004  c_w.l(libinit2.o)
    0x08000172   0x08000172   0x00000000   Code   RO         1379    .ARM.Collect$$libinit$$00000006  c_w.l(libinit2.o)
    0x08000172   0x08000172   0x00000000   Code   RO         1382    .ARM.Collect$$libinit$$0000000C  c_w.l(libinit2.o)
    0x08000172   0x08000172   0x00000000   Code   RO         1384    .ARM.Collect$$libinit$$0000000E  c_w.l(libinit2.o)
    0x08000172   0x08000172   0x00000000   Code   RO         1386    .ARM.Collect$$libinit$$00000010  c_w.l(libinit2.o)
    0x08000172   0x08000172   0x00000006   Code   RO         1387    .ARM.Collect$$libinit$$00000011  c_w.l(libinit2.o)
    0x08000178   0x08000178   0x00000000   Code   RO         1389    .ARM.Collect$$libinit$$00000013  c_w.l(libinit2.o)
    0x08000178   0x08000178   0x00000000   Code   RO         1391    .ARM.Collect$$libinit$$00000015  c_w.l(libinit2.o)
    0x08000178   0x08000178   0x00000000   Code   RO         1393    .ARM.Collect$$libinit$$00000017  c_w.l(libinit2.o)
    0x08000178   0x08000178   0x0000000a   Code   RO         1394    .ARM.Collect$$libinit$$00000018  c_w.l(libinit2.o)
    0x08000182   0x08000182   0x00000000   Code   RO         1395    .ARM.Collect$$libinit$$00000019  c_w.l(libinit2.o)
    0x08000182   0x08000182   0x00000000   Code   RO         1397    .ARM.Collect$$libinit$$0000001B  c_w.l(libinit2.o)
    0x08000182   0x08000182   0x00000000   Code   RO         1399    .ARM.Collect$$libinit$$0000001D  c_w.l(libinit2.o)
    0x08000182   0x08000182   0x00000000   Code   RO         1401    .ARM.Collect$$libinit$$0000001F  c_w.l(libinit2.o)
    0x08000182   0x08000182   0x00000000   Code   RO         1403    .ARM.Collect$$libinit$$00000021  c_w.l(libinit2.o)
    0x08000182   0x08000182   0x00000000   Code   RO         1405    .ARM.Collect$$libinit$$00000023  c_w.l(libinit2.o)
    0x08000182   0x08000182   0x00000000   Code   RO         1407    .ARM.Collect$$libinit$$00000025  c_w.l(libinit2.o)
    0x08000182   0x08000182   0x00000000   Code   RO         1409    .ARM.Collect$$libinit$$00000027  c_w.l(libinit2.o)
    0x08000182   0x08000182   0x00000000   Code   RO         1413    .ARM.Collect$$libinit$$0000002E  c_w.l(libinit2.o)
    0x08000182   0x08000182   0x00000000   Code   RO         1415    .ARM.Collect$$libinit$$00000030  c_w.l(libinit2.o)
    0x08000182   0x08000182   0x00000000   Code   RO         1417    .ARM.Collect$$libinit$$00000032  c_w.l(libinit2.o)
    0x08000182   0x08000182   0x00000000   Code   RO         1419    .ARM.Collect$$libinit$$00000034  c_w.l(libinit2.o)
    0x08000182   0x08000182   0x00000002   Code   RO         1420    .ARM.Collect$$libinit$$00000035  c_w.l(libinit2.o)
    0x08000184   0x08000184   0x00000002   Code   RO         1456    .ARM.Collect$$libshutdown$$00000000  c_w.l(libshutdown.o)
    0x08000186   0x08000186   0x00000000   Code   RO         1467    .ARM.Collect$$libshutdown$$00000002  c_w.l(libshutdown2.o)
    0x08000186   0x08000186   0x00000000   Code   RO         1469    .ARM.Collect$$libshutdown$$00000004  c_w.l(libshutdown2.o)
    0x08000186   0x08000186   0x00000000   Code   RO         1472    .ARM.Collect$$libshutdown$$00000007  c_w.l(libshutdown2.o)
    0x08000186   0x08000186   0x00000000   Code   RO         1475    .ARM.Collect$$libshutdown$$0000000A  c_w.l(libshutdown2.o)
    0x08000186   0x08000186   0x00000000   Code   RO         1477    .ARM.Collect$$libshutdown$$0000000C  c_w.l(libshutdown2.o)
    0x08000186   0x08000186   0x00000000   Code   RO         1480    .ARM.Collect$$libshutdown$$0000000F  c_w.l(libshutdown2.o)
    0x08000186   0x08000186   0x00000002   Code   RO         1481    .ARM.Collect$$libshutdown$$00000010  c_w.l(libshutdown2.o)
    0x08000188   0x08000188   0x00000000   Code   RO         1268    .ARM.Collect$$rtentry$$00000000  c_w.l(__rtentry.o)
    0x08000188   0x08000188   0x00000000   Code   RO         1296    .ARM.Collect$$rtentry$$00000002  c_w.l(__rtentry2.o)
    0x08000188   0x08000188   0x00000006   Code   RO         1308    .ARM.Collect$$rtentry$$00000004  c_w.l(__rtentry4.o)
    0x0800018e   0x0800018e   0x00000000   Code   RO         1298    .ARM.Collect$$rtentry$$00000009  c_w.l(__rtentry2.o)
    0x0800018e   0x0800018e   0x00000004   Code   RO         1299    .ARM.Collect$$rtentry$$0000000A  c_w.l(__rtentry2.o)
    0x08000192   0x08000192   0x00000000   Code   RO         1301    .ARM.Collect$$rtentry$$0000000C  c_w.l(__rtentry2.o)
    0x08000192   0x08000192   0x00000008   Code   RO         1302    .ARM.Collect$$rtentry$$0000000D  c_w.l(__rtentry2.o)
    0x0800019a   0x0800019a   0x00000002   Code   RO         1421    .ARM.Collect$$rtexit$$00000000  c_w.l(rtexit.o)
    0x0800019c   0x0800019c   0x00000000   Code   RO         1430    .ARM.Collect$$rtexit$$00000002  c_w.l(rtexit2.o)
    0x0800019c   0x0800019c   0x00000004   Code   RO         1431    .ARM.Collect$$rtexit$$00000003  c_w.l(rtexit2.o)
    0x080001a0   0x080001a0   0x00000006   Code   RO         1432    .ARM.Collect$$rtexit$$00000004  c_w.l(rtexit2.o)
    0x080001a6   0x080001a6   0x00000002   PAD
    0x080001a8   0x080001a8   0x00000040   Code   RO            4    .text               startup_stm32f103xb.o
    0x080001e8   0x080001e8   0x00000028   Code   RO         1181    .text               c_w.l(noretval__2sprintf.o)
    0x08000210   0x08000210   0x00000078   Code   RO         1185    .text               c_w.l(_printf_dec.o)
    0x08000288   0x08000288   0x0000010e   Code   RO         1195    .text               c_w.l(__printf_wp.o)
    0x08000396   0x08000396   0x00000006   Code   RO         1212    .text               c_w.l(heapauxi.o)
    0x0800039c   0x0800039c   0x000000b2   Code   RO         1269    .text               c_w.l(_printf_intcommon.o)
    0x0800044e   0x0800044e   0x0000041c   Code   RO         1271    .text               c_w.l(_printf_fp_dec.o)
    0x0800086a   0x0800086a   0x00000002   PAD
    0x0800086c   0x0800086c   0x00000030   Code   RO         1275    .text               c_w.l(_printf_char_common.o)
    0x0800089c   0x0800089c   0x0000000a   Code   RO         1277    .text               c_w.l(_sputc.o)
    0x080008a6   0x080008a6   0x00000002   PAD
    0x080008a8   0x080008a8   0x00000008   Code   RO         1313    .text               c_w.l(rt_locale_intlibspace.o)
    0x080008b0   0x080008b0   0x0000008a   Code   RO         1315    .text               c_w.l(lludiv10.o)
    0x0800093a   0x0800093a   0x00000002   PAD
    0x0800093c   0x0800093c   0x00000080   Code   RO         1317    .text               c_w.l(_printf_fp_infnan.o)
    0x080009bc   0x080009bc   0x000000e4   Code   RO         1321    .text               c_w.l(bigflt0.o)
    0x08000aa0   0x08000aa0   0x00000008   Code   RO         1357    .text               c_w.l(libspace.o)
    0x08000aa8   0x08000aa8   0x0000004a   Code   RO         1360    .text               c_w.l(sys_stackheap_outer.o)
    0x08000af2   0x08000af2   0x00000012   Code   RO         1364    .text               c_w.l(exit.o)
    0x08000b04   0x08000b04   0x00000080   Code   RO         1366    .text               c_w.l(strcmpv7m.o)
    0x08000b84   0x08000b84   0x0000000c   Code   RO         1442    .text               c_w.l(sys_exit.o)
    0x08000b90   0x08000b90   0x00000002   Code   RO         1457    .text               c_w.l(use_no_semi.o)
    0x08000b92   0x08000b92   0x00000000   Code   RO         1459    .text               c_w.l(indicate_semi.o)
    0x08000b92   0x08000b92   0x00000002   PAD
    0x08000b94   0x08000b94   0x0000000c   Code   RO          132    .text.ADC1_2_IRQHandler  stm32f1xx_it.o
    0x08000ba0   0x08000ba0   0x000000b6   Code   RO          209    .text.ADC_Enable    stm32f1xx_hal_adc.o
    0x08000c56   0x08000c56   0x00000002   PAD
    0x08000c58   0x08000c58   0x00000002   Code   RO          116    .text.BusFault_Handler  stm32f1xx_it.o
    0x08000c5a   0x08000c5a   0x00000002   PAD
    0x08000c5c   0x08000c5c   0x0000000c   Code   RO          136    .text.CAN1_RX1_IRQHandler  stm32f1xx_it.o
    0x08000c68   0x08000c68   0x00000056   Code   RO           19    .text.CLCD_I2C_Clear  clcd_i2c.o
    0x08000cbe   0x08000cbe   0x00000002   PAD
    0x08000cc0   0x08000cc0   0x000002d0   Code   RO           11    .text.CLCD_I2C_Init  clcd_i2c.o
    0x08000f90   0x08000f90   0x0000008a   Code   RO           13    .text.CLCD_I2C_SetCursor  clcd_i2c.o
    0x0800101a   0x0800101a   0x00000002   PAD
    0x0800101c   0x0800101c   0x00000074   Code   RO           17    .text.CLCD_I2C_WriteString  clcd_i2c.o
    0x08001090   0x08001090   0x00000002   Code   RO          122    .text.DebugMon_Handler  stm32f1xx_it.o
    0x08001092   0x08001092   0x00000002   PAD
    0x08001094   0x08001094   0x00000006   Code   RO          128    .text.EXTI1_IRQHandler  stm32f1xx_it.o
    0x0800109a   0x0800109a   0x00000002   PAD
    0x0800109c   0x0800109c   0x00000006   Code   RO          130    .text.EXTI2_IRQHandler  stm32f1xx_it.o
    0x080010a2   0x080010a2   0x00000002   PAD
    0x080010a4   0x080010a4   0x00000002   Code   RO          279    .text.HAL_ADCEx_InjectedConvCpltCallback  stm32f1xx_hal_adc_ex.o
    0x080010a6   0x080010a6   0x00000002   PAD
    0x080010a8   0x080010a8   0x00000194   Code   RO          243    .text.HAL_ADC_ConfigChannel  stm32f1xx_hal_adc.o
    0x0800123c   0x0800123c   0x00000002   Code   RO          235    .text.HAL_ADC_ConvCpltCallback  stm32f1xx_hal_adc.o
    0x0800123e   0x0800123e   0x00000002   PAD
    0x08001240   0x08001240   0x00000006   Code   RO          231    .text.HAL_ADC_GetValue  stm32f1xx_hal_adc.o
    0x08001246   0x08001246   0x00000002   PAD
    0x08001248   0x08001248   0x000000ee   Code   RO          233    .text.HAL_ADC_IRQHandler  stm32f1xx_hal_adc.o
    0x08001336   0x08001336   0x00000002   PAD
    0x08001338   0x08001338   0x0000015c   Code   RO          197    .text.HAL_ADC_Init  stm32f1xx_hal_adc.o
    0x08001494   0x08001494   0x00000002   Code   RO          237    .text.HAL_ADC_LevelOutOfWindowCallback  stm32f1xx_hal_adc.o
    0x08001496   0x08001496   0x00000002   PAD
    0x08001498   0x08001498   0x00000072   Code   RO          153    .text.HAL_ADC_MspInit  stm32f1xx_hal_msp.o
    0x0800150a   0x0800150a   0x00000002   PAD
    0x0800150c   0x0800150c   0x000000cc   Code   RO          207    .text.HAL_ADC_Start  stm32f1xx_hal_adc.o
    0x080015d8   0x080015d8   0x0000002e   Code   RO          660    .text.HAL_CAN_ActivateNotification  stm32f1xx_hal_can.o
    0x08001606   0x08001606   0x00000002   PAD
    0x08001608   0x08001608   0x000000a4   Code   RO          646    .text.HAL_CAN_AddTxMessage  stm32f1xx_hal_can.o
    0x080016ac   0x080016ac   0x000000ea   Code   RO          636    .text.HAL_CAN_ConfigFilter  stm32f1xx_hal_can.o
    0x08001796   0x08001796   0x00000002   PAD
    0x08001798   0x08001798   0x00000002   Code   RO          690    .text.HAL_CAN_ErrorCallback  stm32f1xx_hal_can.o
    0x0800179a   0x0800179a   0x00000002   PAD
    0x0800179c   0x0800179c   0x00000134   Code   RO          656    .text.HAL_CAN_GetRxMessage  stm32f1xx_hal_can.o
    0x080018d0   0x080018d0   0x0000025e   Code   RO          664    .text.HAL_CAN_IRQHandler  stm32f1xx_hal_can.o
    0x08001b2e   0x08001b2e   0x00000002   PAD
    0x08001b30   0x08001b30   0x000000f4   Code   RO          626    .text.HAL_CAN_Init  stm32f1xx_hal_can.o
    0x08001c24   0x08001c24   0x0000009a   Code   RO          157    .text.HAL_CAN_MspInit  stm32f1xx_hal_msp.o
    0x08001cbe   0x08001cbe   0x00000002   PAD
    0x08001cc0   0x08001cc0   0x00000002   Code   RO          678    .text.HAL_CAN_RxFifo0FullCallback  stm32f1xx_hal_can.o
    0x08001cc2   0x08001cc2   0x00000002   PAD
    0x08001cc4   0x08001cc4   0x00000052   Code   RO           79    .text.HAL_CAN_RxFifo0MsgPendingCallback  main.o
    0x08001d16   0x08001d16   0x00000002   PAD
    0x08001d18   0x08001d18   0x00000002   Code   RO          682    .text.HAL_CAN_RxFifo1FullCallback  stm32f1xx_hal_can.o
    0x08001d1a   0x08001d1a   0x00000002   PAD
    0x08001d1c   0x08001d1c   0x00000002   Code   RO          684    .text.HAL_CAN_RxFifo1MsgPendingCallback  stm32f1xx_hal_can.o
    0x08001d1e   0x08001d1e   0x00000002   PAD
    0x08001d20   0x08001d20   0x00000002   Code   RO          686    .text.HAL_CAN_SleepCallback  stm32f1xx_hal_can.o
    0x08001d22   0x08001d22   0x00000002   PAD
    0x08001d24   0x08001d24   0x0000005a   Code   RO          638    .text.HAL_CAN_Start  stm32f1xx_hal_can.o
    0x08001d7e   0x08001d7e   0x00000002   PAD
    0x08001d80   0x08001d80   0x00000002   Code   RO          668    .text.HAL_CAN_TxMailbox0AbortCallback  stm32f1xx_hal_can.o
    0x08001d82   0x08001d82   0x00000002   PAD
    0x08001d84   0x08001d84   0x00000002   Code   RO          666    .text.HAL_CAN_TxMailbox0CompleteCallback  stm32f1xx_hal_can.o
    0x08001d86   0x08001d86   0x00000002   PAD
    0x08001d88   0x08001d88   0x00000002   Code   RO          672    .text.HAL_CAN_TxMailbox1AbortCallback  stm32f1xx_hal_can.o
    0x08001d8a   0x08001d8a   0x00000002   PAD
    0x08001d8c   0x08001d8c   0x00000002   Code   RO          670    .text.HAL_CAN_TxMailbox1CompleteCallback  stm32f1xx_hal_can.o
    0x08001d8e   0x08001d8e   0x00000002   PAD
    0x08001d90   0x08001d90   0x00000002   Code   RO          676    .text.HAL_CAN_TxMailbox2AbortCallback  stm32f1xx_hal_can.o
    0x08001d92   0x08001d92   0x00000002   PAD
    0x08001d94   0x08001d94   0x00000002   Code   RO          674    .text.HAL_CAN_TxMailbox2CompleteCallback  stm32f1xx_hal_can.o
    0x08001d96   0x08001d96   0x00000002   PAD
    0x08001d98   0x08001d98   0x00000002   Code   RO          688    .text.HAL_CAN_WakeUpFromRxMsgCallback  stm32f1xx_hal_can.o
    0x08001d9a   0x08001d9a   0x00000002   PAD
    0x08001d9c   0x08001d9c   0x00000028   Code   RO          313    .text.HAL_Delay     stm32f1xx_hal.o
    0x08001dc4   0x08001dc4   0x00000032   Code   RO           77    .text.HAL_GPIO_EXTI_Callback  main.o
    0x08001df6   0x08001df6   0x00000002   PAD
    0x08001df8   0x08001df8   0x00000016   Code   RO          417    .text.HAL_GPIO_EXTI_IRQHandler  stm32f1xx_hal_gpio.o
    0x08001e0e   0x08001e0e   0x00000002   PAD
    0x08001e10   0x08001e10   0x00000212   Code   RO          405    .text.HAL_GPIO_Init  stm32f1xx_hal_gpio.o
    0x08002022   0x08002022   0x00000002   PAD
    0x08002024   0x08002024   0x0000000a   Code   RO          409    .text.HAL_GPIO_ReadPin  stm32f1xx_hal_gpio.o
    0x0800202e   0x0800202e   0x00000002   PAD
    0x08002030   0x08002030   0x00000010   Code   RO          413    .text.HAL_GPIO_TogglePin  stm32f1xx_hal_gpio.o
    0x08002040   0x08002040   0x0000000a   Code   RO          411    .text.HAL_GPIO_WritePin  stm32f1xx_hal_gpio.o
    0x0800204a   0x0800204a   0x00000002   PAD
    0x0800204c   0x0800204c   0x0000000c   Code   RO          305    .text.HAL_GetTick   stm32f1xx_hal.o
    0x08002058   0x08002058   0x00000176   Code   RO          706    .text.HAL_I2C_Init  stm32f1xx_hal_i2c.o
    0x080021ce   0x080021ce   0x00000002   PAD
    0x080021d0   0x080021d0   0x000001d4   Code   RO          714    .text.HAL_I2C_Master_Transmit  stm32f1xx_hal_i2c.o
    0x080023a4   0x080023a4   0x00000062   Code   RO          161    .text.HAL_I2C_MspInit  stm32f1xx_hal_msp.o
    0x08002406   0x08002406   0x00000002   PAD
    0x08002408   0x08002408   0x0000001a   Code   RO          303    .text.HAL_IncTick   stm32f1xx_hal.o
    0x08002422   0x08002422   0x00000002   PAD
    0x08002424   0x08002424   0x00000026   Code   RO          293    .text.HAL_Init      stm32f1xx_hal.o
    0x0800244a   0x0800244a   0x00000002   PAD
    0x0800244c   0x0800244c   0x00000048   Code   RO          295    .text.HAL_InitTick  stm32f1xx_hal.o
    0x08002494   0x08002494   0x00000042   Code   RO          151    .text.HAL_MspInit   stm32f1xx_hal_msp.o
    0x080024d6   0x080024d6   0x00000002   PAD
    0x080024d8   0x080024d8   0x00000020   Code   RO          465    .text.HAL_NVIC_EnableIRQ  stm32f1xx_hal_cortex.o
    0x080024f8   0x080024f8   0x00000056   Code   RO          463    .text.HAL_NVIC_SetPriority  stm32f1xx_hal_cortex.o
    0x0800254e   0x0800254e   0x00000002   PAD
    0x08002550   0x08002550   0x00000020   Code   RO          461    .text.HAL_NVIC_SetPriorityGrouping  stm32f1xx_hal_cortex.o
    0x08002570   0x08002570   0x0000010a   Code   RO          391    .text.HAL_RCCEx_PeriphCLKConfig  stm32f1xx_hal_rcc_ex.o
    0x0800267a   0x0800267a   0x00000002   PAD
    0x0800267c   0x0800267c   0x000001be   Code   RO          357    .text.HAL_RCC_ClockConfig  stm32f1xx_hal_rcc.o
    0x0800283a   0x0800283a   0x00000002   PAD
    0x0800283c   0x0800283c   0x00000026   Code   RO          369    .text.HAL_RCC_GetPCLK1Freq  stm32f1xx_hal_rcc.o
    0x08002862   0x08002862   0x00000002   PAD
    0x08002864   0x08002864   0x000003b4   Code   RO          355    .text.HAL_RCC_OscConfig  stm32f1xx_hal_rcc.o
    0x08002c18   0x08002c18   0x0000002c   Code   RO          473    .text.HAL_SYSTICK_Config  stm32f1xx_hal_cortex.o
    0x08002c44   0x08002c44   0x00000002   Code   RO         1149    .text.HAL_TIMEx_BreakCallback  stm32f1xx_hal_tim_ex.o
    0x08002c46   0x08002c46   0x00000002   PAD
    0x08002c48   0x08002c48   0x00000002   Code   RO         1145    .text.HAL_TIMEx_CommutCallback  stm32f1xx_hal_tim_ex.o
    0x08002c4a   0x08002c4a   0x00000002   PAD
    0x08002c4c   0x08002c4c   0x0000007a   Code   RO         1139    .text.HAL_TIMEx_MasterConfigSynchronization  stm32f1xx_hal_tim_ex.o
    0x08002cc6   0x08002cc6   0x00000002   PAD
    0x08002cc8   0x08002cc8   0x000000ec   Code   RO          844    .text.HAL_TIM_Base_Init  stm32f1xx_hal_tim.o
    0x08002db4   0x08002db4   0x0000007c   Code   RO          165    .text.HAL_TIM_Base_MspInit  stm32f1xx_hal_msp.o
    0x08002e30   0x08002e30   0x0000006e   Code   RO          858    .text.HAL_TIM_Base_Start_IT  stm32f1xx_hal_tim.o
    0x08002e9e   0x08002e9e   0x00000002   PAD
    0x08002ea0   0x08002ea0   0x0000019c   Code   RO         1024    .text.HAL_TIM_ConfigClockSource  stm32f1xx_hal_tim.o
    0x0800303c   0x0800303c   0x0000014c   Code   RO          958    .text.HAL_TIM_Encoder_Init  stm32f1xx_hal_tim.o
    0x08003188   0x08003188   0x000000b0   Code   RO          167    .text.HAL_TIM_Encoder_MspInit  stm32f1xx_hal_msp.o
    0x08003238   0x08003238   0x000000bc   Code   RO          966    .text.HAL_TIM_Encoder_Start  stm32f1xx_hal_tim.o
    0x080032f4   0x080032f4   0x00000002   Code   RO          980    .text.HAL_TIM_IC_CaptureCallback  stm32f1xx_hal_tim.o
    0x080032f6   0x080032f6   0x00000002   PAD
    0x080032f8   0x080032f8   0x00000170   Code   RO          978    .text.HAL_TIM_IRQHandler  stm32f1xx_hal_tim.o
    0x08003468   0x08003468   0x0000004e   Code   RO          169    .text.HAL_TIM_MspPostInit  stm32f1xx_hal_msp.o
    0x080034b6   0x080034b6   0x00000002   PAD
    0x080034b8   0x080034b8   0x00000002   Code   RO          982    .text.HAL_TIM_OC_DelayElapsedCallback  stm32f1xx_hal_tim.o
    0x080034ba   0x080034ba   0x00000002   PAD
    0x080034bc   0x080034bc   0x00000204   Code   RO          998    .text.HAL_TIM_PWM_ConfigChannel  stm32f1xx_hal_tim.o
    0x080036c0   0x080036c0   0x000000ec   Code   RO          898    .text.HAL_TIM_PWM_Init  stm32f1xx_hal_tim.o
    0x080037ac   0x080037ac   0x00000002   Code   RO          900    .text.HAL_TIM_PWM_MspInit  stm32f1xx_hal_tim.o
    0x080037ae   0x080037ae   0x00000002   PAD
    0x080037b0   0x080037b0   0x00000002   Code   RO          984    .text.HAL_TIM_PWM_PulseFinishedCallback  stm32f1xx_hal_tim.o
    0x080037b2   0x080037b2   0x00000002   PAD
    0x080037b4   0x080037b4   0x000000de   Code   RO          906    .text.HAL_TIM_PWM_Start  stm32f1xx_hal_tim.o
    0x08003892   0x08003892   0x00000002   PAD
    0x08003894   0x08003894   0x00000110   Code   RO           69    .text.HAL_TIM_PeriodElapsedCallback  main.o
    0x080039a4   0x080039a4   0x00000002   Code   RO          988    .text.HAL_TIM_TriggerCallback  stm32f1xx_hal_tim.o
    0x080039a6   0x080039a6   0x00000002   PAD
    0x080039a8   0x080039a8   0x00000002   Code   RO          112    .text.HardFault_Handler  stm32f1xx_it.o
    0x080039aa   0x080039aa   0x00000002   PAD
    0x080039ac   0x080039ac   0x000000be   Code   RO          720    .text.I2C_WaitOnBTFFlagUntilTimeout  stm32f1xx_hal_i2c.o
    0x08003a6a   0x08003a6a   0x00000002   PAD
    0x08003a6c   0x08003a6c   0x000001d2   Code   RO          716    .text.I2C_WaitOnFlagUntilTimeout  stm32f1xx_hal_i2c.o
    0x08003c3e   0x08003c3e   0x00000002   PAD
    0x08003c40   0x08003c40   0x000000e0   Code   RO          834    .text.I2C_WaitOnMasterAddressFlagUntilTimeout  stm32f1xx_hal_i2c.o
    0x08003d20   0x08003d20   0x000000be   Code   RO          718    .text.I2C_WaitOnTXEFlagUntilTimeout  stm32f1xx_hal_i2c.o
    0x08003dde   0x08003dde   0x00000002   PAD
    0x08003de0   0x08003de0   0x00000002   Code   RO          114    .text.MemManage_Handler  stm32f1xx_it.o
    0x08003de2   0x08003de2   0x00000002   PAD
    0x08003de4   0x08003de4   0x00000002   Code   RO          110    .text.NMI_Handler   stm32f1xx_it.o
    0x08003de6   0x08003de6   0x00000002   PAD
    0x08003de8   0x08003de8   0x00000002   Code   RO          124    .text.PendSV_Handler  stm32f1xx_it.o
    0x08003dea   0x08003dea   0x00000002   PAD
    0x08003dec   0x08003dec   0x00000002   Code   RO          120    .text.SVC_Handler   stm32f1xx_it.o
    0x08003dee   0x08003dee   0x00000002   PAD
    0x08003df0   0x08003df0   0x00000004   Code   RO          126    .text.SysTick_Handler  stm32f1xx_it.o
    0x08003df4   0x08003df4   0x00000002   Code   RO         1163    .text.SystemInit    system_stm32f1xx.o
    0x08003df6   0x08003df6   0x00000002   PAD
    0x08003df8   0x08003df8   0x0000000c   Code   RO          138    .text.TIM1_UP_IRQHandler  stm32f1xx_it.o
    0x08003e04   0x08003e04   0x0000000c   Code   RO          140    .text.TIM2_IRQHandler  stm32f1xx_it.o
    0x08003e10   0x08003e10   0x0000000c   Code   RO          142    .text.TIM3_IRQHandler  stm32f1xx_it.o
    0x08003e1c   0x08003e1c   0x0000000c   Code   RO          134    .text.USB_LP_CAN1_RX0_IRQHandler  stm32f1xx_it.o
    0x08003e28   0x08003e28   0x00000002   Code   RO          118    .text.UsageFault_Handler  stm32f1xx_it.o
    0x08003e2a   0x08003e2a   0x00000002   PAD
    0x08003e2c   0x08003e2c   0x000000cc   Code   RO           39    .text.convert8byteToUint32_t  convert_lib.o
    0x08003ef8   0x08003ef8   0x000000b6   Code   RO           47    .text.convertFloatTo8Byte  convert_lib.o
    0x08003fae   0x08003fae   0x00000002   PAD
    0x08003fb0   0x08003fb0   0x000000c8   Code   RO           73    .text.dc_motor_control  main.o
    0x08004078   0x08004078   0x00000760   Code   RO           63    .text.main          main.o
    0x080047d8   0x080047d8   0x000000c8   Code   RO           75    .text.pid_controller  main.o
    0x080048a0   0x080048a0   0x0000003e   Code   RO         1324    CL$$btod_d2e        c_w.l(btod.o)
    0x080048de   0x080048de   0x00000046   Code   RO         1326    CL$$btod_d2e_denorm_low  c_w.l(btod.o)
    0x08004924   0x08004924   0x00000060   Code   RO         1325    CL$$btod_d2e_norm_op1  c_w.l(btod.o)
    0x08004984   0x08004984   0x00000338   Code   RO         1334    CL$$btod_div_common  c_w.l(btod.o)
    0x08004cbc   0x08004cbc   0x000000dc   Code   RO         1331    CL$$btod_e2e        c_w.l(btod.o)
    0x08004d98   0x08004d98   0x0000002a   Code   RO         1328    CL$$btod_ediv       c_w.l(btod.o)
    0x08004dc2   0x08004dc2   0x0000002a   Code   RO         1327    CL$$btod_emul       c_w.l(btod.o)
    0x08004dec   0x08004dec   0x00000244   Code   RO         1333    CL$$btod_mult_common  c_w.l(btod.o)
    0x08005030   0x08005030   0x00000028   Code   RO         1355    i.__ARM_fpclassify  m_ws.l(fpclassify.o)
    0x08005058   0x08005058   0x0000000e   Code   RO         1197    i._is_digit         c_w.l(__printf_wp.o)
    0x08005066   0x08005066   0x00000002   PAD
    0x08005068   0x08005068   0x0000002c   Code   RO         1349    locale$$code        c_w.l(lc_numeric_c.o)
    0x08005094   0x08005094   0x00000062   Code   RO         1216    x$fpl$d2f           fz_ws.l(d2f.o)
    0x080050f6   0x080050f6   0x00000002   PAD
    0x080050f8   0x080050f8   0x00000150   Code   RO         1218    x$fpl$dadd          fz_ws.l(daddsub_clz.o)
    0x08005248   0x08005248   0x000002b4   Code   RO         1225    x$fpl$ddiv          fz_ws.l(ddiv.o)
    0x080054fc   0x080054fc   0x0000005e   Code   RO         1228    x$fpl$dfix          fz_ws.l(dfix.o)
    0x0800555a   0x0800555a   0x0000002e   Code   RO         1233    x$fpl$dflt          fz_ws.l(dflt_clz.o)
    0x08005588   0x08005588   0x00000026   Code   RO         1232    x$fpl$dfltu         fz_ws.l(dflt_clz.o)
    0x080055ae   0x080055ae   0x00000002   PAD
    0x080055b0   0x080055b0   0x00000154   Code   RO         1238    x$fpl$dmul          fz_ws.l(dmul.o)
    0x08005704   0x08005704   0x0000009c   Code   RO         1280    x$fpl$dnaninf       fz_ws.l(dnaninf.o)
    0x080057a0   0x080057a0   0x0000000c   Code   RO         1282    x$fpl$dretinf       fz_ws.l(dretinf.o)
    0x080057ac   0x080057ac   0x000001dc   Code   RO         1220    x$fpl$dsub          fz_ws.l(daddsub_clz.o)
    0x08005988   0x08005988   0x00000056   Code   RO         1240    x$fpl$f2d           fz_ws.l(f2d.o)
    0x080059de   0x080059de   0x00000002   PAD
    0x080059e0   0x080059e0   0x000000c4   Code   RO         1242    x$fpl$fadd          fz_ws.l(faddsub_clz.o)
    0x08005aa4   0x08005aa4   0x00000054   Code   RO         1248    x$fpl$fcmp          fz_ws.l(fcmp.o)
    0x08005af8   0x08005af8   0x00000018   Code   RO         1351    x$fpl$fcmpinf       fz_ws.l(fcmpi.o)
    0x08005b10   0x08005b10   0x00000184   Code   RO         1251    x$fpl$fdiv          fz_ws.l(fdiv.o)
    0x08005c94   0x08005c94   0x00000068   Code   RO         1284    x$fpl$feqf          fz_ws.l(feqf.o)
    0x08005cfc   0x08005cfc   0x00000036   Code   RO         1254    x$fpl$ffix          fz_ws.l(ffix.o)
    0x08005d32   0x08005d32   0x00000002   PAD
    0x08005d34   0x08005d34   0x00000030   Code   RO         1259    x$fpl$fflt          fz_ws.l(fflt_clz.o)
    0x08005d64   0x08005d64   0x00000026   Code   RO         1258    x$fpl$ffltu         fz_ws.l(fflt_clz.o)
    0x08005d8a   0x08005d8a   0x00000002   PAD
    0x08005d8c   0x08005d8c   0x00000068   Code   RO         1286    x$fpl$fgeqf         fz_ws.l(fgeqf.o)
    0x08005df4   0x08005df4   0x00000068   Code   RO         1288    x$fpl$fleqf         fz_ws.l(fleqf.o)
    0x08005e5c   0x08005e5c   0x00000102   Code   RO         1264    x$fpl$fmul          fz_ws.l(fmul.o)
    0x08005f5e   0x08005f5e   0x0000008c   Code   RO         1290    x$fpl$fnaninf       fz_ws.l(fnaninf.o)
    0x08005fea   0x08005fea   0x0000000a   Code   RO         1292    x$fpl$fretinf       fz_ws.l(fretinf.o)
    0x08005ff4   0x08005ff4   0x000000ea   Code   RO         1244    x$fpl$fsub          fz_ws.l(faddsub_clz.o)
    0x080060de   0x080060de   0x00000004   Code   RO         1266    x$fpl$printf1       fz_ws.l(printf1.o)
    0x080060e2   0x080060e2   0x00000000   Code   RO         1294    x$fpl$usenofp       fz_ws.l(usenofp.o)
    0x080060e2   0x080060e2   0x00000002   PAD
    0x080060e4   0x080060e4   0x00000094   Data   RO         1322    .constdata          c_w.l(bigflt0.o)
    0x08006178   0x08006178   0x00000010   Data   RO         1168    .rodata.AHBPrescTable  system_stm32f1xx.o
    0x08006188   0x08006188   0x00000008   Data   RO         1169    .rodata.APBPrescTable  system_stm32f1xx.o
    0x08006190   0x08006190   0x00000002   Data   RO          382    .rodata.HAL_RCC_GetSysClockFreq.aPredivFactorTable  stm32f1xx_hal_rcc.o
    0x08006192   0x08006192   0x00000010   Data   RO          381    .rodata.cst16       stm32f1xx_hal_rcc.o
    0x080061a2   0x080061a2   0x0000001e   Data   RO           92    .rodata.str1.1      main.o
    0x080061c0   0x080061c0   0x00000020   Data   RO         1509    Region$$Table       anon$$obj.o
    0x080061e0   0x080061e0   0x0000001c   Data   RO         1348    locale$$data        c_w.l(lc_numeric_c.o)


    Execution Region RW_IRAM1 (Exec base: 0x20000000, Load base: 0x08006200, Size: 0x000008b0, Max: 0x00005000, ABSOLUTE)

    Exec Addr    Load Addr    Size         Type   Attr      Idx    E Section Name        Object

    0x20000000   0x08006200   0x00000014   Data   RW           98    .data..L_MergedGlobals  main.o
    0x20000014   0x08006214   0x00000008   Data   RW          344    .data..L_MergedGlobals  stm32f1xx_hal.o
    0x2000001c   0x0800621c   0x00000004   Data   RW         1167    .data.SystemCoreClock  system_stm32f1xx.o
    0x20000020        -       0x00000060   Zero   RW         1358    .bss                c_w.l(libspace.o)
    0x20000080        -       0x00000074   Zero   RW           99    .bss..L_MergedGlobals.6  main.o
    0x200000f4        -       0x0000005c   Zero   RW          100    .bss..L_MergedGlobals.7  main.o
    0x20000150        -       0x00000078   Zero   RW          101    .bss..L_MergedGlobals.8  main.o
    0x200001c8        -       0x00000054   Zero   RW           89    .bss.hi2c1          main.o
    0x2000021c        -       0x00000048   Zero   RW           91    .bss.htim1          main.o
    0x20000264        -       0x00000048   Zero   RW           90    .bss.htim2          main.o
    0x200002ac        -       0x00000004   Zero   RW          343    .bss.uwTick         stm32f1xx_hal.o
    0x200002b0        -       0x00000200   Zero   RW            2    HEAP                startup_stm32f103xb.o
    0x200004b0        -       0x00000400   Zero   RW            1    STACK               startup_stm32f103xb.o


==============================================================================

Image component sizes


      Code (inc. data)   RO Data    RW Data    ZI Data      Debug   Object Name

      1060          4          0          0          0      12625   clcd_i2c.o
       386          0          0          0          0       6717   convert_lib.o
      2692         68         30         20        556      17361   main.o
        64         26        236          0       1536        788   startup_stm32f103xb.o
       188          0          0          8          4       5735   stm32f1xx_hal.o
      1386          0          0          0          0      13148   stm32f1xx_hal_adc.o
         2          0          0          0          0       9455   stm32f1xx_hal_adc_ex.o
      1716          6          0          0          0      13674   stm32f1xx_hal_can.o
       194          0          0          0          0       8461   stm32f1xx_hal_cortex.o
       588         22          0          0          0       4602   stm32f1xx_hal_gpio.o
      1912          0          0          0          0      42471   stm32f1xx_hal_i2c.o
       810          0          0          0          0      12112   stm32f1xx_hal_msp.o
      1432          0         18          0          0       7644   stm32f1xx_hal_rcc.o
       266          0          0          0          0       3566   stm32f1xx_hal_rcc_ex.o
      2630          6          0          0          0      55128   stm32f1xx_hal_tim.o
       126          0          0          0          0      20719   stm32f1xx_hal_tim_ex.o
       104          0          0          0          0       7484   stm32f1xx_it.o
         2          0         24          4          0       1615   system_stm32f1xx.o

    ----------------------------------------------------------------------
     15692        132        340         32       2096     243305   Object Totals
         0          0         32          0          0          0   (incl. Generated)
       134          0          0          0          0          0   (incl. Padding)

    ----------------------------------------------------------------------

      Code (inc. data)   RO Data    RW Data    ZI Data      Debug   Library Member Name

         8          0          0          0          0         68   __main.o
       284          0          0          0          0        156   __printf_wp.o
         0          0          0          0          0          0   __rtentry.o
        12          0          0          0          0          0   __rtentry2.o
         6          0          0          0          0          0   __rtentry4.o
        52          8          0          0          0          0   __scatter.o
        26          0          0          0          0          0   __scatter_copy.o
        28          0          0          0          0          0   __scatter_zi.o
        48          6          0          0          0         96   _printf_char_common.o
         6          0          0          0          0          0   _printf_d.o
       120         16          0          0          0         92   _printf_dec.o
         6          0          0          0          0          0   _printf_f.o
      1052          0          0          0          0        148   _printf_fp_dec.o
       128         16          0          0          0         84   _printf_fp_infnan.o
       178          0          0          0          0         88   _printf_intcommon.o
         0          0          0          0          0          0   _printf_percent.o
         4          0          0          0          0          0   _printf_percent_end.o
        10          0          0          0          0         68   _sputc.o
       228          4        148          0          0         96   bigflt0.o
      1936        128          0          0          0        668   btod.o
        18          0          0          0          0         80   exit.o
         6          0          0          0          0        152   heapauxi.o
         0          0          0          0          0          0   indicate_semi.o
        44         10         28          0          0         76   lc_numeric_c.o
         2          0          0          0          0          0   libinit.o
        18          0          0          0          0          0   libinit2.o
         2          0          0          0          0          0   libshutdown.o
         2          0          0          0          0          0   libshutdown2.o
         8          4          0          0         96         68   libspace.o
       138          0          0          0          0         80   lludiv10.o
        40          6          0          0          0         84   noretval__2sprintf.o
         8          4          0          0          0         68   rt_locale_intlibspace.o
         2          0          0          0          0          0   rtexit.o
        10          0          0          0          0          0   rtexit2.o
       128          0          0          0          0         68   strcmpv7m.o
        12          4          0          0          0         68   sys_exit.o
        74          0          0          0          0         80   sys_stackheap_outer.o
         2          0          0          0          0         68   use_no_semi.o
        98          4          0          0          0         92   d2f.o
       812         16          0          0          0        296   daddsub_clz.o
       692        140          0          0          0        216   ddiv.o
        94          4          0          0          0         92   dfix.o
        84          0          0          0          0        136   dflt_clz.o
       340         12          0          0          0        104   dmul.o
       156          4          0          0          0         92   dnaninf.o
        12          0          0          0          0         68   dretinf.o
        86          4          0          0          0         84   f2d.o
       430          8          0          0          0        168   faddsub_clz.o
        84          0          0          0          0        196   fcmp.o
        24          0          0          0          0         68   fcmpi.o
       388         76          0          0          0         96   fdiv.o
       104          4          0          0          0         84   feqf.o
        54          4          0          0          0         84   ffix.o
        86          0          0          0          0        136   fflt_clz.o
       104          4          0          0          0         84   fgeqf.o
       104          4          0          0          0         84   fleqf.o
       258          4          0          0          0         84   fmul.o
       140          4          0          0          0         84   fnaninf.o
        10          0          0          0          0         68   fretinf.o
         4          0          0          0          0         68   printf1.o
         0          0          0          0          0          0   usenofp.o
        40          0          0          0          0         68   fpclassify.o

    ----------------------------------------------------------------------
      8876        498        176          0         96       5008   Library Totals
        26          0          0          0          0          0   (incl. Padding)

    ----------------------------------------------------------------------

      Code (inc. data)   RO Data    RW Data    ZI Data      Debug   Library Name

      4646        206        176          0         96       2456   c_w.l
      4164        292          0          0          0       2484   fz_ws.l
        40          0          0          0          0         68   m_ws.l

    ----------------------------------------------------------------------
      8876        498        176          0         96       5008   Library Totals

    ----------------------------------------------------------------------

==============================================================================


      Code (inc. data)   RO Data    RW Data    ZI Data      Debug   

     24568        630        516         32       2192     245337   Grand Totals
     24568        630        516         32       2192     245337   ELF Image Totals
     24568        630        516         32          0          0   ROM Totals

==============================================================================

    Total RO  Size (Code + RO Data)                25084 (  24.50kB)
    Total RW  Size (RW Data + ZI Data)              2224 (   2.17kB)
    Total ROM Size (Code + RO Data + RW Data)      25116 (  24.53kB)

==============================================================================

